******************************************************************************
                  MSP430 Linker PC v4.4.1                      
******************************************************************************
>> Linked Mon Jul 20 13:38:06 2015

OUTPUT FILE NAME:   <SP_STM_diag.out>
ENTRY POINT SYMBOL: "_c_int00_noargs_noexit"  address: 0000d936


MEMORY CONFIGURATION

         name            origin    length      used     unused   attr    fill
----------------------  --------  ---------  --------  --------  ----  --------
  SFR                   00000000   00000010  00000000  00000010  RWIX
  PERIPHERALS_8BIT      00000010   000000f0  00000000  000000f0  RWIX
  PERIPHERALS_16BIT     00000100   00000100  00000000  00000100  RWIX
  RAM                   00000200   00000800  00000100  00000700  RWIX
  INFOD                 00001000   00000040  00000000  00000040  RWIX
  INFOC                 00001040   00000040  00000000  00000040  RWIX
  INFOB                 00001080   00000040  00000000  00000040  RWIX
  INFOA                 000010c0   00000040  00000000  00000040  RWIX
  FLASH                 0000c000   00003fde  00001b0a  000024d4  RWIX
  INT00                 0000ffe0   00000002  00000000  00000002  RWIX
  INT01                 0000ffe2   00000002  00000000  00000002  RWIX
  INT02                 0000ffe4   00000002  00000002  00000000  RWIX
  INT03                 0000ffe6   00000002  00000002  00000000  RWIX
  INT04                 0000ffe8   00000002  00000000  00000002  RWIX
  INT05                 0000ffea   00000002  00000002  00000000  RWIX
  INT06                 0000ffec   00000002  00000002  00000000  RWIX
  INT07                 0000ffee   00000002  00000002  00000000  RWIX
  INT08                 0000fff0   00000002  00000002  00000000  RWIX
  INT09                 0000fff2   00000002  00000002  00000000  RWIX
  INT10                 0000fff4   00000002  00000002  00000000  RWIX
  INT11                 0000fff6   00000002  00000002  00000000  RWIX
  INT12                 0000fff8   00000002  00000002  00000000  RWIX
  INT13                 0000fffa   00000002  00000002  00000000  RWIX
  INT14                 0000fffc   00000002  00000002  00000000  RWIX
  RESET                 0000fffe   00000002  00000002  00000000  RWIX


SECTION ALLOCATION MAP

 output                                  attributes/
section   page    origin      length       input sections
--------  ----  ----------  ----------   ----------------
.bss       0    00000200    000000b0     UNINITIALIZED
                  00000200    00000049     comm.obj (.bss)
                  00000249    00000001     --HOLE--
                  0000024a    00000038     main.obj (.bss)
                  00000282    00000025     STM.obj (.bss)
                  000002a7    00000001     --HOLE--
                  000002a8    00000008     core.obj (.bss)

.data      0    00000200    00000000     UNINITIALIZED

.stack     0    000009b0    00000050     UNINITIALIZED
                  000009b0    00000002     rts430.lib : boot.obj (.stack)
                  000009b2    0000004e     --HOLE--

.text      0    0000c000    00001a3c     
                  0000c000    00000390     core.obj (.text:vCORE_Run)
                  0000c390    0000028c     STM.obj (.text:cSTM_ReadValue)
                  0000c61c    00000168     STM.obj (.text:cSTM_RequestSensorType)
                  0000c784    00000112     STM.obj (.text:cSTM_Measure)
                  0000c896    000000f8     comm.obj (.text:ucCOMM_ReceiveByte)
                  0000c98e    000000f2     main.obj (.text:uiMain_STM3)
                  0000ca80    000000f0     main.obj (.text:uiMain_STM1)
                  0000cb70    000000f0     main.obj (.text:uiMain_STM2)
                  0000cc60    000000f0     main.obj (.text:uiMain_STM4)
                  0000cd50    000000e6     comm.obj (.text:vCOMM_Init)
                  0000ce36    000000ca     main.obj (.text:vMain_FetchLabel)
                  0000cf00    000000c0     STM.obj (.text:TIMERB1_ISR)
                  0000cfc0    000000a0     core.obj (.text:vCORE_Initilize)
                  0000d060    00000096     comm.obj (.text:vCOMM_SendByte)
                  0000d0f6    00000084     STM.obj (.text:PORT1_ISR)
                  0000d17a    00000084     main.obj (.text:ucMain_FetchData)
                  0000d1fe    00000074     crc.obj (.text:ucCRC16_compute_msg_CRC)
                  0000d272    00000072     core.obj (.text:unCORE_GetVoltage)
                  0000d2e4    00000070     flash.obj (.text:vFlash_GetBSLPW)
                  0000d354    0000005c     STM.obj (.text:cSTM_Test_Checksum)
                  0000d3b0    00000056     comm.obj (.text:ucCOMM_GrabMessageFromBuffer)
                  0000d406    00000054     main.obj (.text:vMain_CleanDataStruct)
                  0000d45a    00000052     flash.obj (.text:ucFlash_SetHID)
                  0000d4ac    0000004c     rts430.lib : lsr16.obj (.text)
                  0000d4f8    00000048                : autoinit.obj (.text:_auto_init)
                  0000d540    00000042     comm.obj (.text:ucCOMM_WaitForMessage)
                  0000d582    00000040     flash.obj (.text:vFlash_Write_Segment)
                  0000d5c2    0000003e     rts430.lib : asr32.obj (.text:l_asr_const)
                  0000d600    0000003e     crc.obj (.text:vCRC16_updateNibble)
                  0000d63e    0000003a     main.obj (.text:uiMainDispatch)
                  0000d678    00000036     STM.obj (.text:vSTM_Initialize)
                  0000d6ae    00000034     flash.obj (.text:ucFlash_Write_Byte)
                  0000d6e2    00000034     flash.obj (.text:vFlash_Read_Segment)
                  0000d716    00000032     STM.obj (.text:cSTM_ReturnSensorType)
                  0000d748    0000002e     rts430.lib : mult32_hw.obj (.text)
                  0000d776    0000002e     flash.obj (.text:vFlash_DisIncorrect_BSLPW_Erase)
                  0000d7a4    0000002c     comm.obj (.text:PORT2_ISR)
                  0000d7d0    0000002c     rts430.lib : asr16.obj (.text)
                  0000d7fc    0000002c                : div16s.obj (.text)
                  0000d828    0000002c                : lsl16.obj (.text)
                  0000d854    0000002a     comm.obj (.text:vCOMM_SendMessage)
                  0000d87e    00000028     flash.obj (.text:uiFlash_Read_Int)
                  0000d8a6    00000026     core.obj (.text:vCORE_Send_ConfirmPKT)
                  0000d8cc    00000026     core.obj (.text:vCORE_Send_ErrorMsg)
                  0000d8f2    00000026     flash.obj (.text:vFlash_GetHID)
                  0000d918    0000001e     flash.obj (.text:vFlash_Erase_Seg)
                  0000d936    0000001a     rts430.lib : boot_special.obj (.text:_c_int00_noargs_noexit)
                  0000d950    0000001a     crc.obj (.text:vCRC16_updateByte)
                  0000d96a    00000018     main.obj (.text:uiMain_Test)
                  0000d982    00000018     flash.obj (.text:vFlash_init)
                  0000d99a    00000016     rts430.lib : div16u.obj (.text)
                  0000d9b0    00000014                : mult16_hw.obj (.text)
                  0000d9c4    00000012                : memcpy.obj (.text:memcpy)
                  0000d9d6    00000010                : lsl32.obj (.text:l_lsl)
                  0000d9e6    00000010                : epilog.obj (.text)
                  0000d9f6    0000000e     comm.obj (.text:TIMERA0_ISR)
                  0000da04    0000000e     main.obj (.text:main)
                  0000da12    0000000a     STM.obj (.text:lSTM_GetSoil)
                  0000da1c    00000006     rts430.lib : isr_trap.obj (.text:_isr:__TI_ISR_TRAP)
                  0000da22    00000006     STM.obj (.text:iSTM_GetTemp)
                  0000da28    00000004     rts430.lib : pre_init.obj (.text:_system_pre_init)
                  0000da2c    00000004                : exit.obj (.text:abort)
                  0000da30    00000002     irupt.obj (.text:COMPARATORA_ISR)
                  0000da32    00000002     irupt.obj (.text:NMI_ISR)
                  0000da34    00000002     irupt.obj (.text:TIMERA1_ISR)
                  0000da36    00000002     irupt.obj (.text:TIMERB0_ISR)
                  0000da38    00000002     irupt.obj (.text:USCIAB0TX_ISR)
                  0000da3a    00000002     irupt.obj (.text:WDT_ISR)

.const     0    0000da3c    0000009c     
                  0000da3c    0000006c     main.obj (.const:.string)
                  0000daa8    00000010     crc.obj (.const:.string:ucCRC16_lookupHI)
                  0000dab8    00000010     crc.obj (.const:.string:ucCRC16_lookupLO)
                  0000dac8    00000004     STM.obj (.const:.string:$P$T0$1)
                  0000dacc    00000004     STM.obj (.const:.string:$P$T1$2)
                  0000dad0    00000004     STM.obj (.const:.string:$P$T2$3)
                  0000dad4    00000004     STM.obj (.const:.string:$P$T3$4)

.cinit     0    0000dad8    00000032     
                  0000dad8    00000029     STM.obj (.cinit)
                  0000db01    00000001     --HOLE-- [fill = 0]
                  0000db02    00000005     main.obj (.cinit)
                  0000db07    00000001     --HOLE-- [fill = 0]
                  0000db08    00000002     (.pad.cinit) [fill = 0]

.pinit     0    0000c000    00000000     UNINITIALIZED

PORT1      0    0000ffe4    00000002     
                  0000ffe4    00000002     STM.obj (.int02)

PORT2      0    0000ffe6    00000002     
                  0000ffe6    00000002     comm.obj (.int03)

ADC12      0    0000ffea    00000002     
                  0000ffea    00000002     rts430.lib : int05.obj (.int05)

USCIAB0TX 
*          0    0000ffec    00000002     
                  0000ffec    00000002     irupt.obj (.int06)

USCIAB0RX 
*          0    0000ffee    00000002     
                  0000ffee    00000002     rts430.lib : int07.obj (.int07)

TIMERA1    0    0000fff0    00000002     
                  0000fff0    00000002     irupt.obj (.int08)

TIMERA0    0    0000fff2    00000002     
                  0000fff2    00000002     comm.obj (.int09)

WDT        0    0000fff4    00000002     
                  0000fff4    00000002     irupt.obj (.int10)

COMPARATORA 
*          0    0000fff6    00000002     
                  0000fff6    00000002     irupt.obj (.int11)

TIMERB1    0    0000fff8    00000002     
                  0000fff8    00000002     STM.obj (.int12)

TIMERB0    0    0000fffa    00000002     
                  0000fffa    00000002     irupt.obj (.int13)

NMI        0    0000fffc    00000002     
                  0000fffc    00000002     irupt.obj (.int14)

.reset     0    0000fffe    00000002     
                  0000fffe    00000002     rts430.lib : boot.obj (.reset)


GLOBAL SYMBOLS: SORTED ALPHABETICALLY BY Name 

address   name                           
-------   ----                           
00000200  .bss                           
00000200  .data                          
0000c000  .text                          
000001a0  ADC12CTL0                      
000001a2  ADC12CTL1                      
000001a6  ADC12IE                        
000001a4  ADC12IFG                       
000001a8  ADC12IV                        
00000080  ADC12MCTL0                     
00000081  ADC12MCTL1                     
0000008a  ADC12MCTL10                    
0000008b  ADC12MCTL11                    
0000008c  ADC12MCTL12                    
0000008d  ADC12MCTL13                    
0000008e  ADC12MCTL14                    
0000008f  ADC12MCTL15                    
00000082  ADC12MCTL2                     
00000083  ADC12MCTL3                     
00000084  ADC12MCTL4                     
00000085  ADC12MCTL5                     
00000086  ADC12MCTL6                     
00000087  ADC12MCTL7                     
00000088  ADC12MCTL8                     
00000089  ADC12MCTL9                     
00000140  ADC12MEM0                      
00000142  ADC12MEM1                      
00000154  ADC12MEM10                     
00000156  ADC12MEM11                     
00000158  ADC12MEM12                     
0000015a  ADC12MEM13                     
0000015c  ADC12MEM14                     
0000015e  ADC12MEM15                     
00000144  ADC12MEM2                      
00000146  ADC12MEM3                      
00000148  ADC12MEM4                      
0000014a  ADC12MEM5                      
0000014c  ADC12MEM6                      
0000014e  ADC12MEM7                      
00000150  ADC12MEM8                      
00000152  ADC12MEM9                      
000002a6  ADCISRindicator                
00000057  BCSCTL1                        
00000058  BCSCTL2                        
00000053  BCSCTL3                        
0000da2c  C$$EXIT                        
00000059  CACTL1                         
0000005a  CACTL2                         
000010fb  CALBC1_12MHZ                   
000010f9  CALBC1_16MHZ                   
000010ff  CALBC1_1MHZ                    
000010fd  CALBC1_8MHZ                    
000010fa  CALDCO_12MHZ                   
000010f8  CALDCO_16MHZ                   
000010fe  CALDCO_1MHZ                    
000010fc  CALDCO_8MHZ                    
0000005b  CAPD                           
0000da30  COMPARATORA_ISR                
00000056  DCOCTL                         
00000128  FCTL1                          
0000012a  FCTL2                          
0000012c  FCTL3                          
000001be  FCTL4                          
00000000  IE1                            
00000001  IE2                            
00000002  IFG1                           
00000003  IFG2                           
000002a5  ISR                            
0000d7d0  I_ASR                          
0000d7f8  I_ASR_1                        
0000d7e6  I_ASR_10                       
0000d7e4  I_ASR_11                       
0000d7e2  I_ASR_12                       
0000d7e0  I_ASR_13                       
0000d7de  I_ASR_14                       
0000d7dc  I_ASR_15                       
0000d7f6  I_ASR_2                        
0000d7f4  I_ASR_3                        
0000d7f2  I_ASR_4                        
0000d7f0  I_ASR_5                        
0000d7ee  I_ASR_6                        
0000d7ec  I_ASR_7                        
0000d7ea  I_ASR_8                        
0000d7e8  I_ASR_9                        
0000d828  I_LSL                          
0000d850  I_LSL_1                        
0000d83e  I_LSL_10                       
0000d83c  I_LSL_11                       
0000d83a  I_LSL_12                       
0000d838  I_LSL_13                       
0000d836  I_LSL_14                       
0000d834  I_LSL_15                       
0000d84e  I_LSL_2                        
0000d84c  I_LSL_3                        
0000d84a  I_LSL_4                        
0000d848  I_LSL_5                        
0000d846  I_LSL_6                        
0000d844  I_LSL_7                        
0000d842  I_LSL_8                        
0000d840  I_LSL_9                        
0000d4ac  I_LSR                          
0000d4f2  I_LSR_1                        
0000d4ce  I_LSR_10                       
0000d4ca  I_LSR_11                       
0000d4c6  I_LSR_12                       
0000d4c2  I_LSR_13                       
0000d4be  I_LSR_14                       
0000d4ba  I_LSR_15                       
0000d4ee  I_LSR_2                        
0000d4ea  I_LSR_3                        
0000d4e6  I_LSR_4                        
0000d4e2  I_LSR_5                        
0000d4de  I_LSR_6                        
0000d4da  I_LSR_7                        
0000d4d6  I_LSR_8                        
0000d4d2  I_LSR_9                        
0000d5fa  L_ASR_1                        
0000d5d6  L_ASR_10                       
0000d5d2  L_ASR_11                       
0000d5ce  L_ASR_12                       
0000d5ca  L_ASR_13                       
0000d5c6  L_ASR_14                       
0000d5c2  L_ASR_15                       
0000d5f6  L_ASR_2                        
0000d5f2  L_ASR_3                        
0000d5ee  L_ASR_4                        
0000d5ea  L_ASR_5                        
0000d5e6  L_ASR_6                        
0000d5e2  L_ASR_7                        
0000d5de  L_ASR_8                        
0000d5da  L_ASR_9                        
0000d9d6  L_LSL                          
00000134  MAC                            
00000136  MACS                           
00000130  MPY                            
00000132  MPYS                           
0000da32  NMI_ISR                        
00000138  OP2                            
00000022  P1DIR                          
00000025  P1IE                           
00000024  P1IES                          
00000023  P1IFG                          
00000020  P1IN                           
00000021  P1OUT                          
00000027  P1REN                          
00000026  P1SEL                          
0000002a  P2DIR                          
0000002d  P2IE                           
0000002c  P2IES                          
0000002b  P2IFG                          
00000028  P2IN                           
00000029  P2OUT                          
0000002f  P2REN                          
0000002e  P2SEL                          
0000001a  P3DIR                          
00000018  P3IN                           
00000019  P3OUT                          
00000010  P3REN                          
0000001b  P3SEL                          
0000001e  P4DIR                          
0000001c  P4IN                           
0000001d  P4OUT                          
00000011  P4REN                          
0000001f  P4SEL                          
00000032  P5DIR                          
00000030  P5IN                           
00000031  P5OUT                          
00000012  P5REN                          
00000033  P5SEL                          
00000036  P6DIR                          
00000034  P6IN                           
00000035  P6OUT                          
00000013  P6REN                          
00000037  P6SEL                          
0000d0f6  PORT1_ISR                      
0000d7a4  PORT2_ISR                      
0000013c  RESHI                          
0000013a  RESLO                          
0000013e  SUMEXT                         
00000055  SVSCTL                         
0000024c  S_Report                       
00000172  TACCR0                         
00000174  TACCR1                         
00000176  TACCR2                         
00000162  TACCTL0                        
00000164  TACCTL1                        
00000166  TACCTL2                        
00000160  TACTL                          
0000012e  TAIV                           
00000170  TAR                            
00000192  TBCCR0                         
00000194  TBCCR1                         
00000196  TBCCR2                         
00000182  TBCCTL0                        
00000184  TBCCTL1                        
00000186  TBCCTL2                        
00000180  TBCTL                          
0000011e  TBIV                           
00000190  TBR                            
0000d9f6  TIMERA0_ISR                    
0000da34  TIMERA1_ISR                    
0000da36  TIMERB0_ISR                    
0000cf00  TIMERB1_ISR                    
000010db  TLV_ADC12_1_LEN                
000010da  TLV_ADC12_1_TAG                
000010c0  TLV_CHECKSUM                   
000010f7  TLV_DCO_30_LEN                 
000010f6  TLV_DCO_30_TAG                 
0000005d  UCA0ABCTL                      
00000062  UCA0BR0                        
00000063  UCA0BR1                        
00000060  UCA0CTL0                       
00000061  UCA0CTL1                       
0000005f  UCA0IRRCTL                     
0000005e  UCA0IRTCTL                     
00000064  UCA0MCTL                       
00000066  UCA0RXBUF                      
00000065  UCA0STAT                       
00000067  UCA0TXBUF                      
0000006a  UCB0BR0                        
0000006b  UCB0BR1                        
00000068  UCB0CTL0                       
00000069  UCB0CTL1                       
0000006c  UCB0I2CIE                      
00000118  UCB0I2COA                      
0000011a  UCB0I2CSA                      
0000006e  UCB0RXBUF                      
0000006d  UCB0STAT                       
0000006f  UCB0TXBUF                      
0000da38  USCIAB0TX_ISR                  
00000120  WDTCTL                         
0000da3a  WDT_ISR                        
00000a00  __STACK_END                    
00000050  __STACK_SIZE                   
0000da1c  __TI_ISR_TRAP                  
0000ffe4  __TI_int02                     
0000ffe6  __TI_int03                     
0000ffea  __TI_int05                     
0000ffec  __TI_int06                     
0000ffee  __TI_int07                     
0000fff0  __TI_int08                     
0000fff2  __TI_int09                     
0000fff4  __TI_int10                     
0000fff6  __TI_int11                     
0000fff8  __TI_int12                     
0000fffa  __TI_int13                     
0000fffc  __TI_int14                     
ffffffff  __binit__                      
00000200  __bss__                        
ffffffff  __c_args__                     
0000dad8  __cinit__                      
00000200  __data__                       
0000d7fc  __divi                         
0000d99a  __divu                         
00000200  __edata__                      
000002b0  __end__                        
0000da3c  __etext__                      
0000d9b0  __mpyi_hw                      
0000d748  __mpyl_hw                      
ffffffff  __pinit__                      
0000d7fc  __remi                         
0000d99a  __remu                         
0000c000  __text__                       
0000d4f8  _auto_init                     
0000d936  _c_int00_noargs_noexit         
0000fffe  _reset_vector                  
000009b0  _stack                         
0000da28  _system_pre_init               
0000da2c  abort                          
ffffffff  binit                          
0000024a  cSTM_Initialized               
0000c784  cSTM_Measure                   
00000298  cSTM_RX_Pin                    
0000c390  cSTM_ReadValue                 
0000c61c  cSTM_RequestSensorType         
0000d716  cSTM_ReturnSensorType          
0000d354  cSTM_Test_Checksum             
0000dad8  cinit                          
00000200  edata                          
000002b0  end                            
0000da3c  etext                          
0000d9f2  func_epilog_1                  
0000d9f0  func_epilog_2                  
0000d9ee  func_epilog_3                  
0000d9ec  func_epilog_4                  
0000d9ea  func_epilog_5                  
0000d9e8  func_epilog_6                  
0000d9e6  func_epilog_7                  
00000200  g_ucCOMM_Flags                 
00000247  g_ucRXBitsLeft                 
00000246  g_ucRXBufferIndex              
00000297  g_ucSTM_RXBitsLeft             
00000296  g_ucSTM_RXBufferIndex          
00000299  g_ucSTM_RXBusy                 
00000206  g_ucaRXBuffer                  
00000282  g_ucaSTM_RXBuffer              
00000202  g_unCOMM_BaudRateControl       
00000204  g_unCOMM_BaudRateDelayControl  
0000da22  iSTM_GetTemp                   
0000da12  lSTM_GetSoil                   
0000029c  lSTM_Soil                      
0000da04  main                           
0000d9c4  memcpy                         
0000029a  nSTM_Temperature               
ffffffff  pinit                          
000002a4  timeoutcounter                 
0000d3b0  ucCOMM_GrabMessageFromBuffer   
0000c896  ucCOMM_ReceiveByte             
0000d540  ucCOMM_WaitForMessage          
0000d1fe  ucCRC16_compute_msg_CRC        
0000daa8  ucCRC16_lookupHI               
0000dab8  ucCRC16_lookupLO               
0000d45a  ucFlash_SetHID                 
0000d17a  ucMain_FetchData               
00000248  ucRXParityBit                  
000002a8  uiHID                          
0000d63e  uiMainDispatch                 
0000ca80  uiMain_STM1                    
0000cb70  uiMain_STM2                    
0000c98e  uiMain_STM3                    
0000cc60  uiMain_STM4                    
0000d96a  uiMain_Test                    
000002a0  uiSTM1_type                    
000002a1  uiSTM2_type                    
000002a2  uiSTM3_type                    
000002a3  uiSTM4_type                    
0000d272  unCORE_GetVoltage              
0000cd50  vCOMM_Init                     
0000d060  vCOMM_SendByte                 
0000d854  vCOMM_SendMessage              
0000cfc0  vCORE_Initilize                
0000c000  vCORE_Run                      
0000d8a6  vCORE_Send_ConfirmPKT          
0000d8cc  vCORE_Send_ErrorMsg            
0000d950  vCRC16_updateByte              
0000d600  vCRC16_updateNibble            
0000d776  vFlash_DisIncorrect_BSLPW_Erase
0000d918  vFlash_Erase_Seg               
0000d2e4  vFlash_GetBSLPW                
0000d8f2  vFlash_GetHID                  
0000d6e2  vFlash_Read_Segment            
0000d982  vFlash_init                    
0000d406  vMain_CleanDataStruct          
0000ce36  vMain_FetchLabel               
0000d678  vSTM_Initialize                


GLOBAL SYMBOLS: SORTED BY Symbol Address 

address   name                           
-------   ----                           
00000000  IE1                            
00000001  IE2                            
00000002  IFG1                           
00000003  IFG2                           
00000010  P3REN                          
00000011  P4REN                          
00000012  P5REN                          
00000013  P6REN                          
00000018  P3IN                           
00000019  P3OUT                          
0000001a  P3DIR                          
0000001b  P3SEL                          
0000001c  P4IN                           
0000001d  P4OUT                          
0000001e  P4DIR                          
0000001f  P4SEL                          
00000020  P1IN                           
00000021  P1OUT                          
00000022  P1DIR                          
00000023  P1IFG                          
00000024  P1IES                          
00000025  P1IE                           
00000026  P1SEL                          
00000027  P1REN                          
00000028  P2IN                           
00000029  P2OUT                          
0000002a  P2DIR                          
0000002b  P2IFG                          
0000002c  P2IES                          
0000002d  P2IE                           
0000002e  P2SEL                          
0000002f  P2REN                          
00000030  P5IN                           
00000031  P5OUT                          
00000032  P5DIR                          
00000033  P5SEL                          
00000034  P6IN                           
00000035  P6OUT                          
00000036  P6DIR                          
00000037  P6SEL                          
00000050  __STACK_SIZE                   
00000053  BCSCTL3                        
00000055  SVSCTL                         
00000056  DCOCTL                         
00000057  BCSCTL1                        
00000058  BCSCTL2                        
00000059  CACTL1                         
0000005a  CACTL2                         
0000005b  CAPD                           
0000005d  UCA0ABCTL                      
0000005e  UCA0IRTCTL                     
0000005f  UCA0IRRCTL                     
00000060  UCA0CTL0                       
00000061  UCA0CTL1                       
00000062  UCA0BR0                        
00000063  UCA0BR1                        
00000064  UCA0MCTL                       
00000065  UCA0STAT                       
00000066  UCA0RXBUF                      
00000067  UCA0TXBUF                      
00000068  UCB0CTL0                       
00000069  UCB0CTL1                       
0000006a  UCB0BR0                        
0000006b  UCB0BR1                        
0000006c  UCB0I2CIE                      
0000006d  UCB0STAT                       
0000006e  UCB0RXBUF                      
0000006f  UCB0TXBUF                      
00000080  ADC12MCTL0                     
00000081  ADC12MCTL1                     
00000082  ADC12MCTL2                     
00000083  ADC12MCTL3                     
00000084  ADC12MCTL4                     
00000085  ADC12MCTL5                     
00000086  ADC12MCTL6                     
00000087  ADC12MCTL7                     
00000088  ADC12MCTL8                     
00000089  ADC12MCTL9                     
0000008a  ADC12MCTL10                    
0000008b  ADC12MCTL11                    
0000008c  ADC12MCTL12                    
0000008d  ADC12MCTL13                    
0000008e  ADC12MCTL14                    
0000008f  ADC12MCTL15                    
00000118  UCB0I2COA                      
0000011a  UCB0I2CSA                      
0000011e  TBIV                           
00000120  WDTCTL                         
00000128  FCTL1                          
0000012a  FCTL2                          
0000012c  FCTL3                          
0000012e  TAIV                           
00000130  MPY                            
00000132  MPYS                           
00000134  MAC                            
00000136  MACS                           
00000138  OP2                            
0000013a  RESLO                          
0000013c  RESHI                          
0000013e  SUMEXT                         
00000140  ADC12MEM0                      
00000142  ADC12MEM1                      
00000144  ADC12MEM2                      
00000146  ADC12MEM3                      
00000148  ADC12MEM4                      
0000014a  ADC12MEM5                      
0000014c  ADC12MEM6                      
0000014e  ADC12MEM7                      
00000150  ADC12MEM8                      
00000152  ADC12MEM9                      
00000154  ADC12MEM10                     
00000156  ADC12MEM11                     
00000158  ADC12MEM12                     
0000015a  ADC12MEM13                     
0000015c  ADC12MEM14                     
0000015e  ADC12MEM15                     
00000160  TACTL                          
00000162  TACCTL0                        
00000164  TACCTL1                        
00000166  TACCTL2                        
00000170  TAR                            
00000172  TACCR0                         
00000174  TACCR1                         
00000176  TACCR2                         
00000180  TBCTL                          
00000182  TBCCTL0                        
00000184  TBCCTL1                        
00000186  TBCCTL2                        
00000190  TBR                            
00000192  TBCCR0                         
00000194  TBCCR1                         
00000196  TBCCR2                         
000001a0  ADC12CTL0                      
000001a2  ADC12CTL1                      
000001a4  ADC12IFG                       
000001a6  ADC12IE                        
000001a8  ADC12IV                        
000001be  FCTL4                          
00000200  .bss                           
00000200  .data                          
00000200  __bss__                        
00000200  __data__                       
00000200  __edata__                      
00000200  edata                          
00000200  g_ucCOMM_Flags                 
00000202  g_unCOMM_BaudRateControl       
00000204  g_unCOMM_BaudRateDelayControl  
00000206  g_ucaRXBuffer                  
00000246  g_ucRXBufferIndex              
00000247  g_ucRXBitsLeft                 
00000248  ucRXParityBit                  
0000024a  cSTM_Initialized               
0000024c  S_Report                       
00000282  g_ucaSTM_RXBuffer              
00000296  g_ucSTM_RXBufferIndex          
00000297  g_ucSTM_RXBitsLeft             
00000298  cSTM_RX_Pin                    
00000299  g_ucSTM_RXBusy                 
0000029a  nSTM_Temperature               
0000029c  lSTM_Soil                      
000002a0  uiSTM1_type                    
000002a1  uiSTM2_type                    
000002a2  uiSTM3_type                    
000002a3  uiSTM4_type                    
000002a4  timeoutcounter                 
000002a5  ISR                            
000002a6  ADCISRindicator                
000002a8  uiHID                          
000002b0  __end__                        
000002b0  end                            
000009b0  _stack                         
00000a00  __STACK_END                    
000010c0  TLV_CHECKSUM                   
000010da  TLV_ADC12_1_TAG                
000010db  TLV_ADC12_1_LEN                
000010f6  TLV_DCO_30_TAG                 
000010f7  TLV_DCO_30_LEN                 
000010f8  CALDCO_16MHZ                   
000010f9  CALBC1_16MHZ                   
000010fa  CALDCO_12MHZ                   
000010fb  CALBC1_12MHZ                   
000010fc  CALDCO_8MHZ                    
000010fd  CALBC1_8MHZ                    
000010fe  CALDCO_1MHZ                    
000010ff  CALBC1_1MHZ                    
0000c000  .text                          
0000c000  __text__                       
0000c000  vCORE_Run                      
0000c390  cSTM_ReadValue                 
0000c61c  cSTM_RequestSensorType         
0000c784  cSTM_Measure                   
0000c896  ucCOMM_ReceiveByte             
0000c98e  uiMain_STM3                    
0000ca80  uiMain_STM1                    
0000cb70  uiMain_STM2                    
0000cc60  uiMain_STM4                    
0000cd50  vCOMM_Init                     
0000ce36  vMain_FetchLabel               
0000cf00  TIMERB1_ISR                    
0000cfc0  vCORE_Initilize                
0000d060  vCOMM_SendByte                 
0000d0f6  PORT1_ISR                      
0000d17a  ucMain_FetchData               
0000d1fe  ucCRC16_compute_msg_CRC        
0000d272  unCORE_GetVoltage              
0000d2e4  vFlash_GetBSLPW                
0000d354  cSTM_Test_Checksum             
0000d3b0  ucCOMM_GrabMessageFromBuffer   
0000d406  vMain_CleanDataStruct          
0000d45a  ucFlash_SetHID                 
0000d4ac  I_LSR                          
0000d4ba  I_LSR_15                       
0000d4be  I_LSR_14                       
0000d4c2  I_LSR_13                       
0000d4c6  I_LSR_12                       
0000d4ca  I_LSR_11                       
0000d4ce  I_LSR_10                       
0000d4d2  I_LSR_9                        
0000d4d6  I_LSR_8                        
0000d4da  I_LSR_7                        
0000d4de  I_LSR_6                        
0000d4e2  I_LSR_5                        
0000d4e6  I_LSR_4                        
0000d4ea  I_LSR_3                        
0000d4ee  I_LSR_2                        
0000d4f2  I_LSR_1                        
0000d4f8  _auto_init                     
0000d540  ucCOMM_WaitForMessage          
0000d5c2  L_ASR_15                       
0000d5c6  L_ASR_14                       
0000d5ca  L_ASR_13                       
0000d5ce  L_ASR_12                       
0000d5d2  L_ASR_11                       
0000d5d6  L_ASR_10                       
0000d5da  L_ASR_9                        
0000d5de  L_ASR_8                        
0000d5e2  L_ASR_7                        
0000d5e6  L_ASR_6                        
0000d5ea  L_ASR_5                        
0000d5ee  L_ASR_4                        
0000d5f2  L_ASR_3                        
0000d5f6  L_ASR_2                        
0000d5fa  L_ASR_1                        
0000d600  vCRC16_updateNibble            
0000d63e  uiMainDispatch                 
0000d678  vSTM_Initialize                
0000d6e2  vFlash_Read_Segment            
0000d716  cSTM_ReturnSensorType          
0000d748  __mpyl_hw                      
0000d776  vFlash_DisIncorrect_BSLPW_Erase
0000d7a4  PORT2_ISR                      
0000d7d0  I_ASR                          
0000d7dc  I_ASR_15                       
0000d7de  I_ASR_14                       
0000d7e0  I_ASR_13                       
0000d7e2  I_ASR_12                       
0000d7e4  I_ASR_11                       
0000d7e6  I_ASR_10                       
0000d7e8  I_ASR_9                        
0000d7ea  I_ASR_8                        
0000d7ec  I_ASR_7                        
0000d7ee  I_ASR_6                        
0000d7f0  I_ASR_5                        
0000d7f2  I_ASR_4                        
0000d7f4  I_ASR_3                        
0000d7f6  I_ASR_2                        
0000d7f8  I_ASR_1                        
0000d7fc  __divi                         
0000d7fc  __remi                         
0000d828  I_LSL                          
0000d834  I_LSL_15                       
0000d836  I_LSL_14                       
0000d838  I_LSL_13                       
0000d83a  I_LSL_12                       
0000d83c  I_LSL_11                       
0000d83e  I_LSL_10                       
0000d840  I_LSL_9                        
0000d842  I_LSL_8                        
0000d844  I_LSL_7                        
0000d846  I_LSL_6                        
0000d848  I_LSL_5                        
0000d84a  I_LSL_4                        
0000d84c  I_LSL_3                        
0000d84e  I_LSL_2                        
0000d850  I_LSL_1                        
0000d854  vCOMM_SendMessage              
0000d8a6  vCORE_Send_ConfirmPKT          
0000d8cc  vCORE_Send_ErrorMsg            
0000d8f2  vFlash_GetHID                  
0000d918  vFlash_Erase_Seg               
0000d936  _c_int00_noargs_noexit         
0000d950  vCRC16_updateByte              
0000d96a  uiMain_Test                    
0000d982  vFlash_init                    
0000d99a  __divu                         
0000d99a  __remu                         
0000d9b0  __mpyi_hw                      
0000d9c4  memcpy                         
0000d9d6  L_LSL                          
0000d9e6  func_epilog_7                  
0000d9e8  func_epilog_6                  
0000d9ea  func_epilog_5                  
0000d9ec  func_epilog_4                  
0000d9ee  func_epilog_3                  
0000d9f0  func_epilog_2                  
0000d9f2  func_epilog_1                  
0000d9f6  TIMERA0_ISR                    
0000da04  main                           
0000da12  lSTM_GetSoil                   
0000da1c  __TI_ISR_TRAP                  
0000da22  iSTM_GetTemp                   
0000da28  _system_pre_init               
0000da2c  C$$EXIT                        
0000da2c  abort                          
0000da30  COMPARATORA_ISR                
0000da32  NMI_ISR                        
0000da34  TIMERA1_ISR                    
0000da36  TIMERB0_ISR                    
0000da38  USCIAB0TX_ISR                  
0000da3a  WDT_ISR                        
0000da3c  __etext__                      
0000da3c  etext                          
0000daa8  ucCRC16_lookupHI               
0000dab8  ucCRC16_lookupLO               
0000dad8  __cinit__                      
0000dad8  cinit                          
0000ffe4  __TI_int02                     
0000ffe6  __TI_int03                     
0000ffea  __TI_int05                     
0000ffec  __TI_int06                     
0000ffee  __TI_int07                     
0000fff0  __TI_int08                     
0000fff2  __TI_int09                     
0000fff4  __TI_int10                     
0000fff6  __TI_int11                     
0000fff8  __TI_int12                     
0000fffa  __TI_int13                     
0000fffc  __TI_int14                     
0000fffe  _reset_vector                  
ffffffff  __binit__                      
ffffffff  __c_args__                     
ffffffff  __pinit__                      
ffffffff  binit                          
ffffffff  pinit                          

[344 symbols]
