<?xml version="1.0"?>
<link_info>
   <banner>MSP430 Linker PC v4.4.1</banner>
   <copyright>Copyright (c) 2003-2014 Texas Instruments Incorporated</copyright>
   <link_time>0x55ad5c2e</link_time>
   <link_errors>0x0</link_errors>
   <output_file>SP_STM_diag.out</output_file>
   <entry_point>
      <name>_c_int00_noargs_noexit</name>
      <address>0xd936</address>
   </entry_point>
   <input_file_list>
      <input_file id="fl-2">
         <path>.\</path>
         <kind>object</kind>
         <file>irupt.obj</file>
         <name>irupt.obj</name>
      </input_file>
      <input_file id="fl-3">
         <path>.\</path>
         <kind>object</kind>
         <file>main.obj</file>
         <name>main.obj</name>
      </input_file>
      <input_file id="fl-4">
         <path>.\core\</path>
         <kind>object</kind>
         <file>core.obj</file>
         <name>core.obj</name>
      </input_file>
      <input_file id="fl-5">
         <path>.\core\</path>
         <kind>object</kind>
         <file>flash.obj</file>
         <name>flash.obj</name>
      </input_file>
      <input_file id="fl-6">
         <path>.\core\comm\</path>
         <kind>object</kind>
         <file>comm.obj</file>
         <name>comm.obj</name>
      </input_file>
      <input_file id="fl-7">
         <path>.\core\comm\</path>
         <kind>object</kind>
         <file>crc.obj</file>
         <name>crc.obj</name>
      </input_file>
      <input_file id="fl-8">
         <path>.\UART\</path>
         <kind>object</kind>
         <file>uartCom.obj</file>
         <name>uartCom.obj</name>
      </input_file>
      <input_file id="fl-9">
         <path>.\STM\</path>
         <kind>object</kind>
         <file>STM.obj</file>
         <name>STM.obj</name>
      </input_file>
      <input_file id="fl-38">
         <path>c:\ti\ccsv6\tools\compiler\ti-cgt-msp430_4.4.1\lib\</path>
         <kind>archive</kind>
         <file>rts430.lib</file>
         <name>asr16.obj</name>
      </input_file>
      <input_file id="fl-39">
         <path>c:\ti\ccsv6\tools\compiler\ti-cgt-msp430_4.4.1\lib\</path>
         <kind>archive</kind>
         <file>rts430.lib</file>
         <name>asr32.obj</name>
      </input_file>
      <input_file id="fl-3a">
         <path>c:\ti\ccsv6\tools\compiler\ti-cgt-msp430_4.4.1\lib\</path>
         <kind>archive</kind>
         <file>rts430.lib</file>
         <name>boot.obj</name>
      </input_file>
      <input_file id="fl-3b">
         <path>c:\ti\ccsv6\tools\compiler\ti-cgt-msp430_4.4.1\lib\</path>
         <kind>archive</kind>
         <file>rts430.lib</file>
         <name>boot_special.obj</name>
      </input_file>
      <input_file id="fl-3c">
         <path>c:\ti\ccsv6\tools\compiler\ti-cgt-msp430_4.4.1\lib\</path>
         <kind>archive</kind>
         <file>rts430.lib</file>
         <name>copy_decompress_none.obj</name>
      </input_file>
      <input_file id="fl-3d">
         <path>c:\ti\ccsv6\tools\compiler\ti-cgt-msp430_4.4.1\lib\</path>
         <kind>archive</kind>
         <file>rts430.lib</file>
         <name>copy_decompress_rle.obj</name>
      </input_file>
      <input_file id="fl-3e">
         <path>c:\ti\ccsv6\tools\compiler\ti-cgt-msp430_4.4.1\lib\</path>
         <kind>archive</kind>
         <file>rts430.lib</file>
         <name>copy_zero_init.obj</name>
      </input_file>
      <input_file id="fl-3f">
         <path>c:\ti\ccsv6\tools\compiler\ti-cgt-msp430_4.4.1\lib\</path>
         <kind>archive</kind>
         <file>rts430.lib</file>
         <name>div16s.obj</name>
      </input_file>
      <input_file id="fl-40">
         <path>c:\ti\ccsv6\tools\compiler\ti-cgt-msp430_4.4.1\lib\</path>
         <kind>archive</kind>
         <file>rts430.lib</file>
         <name>div16u.obj</name>
      </input_file>
      <input_file id="fl-41">
         <path>c:\ti\ccsv6\tools\compiler\ti-cgt-msp430_4.4.1\lib\</path>
         <kind>archive</kind>
         <file>rts430.lib</file>
         <name>epilog.obj</name>
      </input_file>
      <input_file id="fl-42">
         <path>c:\ti\ccsv6\tools\compiler\ti-cgt-msp430_4.4.1\lib\</path>
         <kind>archive</kind>
         <file>rts430.lib</file>
         <name>exit.obj</name>
      </input_file>
      <input_file id="fl-43">
         <path>c:\ti\ccsv6\tools\compiler\ti-cgt-msp430_4.4.1\lib\</path>
         <kind>archive</kind>
         <file>rts430.lib</file>
         <name>int05.obj</name>
      </input_file>
      <input_file id="fl-44">
         <path>c:\ti\ccsv6\tools\compiler\ti-cgt-msp430_4.4.1\lib\</path>
         <kind>archive</kind>
         <file>rts430.lib</file>
         <name>int07.obj</name>
      </input_file>
      <input_file id="fl-45">
         <path>c:\ti\ccsv6\tools\compiler\ti-cgt-msp430_4.4.1\lib\</path>
         <kind>archive</kind>
         <file>rts430.lib</file>
         <name>isr_trap.obj</name>
      </input_file>
      <input_file id="fl-46">
         <path>c:\ti\ccsv6\tools\compiler\ti-cgt-msp430_4.4.1\lib\</path>
         <kind>archive</kind>
         <file>rts430.lib</file>
         <name>_lock.obj</name>
      </input_file>
      <input_file id="fl-47">
         <path>c:\ti\ccsv6\tools\compiler\ti-cgt-msp430_4.4.1\lib\</path>
         <kind>archive</kind>
         <file>rts430.lib</file>
         <name>lsl16.obj</name>
      </input_file>
      <input_file id="fl-48">
         <path>c:\ti\ccsv6\tools\compiler\ti-cgt-msp430_4.4.1\lib\</path>
         <kind>archive</kind>
         <file>rts430.lib</file>
         <name>lsl32.obj</name>
      </input_file>
      <input_file id="fl-49">
         <path>c:\ti\ccsv6\tools\compiler\ti-cgt-msp430_4.4.1\lib\</path>
         <kind>archive</kind>
         <file>rts430.lib</file>
         <name>lsr16.obj</name>
      </input_file>
      <input_file id="fl-4a">
         <path>c:\ti\ccsv6\tools\compiler\ti-cgt-msp430_4.4.1\lib\</path>
         <kind>archive</kind>
         <file>rts430.lib</file>
         <name>memcpy.obj</name>
      </input_file>
      <input_file id="fl-4b">
         <path>c:\ti\ccsv6\tools\compiler\ti-cgt-msp430_4.4.1\lib\</path>
         <kind>archive</kind>
         <file>rts430.lib</file>
         <name>mpu_init.obj</name>
      </input_file>
      <input_file id="fl-4c">
         <path>c:\ti\ccsv6\tools\compiler\ti-cgt-msp430_4.4.1\lib\</path>
         <kind>archive</kind>
         <file>rts430.lib</file>
         <name>mult1632_hw.obj</name>
      </input_file>
      <input_file id="fl-4d">
         <path>c:\ti\ccsv6\tools\compiler\ti-cgt-msp430_4.4.1\lib\</path>
         <kind>archive</kind>
         <file>rts430.lib</file>
         <name>mult16_hw.obj</name>
      </input_file>
      <input_file id="fl-4e">
         <path>c:\ti\ccsv6\tools\compiler\ti-cgt-msp430_4.4.1\lib\</path>
         <kind>archive</kind>
         <file>rts430.lib</file>
         <name>mult16.obj</name>
      </input_file>
      <input_file id="fl-4f">
         <path>c:\ti\ccsv6\tools\compiler\ti-cgt-msp430_4.4.1\lib\</path>
         <kind>archive</kind>
         <file>rts430.lib</file>
         <name>mult3264_hw.obj</name>
      </input_file>
      <input_file id="fl-50">
         <path>c:\ti\ccsv6\tools\compiler\ti-cgt-msp430_4.4.1\lib\</path>
         <kind>archive</kind>
         <file>rts430.lib</file>
         <name>mult32_hw.obj</name>
      </input_file>
      <input_file id="fl-51">
         <path>c:\ti\ccsv6\tools\compiler\ti-cgt-msp430_4.4.1\lib\</path>
         <kind>archive</kind>
         <file>rts430.lib</file>
         <name>mult32.obj</name>
      </input_file>
      <input_file id="fl-52">
         <path>c:\ti\ccsv6\tools\compiler\ti-cgt-msp430_4.4.1\lib\</path>
         <kind>archive</kind>
         <file>rts430.lib</file>
         <name>mult64_hw.obj</name>
      </input_file>
      <input_file id="fl-53">
         <path>c:\ti\ccsv6\tools\compiler\ti-cgt-msp430_4.4.1\lib\</path>
         <kind>archive</kind>
         <file>rts430.lib</file>
         <name>pre_init.obj</name>
      </input_file>
      <input_file id="fl-54">
         <path>c:\ti\ccsv6\tools\compiler\ti-cgt-msp430_4.4.1\lib\</path>
         <kind>archive</kind>
         <file>rts430.lib</file>
         <name>args_main.obj</name>
      </input_file>
      <input_file id="fl-55">
         <path>c:\ti\ccsv6\tools\compiler\ti-cgt-msp430_4.4.1\lib\</path>
         <kind>archive</kind>
         <file>rts430.lib</file>
         <name>autoinit.obj</name>
      </input_file>
   </input_file_list>
   <object_component_list>
      <object_component id="oc-4d">
         <name>.bss</name>
         <uninitialized>true</uninitialized>
         <run_address>0x24a</run_address>
         <size>0x38</size>
         <input_file_ref idref="fl-3"/>
      </object_component>
      <object_component id="oc-55">
         <name>.bss</name>
         <uninitialized>true</uninitialized>
         <run_address>0x2a8</run_address>
         <size>0x8</size>
         <input_file_ref idref="fl-4"/>
      </object_component>
      <object_component id="oc-60">
         <name>.bss</name>
         <uninitialized>true</uninitialized>
         <run_address>0x200</run_address>
         <size>0x49</size>
         <input_file_ref idref="fl-6"/>
      </object_component>
      <object_component id="oc-6d">
         <name>.bss</name>
         <uninitialized>true</uninitialized>
         <run_address>0x282</run_address>
         <size>0x25</size>
         <input_file_ref idref="fl-9"/>
      </object_component>
      <object_component id="oc-7e">
         <name>.stack</name>
         <uninitialized>true</uninitialized>
         <run_address>0x9b0</run_address>
         <size>0x2</size>
         <input_file_ref idref="fl-3a"/>
      </object_component>
      <object_component id="oc-174">
         <name>.stack</name>
         <uninitialized>true</uninitialized>
         <run_address>0x9b0</run_address>
         <size>0x0</size>
      </object_component>
      <object_component id="oc-116">
         <name>.text:vCORE_Run</name>
         <load_address>0xc000</load_address>
         <run_address>0xc000</run_address>
         <size>0x390</size>
         <input_file_ref idref="fl-4"/>
      </object_component>
      <object_component id="oc-144">
         <name>.text:cSTM_ReadValue</name>
         <load_address>0xc390</load_address>
         <run_address>0xc390</run_address>
         <size>0x28c</size>
         <input_file_ref idref="fl-9"/>
      </object_component>
      <object_component id="oc-11e">
         <name>.text:cSTM_RequestSensorType</name>
         <load_address>0xc61c</load_address>
         <run_address>0xc61c</run_address>
         <size>0x168</size>
         <input_file_ref idref="fl-9"/>
      </object_component>
      <object_component id="oc-13c">
         <name>.text:cSTM_Measure</name>
         <load_address>0xc784</load_address>
         <run_address>0xc784</run_address>
         <size>0x112</size>
         <input_file_ref idref="fl-9"/>
      </object_component>
      <object_component id="oc-133">
         <name>.text:ucCOMM_ReceiveByte</name>
         <load_address>0xc896</load_address>
         <run_address>0xc896</run_address>
         <size>0xf8</size>
         <input_file_ref idref="fl-6"/>
      </object_component>
      <object_component id="oc-135">
         <name>.text:uiMain_STM3</name>
         <load_address>0xc98e</load_address>
         <run_address>0xc98e</run_address>
         <size>0xf2</size>
         <input_file_ref idref="fl-3"/>
      </object_component>
      <object_component id="oc-137">
         <name>.text:uiMain_STM1</name>
         <load_address>0xca80</load_address>
         <run_address>0xca80</run_address>
         <size>0xf0</size>
         <input_file_ref idref="fl-3"/>
      </object_component>
      <object_component id="oc-136">
         <name>.text:uiMain_STM2</name>
         <load_address>0xcb70</load_address>
         <run_address>0xcb70</run_address>
         <size>0xf0</size>
         <input_file_ref idref="fl-3"/>
      </object_component>
      <object_component id="oc-134">
         <name>.text:uiMain_STM4</name>
         <load_address>0xcc60</load_address>
         <run_address>0xcc60</run_address>
         <size>0xf0</size>
         <input_file_ref idref="fl-3"/>
      </object_component>
      <object_component id="oc-119">
         <name>.text:vCOMM_Init</name>
         <load_address>0xcd50</load_address>
         <run_address>0xcd50</run_address>
         <size>0xe6</size>
         <input_file_ref idref="fl-6"/>
      </object_component>
      <object_component id="oc-122">
         <name>.text:vMain_FetchLabel</name>
         <load_address>0xce36</load_address>
         <run_address>0xce36</run_address>
         <size>0xca</size>
         <input_file_ref idref="fl-3"/>
      </object_component>
      <object_component id="oc-101">
         <name>.text:TIMERB1_ISR</name>
         <load_address>0xcf00</load_address>
         <run_address>0xcf00</run_address>
         <size>0xc0</size>
         <input_file_ref idref="fl-9"/>
      </object_component>
      <object_component id="oc-115">
         <name>.text:vCORE_Initilize</name>
         <load_address>0xcfc0</load_address>
         <run_address>0xcfc0</run_address>
         <size>0xa0</size>
         <input_file_ref idref="fl-4"/>
      </object_component>
      <object_component id="oc-12b">
         <name>.text:vCOMM_SendByte</name>
         <load_address>0xd060</load_address>
         <run_address>0xd060</run_address>
         <size>0x96</size>
         <input_file_ref idref="fl-6"/>
      </object_component>
      <object_component id="oc-fa">
         <name>.text:PORT1_ISR</name>
         <load_address>0xd0f6</load_address>
         <run_address>0xd0f6</run_address>
         <size>0x84</size>
         <input_file_ref idref="fl-9"/>
      </object_component>
      <object_component id="oc-120">
         <name>.text:ucMain_FetchData</name>
         <load_address>0xd17a</load_address>
         <run_address>0xd17a</run_address>
         <size>0x84</size>
         <input_file_ref idref="fl-3"/>
      </object_component>
      <object_component id="oc-12a">
         <name>.text:ucCRC16_compute_msg_CRC</name>
         <load_address>0xd1fe</load_address>
         <run_address>0xd1fe</run_address>
         <size>0x74</size>
         <input_file_ref idref="fl-7"/>
      </object_component>
      <object_component id="oc-11b">
         <name>.text:unCORE_GetVoltage</name>
         <load_address>0xd272</load_address>
         <run_address>0xd272</run_address>
         <size>0x72</size>
         <input_file_ref idref="fl-4"/>
      </object_component>
      <object_component id="oc-121">
         <name>.text:vFlash_GetBSLPW</name>
         <load_address>0xd2e4</load_address>
         <run_address>0xd2e4</run_address>
         <size>0x70</size>
         <input_file_ref idref="fl-5"/>
      </object_component>
      <object_component id="oc-12e">
         <name>.text:cSTM_Test_Checksum</name>
         <load_address>0xd354</load_address>
         <run_address>0xd354</run_address>
         <size>0x5c</size>
         <input_file_ref idref="fl-9"/>
      </object_component>
      <object_component id="oc-124">
         <name>.text:ucCOMM_GrabMessageFromBuffer</name>
         <load_address>0xd3b0</load_address>
         <run_address>0xd3b0</run_address>
         <size>0x56</size>
         <input_file_ref idref="fl-6"/>
      </object_component>
      <object_component id="oc-114">
         <name>.text:vMain_CleanDataStruct</name>
         <load_address>0xd406</load_address>
         <run_address>0xd406</run_address>
         <size>0x54</size>
         <input_file_ref idref="fl-3"/>
      </object_component>
      <object_component id="oc-11f">
         <name>.text:ucFlash_SetHID</name>
         <load_address>0xd45a</load_address>
         <run_address>0xd45a</run_address>
         <size>0x52</size>
         <input_file_ref idref="fl-5"/>
      </object_component>
      <object_component id="oc-be">
         <name>.text</name>
         <load_address>0xd4ac</load_address>
         <run_address>0xd4ac</run_address>
         <size>0x4c</size>
         <input_file_ref idref="fl-49"/>
      </object_component>
      <object_component id="oc-105">
         <name>.text:_auto_init</name>
         <load_address>0xd4f8</load_address>
         <run_address>0xd4f8</run_address>
         <size>0x48</size>
         <input_file_ref idref="fl-55"/>
      </object_component>
      <object_component id="oc-123">
         <name>.text:ucCOMM_WaitForMessage</name>
         <load_address>0xd540</load_address>
         <run_address>0xd540</run_address>
         <size>0x42</size>
         <input_file_ref idref="fl-6"/>
      </object_component>
      <object_component id="oc-131">
         <name>.text:vFlash_Write_Segment</name>
         <load_address>0xd582</load_address>
         <run_address>0xd582</run_address>
         <size>0x40</size>
         <input_file_ref idref="fl-5"/>
      </object_component>
      <object_component id="oc-140">
         <name>.text:l_asr_const</name>
         <load_address>0xd5c2</load_address>
         <run_address>0xd5c2</run_address>
         <size>0x3e</size>
         <input_file_ref idref="fl-39"/>
      </object_component>
      <object_component id="oc-141">
         <name>.text:vCRC16_updateNibble</name>
         <load_address>0xd600</load_address>
         <run_address>0xd600</run_address>
         <size>0x3e</size>
         <input_file_ref idref="fl-7"/>
      </object_component>
      <object_component id="oc-126">
         <name>.text:uiMainDispatch</name>
         <load_address>0xd63e</load_address>
         <run_address>0xd63e</run_address>
         <size>0x3a</size>
         <input_file_ref idref="fl-3"/>
      </object_component>
      <object_component id="oc-13b">
         <name>.text:vSTM_Initialize</name>
         <load_address>0xd678</load_address>
         <run_address>0xd678</run_address>
         <size>0x36</size>
         <input_file_ref idref="fl-9"/>
      </object_component>
      <object_component id="oc-13a">
         <name>.text:ucFlash_Write_Byte</name>
         <load_address>0xd6ae</load_address>
         <run_address>0xd6ae</run_address>
         <size>0x34</size>
         <input_file_ref idref="fl-5"/>
      </object_component>
      <object_component id="oc-12f">
         <name>.text:vFlash_Read_Segment</name>
         <load_address>0xd6e2</load_address>
         <run_address>0xd6e2</run_address>
         <size>0x34</size>
         <input_file_ref idref="fl-5"/>
      </object_component>
      <object_component id="oc-11d">
         <name>.text:cSTM_ReturnSensorType</name>
         <load_address>0xd716</load_address>
         <run_address>0xd716</run_address>
         <size>0x32</size>
         <input_file_ref idref="fl-9"/>
      </object_component>
      <object_component id="oc-147">
         <name>.text</name>
         <load_address>0xd748</load_address>
         <run_address>0xd748</run_address>
         <size>0x2e</size>
         <input_file_ref idref="fl-50"/>
      </object_component>
      <object_component id="oc-132">
         <name>.text:vFlash_DisIncorrect_BSLPW_Erase</name>
         <load_address>0xd776</load_address>
         <run_address>0xd776</run_address>
         <size>0x2e</size>
         <input_file_ref idref="fl-5"/>
      </object_component>
      <object_component id="oc-fb">
         <name>.text:PORT2_ISR</name>
         <load_address>0xd7a4</load_address>
         <run_address>0xd7a4</run_address>
         <size>0x2c</size>
         <input_file_ref idref="fl-6"/>
      </object_component>
      <object_component id="oc-74">
         <name>.text</name>
         <load_address>0xd7d0</load_address>
         <run_address>0xd7d0</run_address>
         <size>0x2c</size>
         <input_file_ref idref="fl-38"/>
      </object_component>
      <object_component id="oc-98">
         <name>.text</name>
         <load_address>0xd7fc</load_address>
         <run_address>0xd7fc</run_address>
         <size>0x2c</size>
         <input_file_ref idref="fl-3f"/>
      </object_component>
      <object_component id="oc-b5">
         <name>.text</name>
         <load_address>0xd828</load_address>
         <run_address>0xd828</run_address>
         <size>0x2c</size>
         <input_file_ref idref="fl-47"/>
      </object_component>
      <object_component id="oc-11c">
         <name>.text:vCOMM_SendMessage</name>
         <load_address>0xd854</load_address>
         <run_address>0xd854</run_address>
         <size>0x2a</size>
         <input_file_ref idref="fl-6"/>
      </object_component>
      <object_component id="oc-129">
         <name>.text:uiFlash_Read_Int</name>
         <load_address>0xd87e</load_address>
         <run_address>0xd87e</run_address>
         <size>0x28</size>
         <input_file_ref idref="fl-5"/>
      </object_component>
      <object_component id="oc-125">
         <name>.text:vCORE_Send_ConfirmPKT</name>
         <load_address>0xd8a6</load_address>
         <run_address>0xd8a6</run_address>
         <size>0x26</size>
         <input_file_ref idref="fl-4"/>
      </object_component>
      <object_component id="oc-127">
         <name>.text:vCORE_Send_ErrorMsg</name>
         <load_address>0xd8cc</load_address>
         <run_address>0xd8cc</run_address>
         <size>0x26</size>
         <input_file_ref idref="fl-4"/>
      </object_component>
      <object_component id="oc-11a">
         <name>.text:vFlash_GetHID</name>
         <load_address>0xd8f2</load_address>
         <run_address>0xd8f2</run_address>
         <size>0x26</size>
         <input_file_ref idref="fl-5"/>
      </object_component>
      <object_component id="oc-130">
         <name>.text:vFlash_Erase_Seg</name>
         <load_address>0xd918</load_address>
         <run_address>0xd918</run_address>
         <size>0x1e</size>
         <input_file_ref idref="fl-5"/>
      </object_component>
      <object_component id="oc-42">
         <name>.text:_c_int00_noargs_noexit</name>
         <load_address>0xd936</load_address>
         <run_address>0xd936</run_address>
         <size>0x1a</size>
         <input_file_ref idref="fl-3b"/>
      </object_component>
      <object_component id="oc-139">
         <name>.text:vCRC16_updateByte</name>
         <load_address>0xd950</load_address>
         <run_address>0xd950</run_address>
         <size>0x1a</size>
         <input_file_ref idref="fl-7"/>
      </object_component>
      <object_component id="oc-138">
         <name>.text:uiMain_Test</name>
         <load_address>0xd96a</load_address>
         <run_address>0xd96a</run_address>
         <size>0x18</size>
         <input_file_ref idref="fl-3"/>
      </object_component>
      <object_component id="oc-128">
         <name>.text:vFlash_init</name>
         <load_address>0xd982</load_address>
         <run_address>0xd982</run_address>
         <size>0x18</size>
         <input_file_ref idref="fl-5"/>
      </object_component>
      <object_component id="oc-9d">
         <name>.text</name>
         <load_address>0xd99a</load_address>
         <run_address>0xd99a</run_address>
         <size>0x16</size>
         <input_file_ref idref="fl-40"/>
      </object_component>
      <object_component id="oc-118">
         <name>.text</name>
         <load_address>0xd9b0</load_address>
         <run_address>0xd9b0</run_address>
         <size>0x14</size>
         <input_file_ref idref="fl-4d"/>
      </object_component>
      <object_component id="oc-f8">
         <name>.text:memcpy</name>
         <load_address>0xd9c4</load_address>
         <run_address>0xd9c4</run_address>
         <size>0x12</size>
         <input_file_ref idref="fl-4a"/>
      </object_component>
      <object_component id="oc-13f">
         <name>.text:l_lsl</name>
         <load_address>0xd9d6</load_address>
         <run_address>0xd9d6</run_address>
         <size>0x10</size>
         <input_file_ref idref="fl-48"/>
      </object_component>
      <object_component id="oc-10b">
         <name>.text</name>
         <load_address>0xd9e6</load_address>
         <run_address>0xd9e6</run_address>
         <size>0x10</size>
         <input_file_ref idref="fl-41"/>
      </object_component>
      <object_component id="oc-fe">
         <name>.text:TIMERA0_ISR</name>
         <load_address>0xd9f6</load_address>
         <run_address>0xd9f6</run_address>
         <size>0xe</size>
         <input_file_ref idref="fl-6"/>
      </object_component>
      <object_component id="oc-109">
         <name>.text:main</name>
         <load_address>0xda04</load_address>
         <run_address>0xda04</run_address>
         <size>0xe</size>
         <input_file_ref idref="fl-3"/>
      </object_component>
      <object_component id="oc-13d">
         <name>.text:lSTM_GetSoil</name>
         <load_address>0xda12</load_address>
         <run_address>0xda12</run_address>
         <size>0xa</size>
         <input_file_ref idref="fl-9"/>
      </object_component>
      <object_component id="oc-ab">
         <name>.text:_isr:__TI_ISR_TRAP</name>
         <load_address>0xda1c</load_address>
         <run_address>0xda1c</run_address>
         <size>0x6</size>
         <input_file_ref idref="fl-45"/>
      </object_component>
      <object_component id="oc-13e">
         <name>.text:iSTM_GetTemp</name>
         <load_address>0xda22</load_address>
         <run_address>0xda22</run_address>
         <size>0x6</size>
         <input_file_ref idref="fl-9"/>
      </object_component>
      <object_component id="oc-104">
         <name>.text:_system_pre_init</name>
         <load_address>0xda28</load_address>
         <run_address>0xda28</run_address>
         <size>0x4</size>
         <input_file_ref idref="fl-53"/>
      </object_component>
      <object_component id="oc-10a">
         <name>.text:abort</name>
         <load_address>0xda2c</load_address>
         <run_address>0xda2c</run_address>
         <size>0x4</size>
         <input_file_ref idref="fl-42"/>
      </object_component>
      <object_component id="oc-100">
         <name>.text:COMPARATORA_ISR</name>
         <load_address>0xda30</load_address>
         <run_address>0xda30</run_address>
         <size>0x2</size>
         <input_file_ref idref="fl-2"/>
      </object_component>
      <object_component id="oc-103">
         <name>.text:NMI_ISR</name>
         <load_address>0xda32</load_address>
         <run_address>0xda32</run_address>
         <size>0x2</size>
         <input_file_ref idref="fl-2"/>
      </object_component>
      <object_component id="oc-fd">
         <name>.text:TIMERA1_ISR</name>
         <load_address>0xda34</load_address>
         <run_address>0xda34</run_address>
         <size>0x2</size>
         <input_file_ref idref="fl-2"/>
      </object_component>
      <object_component id="oc-102">
         <name>.text:TIMERB0_ISR</name>
         <load_address>0xda36</load_address>
         <run_address>0xda36</run_address>
         <size>0x2</size>
         <input_file_ref idref="fl-2"/>
      </object_component>
      <object_component id="oc-fc">
         <name>.text:USCIAB0TX_ISR</name>
         <load_address>0xda38</load_address>
         <run_address>0xda38</run_address>
         <size>0x2</size>
         <input_file_ref idref="fl-2"/>
      </object_component>
      <object_component id="oc-ff">
         <name>.text:WDT_ISR</name>
         <load_address>0xda3a</load_address>
         <run_address>0xda3a</run_address>
         <size>0x2</size>
         <input_file_ref idref="fl-2"/>
      </object_component>
      <object_component id="oc-6f">
         <name>.cinit</name>
         <load_address>0xdad8</load_address>
         <run_address>0xdad8</run_address>
         <size>0x29</size>
         <input_file_ref idref="fl-9"/>
      </object_component>
      <object_component id="oc-4f">
         <name>.cinit</name>
         <load_address>0xdb02</load_address>
         <run_address>0xdb02</run_address>
         <size>0x5</size>
         <input_file_ref idref="fl-3"/>
      </object_component>
      <object_component id="oc-50">
         <name>.const:.string</name>
         <load_address>0xda3c</load_address>
         <run_address>0xda3c</run_address>
         <size>0x6c</size>
         <input_file_ref idref="fl-3"/>
      </object_component>
      <object_component id="oc-145">
         <name>.const:.string:ucCRC16_lookupHI</name>
         <load_address>0xdaa8</load_address>
         <run_address>0xdaa8</run_address>
         <size>0x10</size>
         <input_file_ref idref="fl-7"/>
      </object_component>
      <object_component id="oc-146">
         <name>.const:.string:ucCRC16_lookupLO</name>
         <load_address>0xdab8</load_address>
         <run_address>0xdab8</run_address>
         <size>0x10</size>
         <input_file_ref idref="fl-7"/>
      </object_component>
      <object_component id="oc-142">
         <name>.const:.string:$P$T0$1</name>
         <load_address>0xdac8</load_address>
         <run_address>0xdac8</run_address>
         <size>0x4</size>
         <input_file_ref idref="fl-9"/>
      </object_component>
      <object_component id="oc-143">
         <name>.const:.string:$P$T1$2</name>
         <load_address>0xdacc</load_address>
         <run_address>0xdacc</run_address>
         <size>0x4</size>
         <input_file_ref idref="fl-9"/>
      </object_component>
      <object_component id="oc-12c">
         <name>.const:.string:$P$T2$3</name>
         <load_address>0xdad0</load_address>
         <run_address>0xdad0</run_address>
         <size>0x4</size>
         <input_file_ref idref="fl-9"/>
      </object_component>
      <object_component id="oc-12d">
         <name>.const:.string:$P$T3$4</name>
         <load_address>0xdad4</load_address>
         <run_address>0xdad4</run_address>
         <size>0x4</size>
         <input_file_ref idref="fl-9"/>
      </object_component>
      <object_component id="oc-31">
         <name>.int02</name>
         <load_address>0xffe4</load_address>
         <run_address>0xffe4</run_address>
         <size>0x2</size>
         <input_file_ref idref="fl-9"/>
      </object_component>
      <object_component id="oc-32">
         <name>.int03</name>
         <load_address>0xffe6</load_address>
         <run_address>0xffe6</run_address>
         <size>0x2</size>
         <input_file_ref idref="fl-6"/>
      </object_component>
      <object_component id="oc-33">
         <name>.int05</name>
         <load_address>0xffea</load_address>
         <run_address>0xffea</run_address>
         <size>0x2</size>
         <input_file_ref idref="fl-43"/>
      </object_component>
      <object_component id="oc-34">
         <name>.int06</name>
         <load_address>0xffec</load_address>
         <run_address>0xffec</run_address>
         <size>0x2</size>
         <input_file_ref idref="fl-2"/>
      </object_component>
      <object_component id="oc-35">
         <name>.int07</name>
         <load_address>0xffee</load_address>
         <run_address>0xffee</run_address>
         <size>0x2</size>
         <input_file_ref idref="fl-44"/>
      </object_component>
      <object_component id="oc-36">
         <name>.int08</name>
         <load_address>0xfff0</load_address>
         <run_address>0xfff0</run_address>
         <size>0x2</size>
         <input_file_ref idref="fl-2"/>
      </object_component>
      <object_component id="oc-37">
         <name>.int09</name>
         <load_address>0xfff2</load_address>
         <run_address>0xfff2</run_address>
         <size>0x2</size>
         <input_file_ref idref="fl-6"/>
      </object_component>
      <object_component id="oc-38">
         <name>.int10</name>
         <load_address>0xfff4</load_address>
         <run_address>0xfff4</run_address>
         <size>0x2</size>
         <input_file_ref idref="fl-2"/>
      </object_component>
      <object_component id="oc-39">
         <name>.int11</name>
         <load_address>0xfff6</load_address>
         <run_address>0xfff6</run_address>
         <size>0x2</size>
         <input_file_ref idref="fl-2"/>
      </object_component>
      <object_component id="oc-3a">
         <name>.int12</name>
         <load_address>0xfff8</load_address>
         <run_address>0xfff8</run_address>
         <size>0x2</size>
         <input_file_ref idref="fl-9"/>
      </object_component>
      <object_component id="oc-3b">
         <name>.int13</name>
         <load_address>0xfffa</load_address>
         <run_address>0xfffa</run_address>
         <size>0x2</size>
         <input_file_ref idref="fl-2"/>
      </object_component>
      <object_component id="oc-3c">
         <name>.int14</name>
         <load_address>0xfffc</load_address>
         <run_address>0xfffc</run_address>
         <size>0x2</size>
         <input_file_ref idref="fl-2"/>
      </object_component>
      <object_component id="oc-7f">
         <name>.reset</name>
         <load_address>0xfffe</load_address>
         <run_address>0xfffe</run_address>
         <size>0x2</size>
         <input_file_ref idref="fl-3a"/>
      </object_component>
      <object_component id="oc-48">
         <name>.debug_info</name>
         <load_address>0x0</load_address>
         <run_address>0x0</run_address>
         <size>0x380</size>
         <input_file_ref idref="fl-2"/>
      </object_component>
      <object_component id="oc-4e">
         <name>.debug_info</name>
         <load_address>0x380</load_address>
         <run_address>0x380</run_address>
         <size>0xce6</size>
         <input_file_ref idref="fl-3"/>
      </object_component>
      <object_component id="oc-56">
         <name>.debug_info</name>
         <load_address>0x1066</load_address>
         <run_address>0x1066</run_address>
         <size>0xe73</size>
         <input_file_ref idref="fl-4"/>
      </object_component>
      <object_component id="oc-5b">
         <name>.debug_info</name>
         <load_address>0x1ed9</load_address>
         <run_address>0x1ed9</run_address>
         <size>0xb15</size>
         <input_file_ref idref="fl-5"/>
      </object_component>
      <object_component id="oc-61">
         <name>.debug_info</name>
         <load_address>0x29ee</load_address>
         <run_address>0x29ee</run_address>
         <size>0xac5</size>
         <input_file_ref idref="fl-6"/>
      </object_component>
      <object_component id="oc-66">
         <name>.debug_info</name>
         <load_address>0x34b3</load_address>
         <run_address>0x34b3</run_address>
         <size>0x5cf</size>
         <input_file_ref idref="fl-7"/>
      </object_component>
      <object_component id="oc-6b">
         <name>.debug_info</name>
         <load_address>0x3a82</load_address>
         <run_address>0x3a82</run_address>
         <size>0x15e</size>
         <input_file_ref idref="fl-8"/>
      </object_component>
      <object_component id="oc-6e">
         <name>.debug_info</name>
         <load_address>0x3be0</load_address>
         <run_address>0x3be0</run_address>
         <size>0xd04</size>
         <input_file_ref idref="fl-9"/>
      </object_component>
      <object_component id="oc-75">
         <name>.debug_info</name>
         <load_address>0x48e4</load_address>
         <run_address>0x48e4</run_address>
         <size>0xf4</size>
         <input_file_ref idref="fl-38"/>
      </object_component>
      <object_component id="oc-79">
         <name>.debug_info</name>
         <load_address>0x49d8</load_address>
         <run_address>0x49d8</run_address>
         <size>0xfa</size>
         <input_file_ref idref="fl-39"/>
      </object_component>
      <object_component id="oc-7d">
         <name>.debug_info</name>
         <load_address>0x4ad2</load_address>
         <run_address>0x4ad2</run_address>
         <size>0x2ab</size>
         <input_file_ref idref="fl-3a"/>
      </object_component>
      <object_component id="oc-84">
         <name>.debug_info</name>
         <load_address>0x4d7d</load_address>
         <run_address>0x4d7d</run_address>
         <size>0x36d</size>
         <input_file_ref idref="fl-3b"/>
      </object_component>
      <object_component id="oc-89">
         <name>.debug_info</name>
         <load_address>0x50ea</load_address>
         <run_address>0x50ea</run_address>
         <size>0x2af</size>
         <input_file_ref idref="fl-3c"/>
      </object_component>
      <object_component id="oc-8e">
         <name>.debug_info</name>
         <load_address>0x5399</load_address>
         <run_address>0x5399</run_address>
         <size>0x254</size>
         <input_file_ref idref="fl-3d"/>
      </object_component>
      <object_component id="oc-93">
         <name>.debug_info</name>
         <load_address>0x55ed</load_address>
         <run_address>0x55ed</run_address>
         <size>0x26a</size>
         <input_file_ref idref="fl-3e"/>
      </object_component>
      <object_component id="oc-99">
         <name>.debug_info</name>
         <load_address>0x5857</load_address>
         <run_address>0x5857</run_address>
         <size>0x104</size>
         <input_file_ref idref="fl-3f"/>
      </object_component>
      <object_component id="oc-9e">
         <name>.debug_info</name>
         <load_address>0x595b</load_address>
         <run_address>0x595b</run_address>
         <size>0xf7</size>
         <input_file_ref idref="fl-40"/>
      </object_component>
      <object_component id="oc-a2">
         <name>.debug_info</name>
         <load_address>0x5a52</load_address>
         <run_address>0x5a52</run_address>
         <size>0x100</size>
         <input_file_ref idref="fl-41"/>
      </object_component>
      <object_component id="oc-a6">
         <name>.debug_info</name>
         <load_address>0x5b52</load_address>
         <run_address>0x5b52</run_address>
         <size>0x2d4</size>
         <input_file_ref idref="fl-42"/>
      </object_component>
      <object_component id="oc-ac">
         <name>.debug_info</name>
         <load_address>0x5e26</load_address>
         <run_address>0x5e26</run_address>
         <size>0xf3</size>
         <input_file_ref idref="fl-45"/>
      </object_component>
      <object_component id="oc-b0">
         <name>.debug_info</name>
         <load_address>0x5f19</load_address>
         <run_address>0x5f19</run_address>
         <size>0x20f</size>
         <input_file_ref idref="fl-46"/>
      </object_component>
      <object_component id="oc-b6">
         <name>.debug_info</name>
         <load_address>0x6128</load_address>
         <run_address>0x6128</run_address>
         <size>0xf4</size>
         <input_file_ref idref="fl-47"/>
      </object_component>
      <object_component id="oc-ba">
         <name>.debug_info</name>
         <load_address>0x621c</load_address>
         <run_address>0x621c</run_address>
         <size>0xf4</size>
         <input_file_ref idref="fl-48"/>
      </object_component>
      <object_component id="oc-bf">
         <name>.debug_info</name>
         <load_address>0x6310</load_address>
         <run_address>0x6310</run_address>
         <size>0xf4</size>
         <input_file_ref idref="fl-49"/>
      </object_component>
      <object_component id="oc-c3">
         <name>.debug_info</name>
         <load_address>0x6404</load_address>
         <run_address>0x6404</run_address>
         <size>0x2f3</size>
         <input_file_ref idref="fl-4a"/>
      </object_component>
      <object_component id="oc-c8">
         <name>.debug_info</name>
         <load_address>0x66f7</load_address>
         <run_address>0x66f7</run_address>
         <size>0x2a9</size>
         <input_file_ref idref="fl-4b"/>
      </object_component>
      <object_component id="oc-cd">
         <name>.debug_info</name>
         <load_address>0x69a0</load_address>
         <run_address>0x69a0</run_address>
         <size>0xca</size>
         <input_file_ref idref="fl-4c"/>
      </object_component>
      <object_component id="oc-d1">
         <name>.debug_info</name>
         <load_address>0x6a6a</load_address>
         <run_address>0x6a6a</run_address>
         <size>0xf5</size>
         <input_file_ref idref="fl-4d"/>
      </object_component>
      <object_component id="oc-d5">
         <name>.debug_info</name>
         <load_address>0x6b5f</load_address>
         <run_address>0x6b5f</run_address>
         <size>0xc5</size>
         <input_file_ref idref="fl-4e"/>
      </object_component>
      <object_component id="oc-d9">
         <name>.debug_info</name>
         <load_address>0x6c24</load_address>
         <run_address>0x6c24</run_address>
         <size>0xca</size>
         <input_file_ref idref="fl-4f"/>
      </object_component>
      <object_component id="oc-dd">
         <name>.debug_info</name>
         <load_address>0x6cee</load_address>
         <run_address>0x6cee</run_address>
         <size>0xf5</size>
         <input_file_ref idref="fl-50"/>
      </object_component>
      <object_component id="oc-e1">
         <name>.debug_info</name>
         <load_address>0x6de3</load_address>
         <run_address>0x6de3</run_address>
         <size>0xc5</size>
         <input_file_ref idref="fl-51"/>
      </object_component>
      <object_component id="oc-e5">
         <name>.debug_info</name>
         <load_address>0x6ea8</load_address>
         <run_address>0x6ea8</run_address>
         <size>0xc8</size>
         <input_file_ref idref="fl-52"/>
      </object_component>
      <object_component id="oc-e9">
         <name>.debug_info</name>
         <load_address>0x6f70</load_address>
         <run_address>0x6f70</run_address>
         <size>0x266</size>
         <input_file_ref idref="fl-53"/>
      </object_component>
      <object_component id="oc-ee">
         <name>.debug_info</name>
         <load_address>0x71d6</load_address>
         <run_address>0x71d6</run_address>
         <size>0x2c1</size>
         <input_file_ref idref="fl-54"/>
      </object_component>
      <object_component id="oc-f3">
         <name>.debug_info</name>
         <load_address>0x7497</load_address>
         <run_address>0x7497</run_address>
         <size>0x37b</size>
         <input_file_ref idref="fl-55"/>
      </object_component>
      <object_component id="oc-175">
         <name>.debug_info</name>
         <load_address>0x7812</load_address>
         <run_address>0x7812</run_address>
         <size>0x8e</size>
      </object_component>
      <object_component id="oc-49">
         <name>.debug_frame</name>
         <load_address>0x0</load_address>
         <run_address>0x0</run_address>
         <size>0xb0</size>
         <input_file_ref idref="fl-2"/>
      </object_component>
      <object_component id="oc-51">
         <name>.debug_frame</name>
         <load_address>0xb0</load_address>
         <run_address>0xb0</run_address>
         <size>0x145</size>
         <input_file_ref idref="fl-3"/>
      </object_component>
      <object_component id="oc-57">
         <name>.debug_frame</name>
         <load_address>0x1f5</load_address>
         <run_address>0x1f5</run_address>
         <size>0xbc</size>
         <input_file_ref idref="fl-4"/>
      </object_component>
      <object_component id="oc-5c">
         <name>.debug_frame</name>
         <load_address>0x2b1</load_address>
         <run_address>0x2b1</run_address>
         <size>0x123</size>
         <input_file_ref idref="fl-5"/>
      </object_component>
      <object_component id="oc-62">
         <name>.debug_frame</name>
         <load_address>0x3d4</load_address>
         <run_address>0x3d4</run_address>
         <size>0xf6</size>
         <input_file_ref idref="fl-6"/>
      </object_component>
      <object_component id="oc-67">
         <name>.debug_frame</name>
         <load_address>0x4ca</load_address>
         <run_address>0x4ca</run_address>
         <size>0x8b</size>
         <input_file_ref idref="fl-7"/>
      </object_component>
      <object_component id="oc-70">
         <name>.debug_frame</name>
         <load_address>0x555</load_address>
         <run_address>0x555</run_address>
         <size>0x132</size>
         <input_file_ref idref="fl-9"/>
      </object_component>
      <object_component id="oc-80">
         <name>.debug_frame</name>
         <load_address>0x687</load_address>
         <run_address>0x687</run_address>
         <size>0x32</size>
         <input_file_ref idref="fl-3a"/>
      </object_component>
      <object_component id="oc-85">
         <name>.debug_frame</name>
         <load_address>0x6b9</load_address>
         <run_address>0x6b9</run_address>
         <size>0x42</size>
         <input_file_ref idref="fl-3b"/>
      </object_component>
      <object_component id="oc-8a">
         <name>.debug_frame</name>
         <load_address>0x6fb</load_address>
         <run_address>0x6fb</run_address>
         <size>0x32</size>
         <input_file_ref idref="fl-3c"/>
      </object_component>
      <object_component id="oc-8f">
         <name>.debug_frame</name>
         <load_address>0x72d</load_address>
         <run_address>0x72d</run_address>
         <size>0x32</size>
         <input_file_ref idref="fl-3d"/>
      </object_component>
      <object_component id="oc-94">
         <name>.debug_frame</name>
         <load_address>0x75f</load_address>
         <run_address>0x75f</run_address>
         <size>0x32</size>
         <input_file_ref idref="fl-3e"/>
      </object_component>
      <object_component id="oc-a7">
         <name>.debug_frame</name>
         <load_address>0x791</load_address>
         <run_address>0x791</run_address>
         <size>0x47</size>
         <input_file_ref idref="fl-42"/>
      </object_component>
      <object_component id="oc-b1">
         <name>.debug_frame</name>
         <load_address>0x7d8</load_address>
         <run_address>0x7d8</run_address>
         <size>0x32</size>
         <input_file_ref idref="fl-46"/>
      </object_component>
      <object_component id="oc-c4">
         <name>.debug_frame</name>
         <load_address>0x80a</load_address>
         <run_address>0x80a</run_address>
         <size>0x47</size>
         <input_file_ref idref="fl-4a"/>
      </object_component>
      <object_component id="oc-c9">
         <name>.debug_frame</name>
         <load_address>0x851</load_address>
         <run_address>0x851</run_address>
         <size>0x32</size>
         <input_file_ref idref="fl-4b"/>
      </object_component>
      <object_component id="oc-ea">
         <name>.debug_frame</name>
         <load_address>0x883</load_address>
         <run_address>0x883</run_address>
         <size>0x47</size>
         <input_file_ref idref="fl-53"/>
      </object_component>
      <object_component id="oc-ef">
         <name>.debug_frame</name>
         <load_address>0x8ca</load_address>
         <run_address>0x8ca</run_address>
         <size>0x32</size>
         <input_file_ref idref="fl-54"/>
      </object_component>
      <object_component id="oc-f4">
         <name>.debug_frame</name>
         <load_address>0x8fc</load_address>
         <run_address>0x8fc</run_address>
         <size>0x51</size>
         <input_file_ref idref="fl-55"/>
      </object_component>
      <object_component id="oc-4a">
         <name>.debug_line</name>
         <load_address>0x0</load_address>
         <run_address>0x0</run_address>
         <size>0x9d</size>
         <input_file_ref idref="fl-2"/>
      </object_component>
      <object_component id="oc-52">
         <name>.debug_line</name>
         <load_address>0x9d</load_address>
         <run_address>0x9d</run_address>
         <size>0x2f0</size>
         <input_file_ref idref="fl-3"/>
      </object_component>
      <object_component id="oc-58">
         <name>.debug_line</name>
         <load_address>0x38d</load_address>
         <run_address>0x38d</run_address>
         <size>0x242</size>
         <input_file_ref idref="fl-4"/>
      </object_component>
      <object_component id="oc-5d">
         <name>.debug_line</name>
         <load_address>0x5cf</load_address>
         <run_address>0x5cf</run_address>
         <size>0x1ad</size>
         <input_file_ref idref="fl-5"/>
      </object_component>
      <object_component id="oc-63">
         <name>.debug_line</name>
         <load_address>0x77c</load_address>
         <run_address>0x77c</run_address>
         <size>0x282</size>
         <input_file_ref idref="fl-6"/>
      </object_component>
      <object_component id="oc-68">
         <name>.debug_line</name>
         <load_address>0x9fe</load_address>
         <run_address>0x9fe</run_address>
         <size>0xa0</size>
         <input_file_ref idref="fl-7"/>
      </object_component>
      <object_component id="oc-71">
         <name>.debug_line</name>
         <load_address>0xa9e</load_address>
         <run_address>0xa9e</run_address>
         <size>0x373</size>
         <input_file_ref idref="fl-9"/>
      </object_component>
      <object_component id="oc-76">
         <name>.debug_line</name>
         <load_address>0xe11</load_address>
         <run_address>0xe11</run_address>
         <size>0x4e</size>
         <input_file_ref idref="fl-38"/>
      </object_component>
      <object_component id="oc-7a">
         <name>.debug_line</name>
         <load_address>0xe5f</load_address>
         <run_address>0xe5f</run_address>
         <size>0x59</size>
         <input_file_ref idref="fl-39"/>
      </object_component>
      <object_component id="oc-81">
         <name>.debug_line</name>
         <load_address>0xeb8</load_address>
         <run_address>0xeb8</run_address>
         <size>0x27</size>
         <input_file_ref idref="fl-3a"/>
      </object_component>
      <object_component id="oc-86">
         <name>.debug_line</name>
         <load_address>0xedf</load_address>
         <run_address>0xedf</run_address>
         <size>0x4c</size>
         <input_file_ref idref="fl-3b"/>
      </object_component>
      <object_component id="oc-8b">
         <name>.debug_line</name>
         <load_address>0xf2b</load_address>
         <run_address>0xf2b</run_address>
         <size>0x37</size>
         <input_file_ref idref="fl-3c"/>
      </object_component>
      <object_component id="oc-90">
         <name>.debug_line</name>
         <load_address>0xf62</load_address>
         <run_address>0xf62</run_address>
         <size>0x36</size>
         <input_file_ref idref="fl-3d"/>
      </object_component>
      <object_component id="oc-95">
         <name>.debug_line</name>
         <load_address>0xf98</load_address>
         <run_address>0xf98</run_address>
         <size>0x31</size>
         <input_file_ref idref="fl-3e"/>
      </object_component>
      <object_component id="oc-9a">
         <name>.debug_line</name>
         <load_address>0xfc9</load_address>
         <run_address>0xfc9</run_address>
         <size>0x4d</size>
         <input_file_ref idref="fl-3f"/>
      </object_component>
      <object_component id="oc-9f">
         <name>.debug_line</name>
         <load_address>0x1016</load_address>
         <run_address>0x1016</run_address>
         <size>0x43</size>
         <input_file_ref idref="fl-40"/>
      </object_component>
      <object_component id="oc-a3">
         <name>.debug_line</name>
         <load_address>0x1059</load_address>
         <run_address>0x1059</run_address>
         <size>0x40</size>
         <input_file_ref idref="fl-41"/>
      </object_component>
      <object_component id="oc-a8">
         <name>.debug_line</name>
         <load_address>0x1099</load_address>
         <run_address>0x1099</run_address>
         <size>0x3d</size>
         <input_file_ref idref="fl-42"/>
      </object_component>
      <object_component id="oc-ad">
         <name>.debug_line</name>
         <load_address>0x10d6</load_address>
         <run_address>0x10d6</run_address>
         <size>0x3c</size>
         <input_file_ref idref="fl-45"/>
      </object_component>
      <object_component id="oc-b2">
         <name>.debug_line</name>
         <load_address>0x1112</load_address>
         <run_address>0x1112</run_address>
         <size>0x28</size>
         <input_file_ref idref="fl-46"/>
      </object_component>
      <object_component id="oc-b7">
         <name>.debug_line</name>
         <load_address>0x113a</load_address>
         <run_address>0x113a</run_address>
         <size>0x4e</size>
         <input_file_ref idref="fl-47"/>
      </object_component>
      <object_component id="oc-bb">
         <name>.debug_line</name>
         <load_address>0x1188</load_address>
         <run_address>0x1188</run_address>
         <size>0x3e</size>
         <input_file_ref idref="fl-48"/>
      </object_component>
      <object_component id="oc-c0">
         <name>.debug_line</name>
         <load_address>0x11c6</load_address>
         <run_address>0x11c6</run_address>
         <size>0x5e</size>
         <input_file_ref idref="fl-49"/>
      </object_component>
      <object_component id="oc-c5">
         <name>.debug_line</name>
         <load_address>0x1224</load_address>
         <run_address>0x1224</run_address>
         <size>0x45</size>
         <input_file_ref idref="fl-4a"/>
      </object_component>
      <object_component id="oc-ca">
         <name>.debug_line</name>
         <load_address>0x1269</load_address>
         <run_address>0x1269</run_address>
         <size>0x2b</size>
         <input_file_ref idref="fl-4b"/>
      </object_component>
      <object_component id="oc-ce">
         <name>.debug_line</name>
         <load_address>0x1294</load_address>
         <run_address>0x1294</run_address>
         <size>0x30</size>
         <input_file_ref idref="fl-4c"/>
      </object_component>
      <object_component id="oc-d2">
         <name>.debug_line</name>
         <load_address>0x12c4</load_address>
         <run_address>0x12c4</run_address>
         <size>0x42</size>
         <input_file_ref idref="fl-4d"/>
      </object_component>
      <object_component id="oc-d6">
         <name>.debug_line</name>
         <load_address>0x1306</load_address>
         <run_address>0x1306</run_address>
         <size>0x2b</size>
         <input_file_ref idref="fl-4e"/>
      </object_component>
      <object_component id="oc-da">
         <name>.debug_line</name>
         <load_address>0x1331</load_address>
         <run_address>0x1331</run_address>
         <size>0x30</size>
         <input_file_ref idref="fl-4f"/>
      </object_component>
      <object_component id="oc-de">
         <name>.debug_line</name>
         <load_address>0x1361</load_address>
         <run_address>0x1361</run_address>
         <size>0x4b</size>
         <input_file_ref idref="fl-50"/>
      </object_component>
      <object_component id="oc-e2">
         <name>.debug_line</name>
         <load_address>0x13ac</load_address>
         <run_address>0x13ac</run_address>
         <size>0x2b</size>
         <input_file_ref idref="fl-51"/>
      </object_component>
      <object_component id="oc-e6">
         <name>.debug_line</name>
         <load_address>0x13d7</load_address>
         <run_address>0x13d7</run_address>
         <size>0x2e</size>
         <input_file_ref idref="fl-52"/>
      </object_component>
      <object_component id="oc-eb">
         <name>.debug_line</name>
         <load_address>0x1405</load_address>
         <run_address>0x1405</run_address>
         <size>0x3e</size>
         <input_file_ref idref="fl-53"/>
      </object_component>
      <object_component id="oc-f0">
         <name>.debug_line</name>
         <load_address>0x1443</load_address>
         <run_address>0x1443</run_address>
         <size>0x2c</size>
         <input_file_ref idref="fl-54"/>
      </object_component>
      <object_component id="oc-f5">
         <name>.debug_line</name>
         <load_address>0x146f</load_address>
         <run_address>0x146f</run_address>
         <size>0x78</size>
         <input_file_ref idref="fl-55"/>
      </object_component>
      <object_component id="oc-4b">
         <name>.debug_abbrev</name>
         <load_address>0x0</load_address>
         <run_address>0x0</run_address>
         <size>0x66</size>
         <input_file_ref idref="fl-2"/>
      </object_component>
      <object_component id="oc-53">
         <name>.debug_abbrev</name>
         <load_address>0x66</load_address>
         <run_address>0x66</run_address>
         <size>0x190</size>
         <input_file_ref idref="fl-3"/>
      </object_component>
      <object_component id="oc-59">
         <name>.debug_abbrev</name>
         <load_address>0x1f6</load_address>
         <run_address>0x1f6</run_address>
         <size>0x165</size>
         <input_file_ref idref="fl-4"/>
      </object_component>
      <object_component id="oc-5e">
         <name>.debug_abbrev</name>
         <load_address>0x35b</load_address>
         <run_address>0x35b</run_address>
         <size>0x18f</size>
         <input_file_ref idref="fl-5"/>
      </object_component>
      <object_component id="oc-64">
         <name>.debug_abbrev</name>
         <load_address>0x4ea</load_address>
         <run_address>0x4ea</run_address>
         <size>0x196</size>
         <input_file_ref idref="fl-6"/>
      </object_component>
      <object_component id="oc-69">
         <name>.debug_abbrev</name>
         <load_address>0x680</load_address>
         <run_address>0x680</run_address>
         <size>0xf1</size>
         <input_file_ref idref="fl-7"/>
      </object_component>
      <object_component id="oc-6c">
         <name>.debug_abbrev</name>
         <load_address>0x771</load_address>
         <run_address>0x771</run_address>
         <size>0x21</size>
         <input_file_ref idref="fl-8"/>
      </object_component>
      <object_component id="oc-72">
         <name>.debug_abbrev</name>
         <load_address>0x792</load_address>
         <run_address>0x792</run_address>
         <size>0x1cd</size>
         <input_file_ref idref="fl-9"/>
      </object_component>
      <object_component id="oc-77">
         <name>.debug_abbrev</name>
         <load_address>0x95f</load_address>
         <run_address>0x95f</run_address>
         <size>0x37</size>
         <input_file_ref idref="fl-38"/>
      </object_component>
      <object_component id="oc-7b">
         <name>.debug_abbrev</name>
         <load_address>0x996</load_address>
         <run_address>0x996</run_address>
         <size>0x37</size>
         <input_file_ref idref="fl-39"/>
      </object_component>
      <object_component id="oc-82">
         <name>.debug_abbrev</name>
         <load_address>0x9cd</load_address>
         <run_address>0x9cd</run_address>
         <size>0xc9</size>
         <input_file_ref idref="fl-3a"/>
      </object_component>
      <object_component id="oc-87">
         <name>.debug_abbrev</name>
         <load_address>0xa96</load_address>
         <run_address>0xa96</run_address>
         <size>0xb2</size>
         <input_file_ref idref="fl-3b"/>
      </object_component>
      <object_component id="oc-8c">
         <name>.debug_abbrev</name>
         <load_address>0xb48</load_address>
         <run_address>0xb48</run_address>
         <size>0xbb</size>
         <input_file_ref idref="fl-3c"/>
      </object_component>
      <object_component id="oc-91">
         <name>.debug_abbrev</name>
         <load_address>0xc03</load_address>
         <run_address>0xc03</run_address>
         <size>0xd6</size>
         <input_file_ref idref="fl-3d"/>
      </object_component>
      <object_component id="oc-96">
         <name>.debug_abbrev</name>
         <load_address>0xcd9</load_address>
         <run_address>0xcd9</run_address>
         <size>0x9d</size>
         <input_file_ref idref="fl-3e"/>
      </object_component>
      <object_component id="oc-9b">
         <name>.debug_abbrev</name>
         <load_address>0xd76</load_address>
         <run_address>0xd76</run_address>
         <size>0x45</size>
         <input_file_ref idref="fl-3f"/>
      </object_component>
      <object_component id="oc-a0">
         <name>.debug_abbrev</name>
         <load_address>0xdbb</load_address>
         <run_address>0xdbb</run_address>
         <size>0x37</size>
         <input_file_ref idref="fl-40"/>
      </object_component>
      <object_component id="oc-a4">
         <name>.debug_abbrev</name>
         <load_address>0xdf2</load_address>
         <run_address>0xdf2</run_address>
         <size>0x35</size>
         <input_file_ref idref="fl-41"/>
      </object_component>
      <object_component id="oc-a9">
         <name>.debug_abbrev</name>
         <load_address>0xe27</load_address>
         <run_address>0xe27</run_address>
         <size>0xfe</size>
         <input_file_ref idref="fl-42"/>
      </object_component>
      <object_component id="oc-ae">
         <name>.debug_abbrev</name>
         <load_address>0xf25</load_address>
         <run_address>0xf25</run_address>
         <size>0x23</size>
         <input_file_ref idref="fl-45"/>
      </object_component>
      <object_component id="oc-b3">
         <name>.debug_abbrev</name>
         <load_address>0xf48</load_address>
         <run_address>0xf48</run_address>
         <size>0xa9</size>
         <input_file_ref idref="fl-46"/>
      </object_component>
      <object_component id="oc-b8">
         <name>.debug_abbrev</name>
         <load_address>0xff1</load_address>
         <run_address>0xff1</run_address>
         <size>0x37</size>
         <input_file_ref idref="fl-47"/>
      </object_component>
      <object_component id="oc-bc">
         <name>.debug_abbrev</name>
         <load_address>0x1028</load_address>
         <run_address>0x1028</run_address>
         <size>0x37</size>
         <input_file_ref idref="fl-48"/>
      </object_component>
      <object_component id="oc-c1">
         <name>.debug_abbrev</name>
         <load_address>0x105f</load_address>
         <run_address>0x105f</run_address>
         <size>0x37</size>
         <input_file_ref idref="fl-49"/>
      </object_component>
      <object_component id="oc-c6">
         <name>.debug_abbrev</name>
         <load_address>0x1096</load_address>
         <run_address>0x1096</run_address>
         <size>0x9f</size>
         <input_file_ref idref="fl-4a"/>
      </object_component>
      <object_component id="oc-cb">
         <name>.debug_abbrev</name>
         <load_address>0x1135</load_address>
         <run_address>0x1135</run_address>
         <size>0xa6</size>
         <input_file_ref idref="fl-4b"/>
      </object_component>
      <object_component id="oc-cf">
         <name>.debug_abbrev</name>
         <load_address>0x11db</load_address>
         <run_address>0x11db</run_address>
         <size>0x29</size>
         <input_file_ref idref="fl-4c"/>
      </object_component>
      <object_component id="oc-d3">
         <name>.debug_abbrev</name>
         <load_address>0x1204</load_address>
         <run_address>0x1204</run_address>
         <size>0x29</size>
         <input_file_ref idref="fl-4d"/>
      </object_component>
      <object_component id="oc-d7">
         <name>.debug_abbrev</name>
         <load_address>0x122d</load_address>
         <run_address>0x122d</run_address>
         <size>0x37</size>
         <input_file_ref idref="fl-4e"/>
      </object_component>
      <object_component id="oc-db">
         <name>.debug_abbrev</name>
         <load_address>0x1264</load_address>
         <run_address>0x1264</run_address>
         <size>0x51</size>
         <input_file_ref idref="fl-4f"/>
      </object_component>
      <object_component id="oc-df">
         <name>.debug_abbrev</name>
         <load_address>0x12b5</load_address>
         <run_address>0x12b5</run_address>
         <size>0x29</size>
         <input_file_ref idref="fl-50"/>
      </object_component>
      <object_component id="oc-e3">
         <name>.debug_abbrev</name>
         <load_address>0x12de</load_address>
         <run_address>0x12de</run_address>
         <size>0x37</size>
         <input_file_ref idref="fl-51"/>
      </object_component>
      <object_component id="oc-e7">
         <name>.debug_abbrev</name>
         <load_address>0x1315</load_address>
         <run_address>0x1315</run_address>
         <size>0x29</size>
         <input_file_ref idref="fl-52"/>
      </object_component>
      <object_component id="oc-ec">
         <name>.debug_abbrev</name>
         <load_address>0x133e</load_address>
         <run_address>0x133e</run_address>
         <size>0x68</size>
         <input_file_ref idref="fl-53"/>
      </object_component>
      <object_component id="oc-f1">
         <name>.debug_abbrev</name>
         <load_address>0x13a6</load_address>
         <run_address>0x13a6</run_address>
         <size>0xec</size>
         <input_file_ref idref="fl-54"/>
      </object_component>
      <object_component id="oc-f6">
         <name>.debug_abbrev</name>
         <load_address>0x1492</load_address>
         <run_address>0x1492</run_address>
         <size>0xec</size>
         <input_file_ref idref="fl-55"/>
      </object_component>
      <object_component id="oc-176">
         <name>.debug_abbrev</name>
         <load_address>0x157e</load_address>
         <run_address>0x157e</run_address>
         <size>0xf</size>
      </object_component>
      <object_component id="oc-4c">
         <name>.debug_aranges</name>
         <load_address>0x0</load_address>
         <run_address>0x0</run_address>
         <size>0x48</size>
         <input_file_ref idref="fl-2"/>
      </object_component>
      <object_component id="oc-54">
         <name>.debug_aranges</name>
         <load_address>0x48</load_address>
         <run_address>0x48</run_address>
         <size>0x68</size>
         <input_file_ref idref="fl-3"/>
      </object_component>
      <object_component id="oc-5a">
         <name>.debug_aranges</name>
         <load_address>0xb0</load_address>
         <run_address>0xb0</run_address>
         <size>0x40</size>
         <input_file_ref idref="fl-4"/>
      </object_component>
      <object_component id="oc-5f">
         <name>.debug_aranges</name>
         <load_address>0xf0</load_address>
         <run_address>0xf0</run_address>
         <size>0x68</size>
         <input_file_ref idref="fl-5"/>
      </object_component>
      <object_component id="oc-65">
         <name>.debug_aranges</name>
         <load_address>0x158</load_address>
         <run_address>0x158</run_address>
         <size>0x58</size>
         <input_file_ref idref="fl-6"/>
      </object_component>
      <object_component id="oc-6a">
         <name>.debug_aranges</name>
         <load_address>0x1b0</load_address>
         <run_address>0x1b0</run_address>
         <size>0x30</size>
         <input_file_ref idref="fl-7"/>
      </object_component>
      <object_component id="oc-73">
         <name>.debug_aranges</name>
         <load_address>0x1e0</load_address>
         <run_address>0x1e0</run_address>
         <size>0x68</size>
         <input_file_ref idref="fl-9"/>
      </object_component>
      <object_component id="oc-78">
         <name>.debug_aranges</name>
         <load_address>0x248</load_address>
         <run_address>0x248</run_address>
         <size>0x20</size>
         <input_file_ref idref="fl-38"/>
      </object_component>
      <object_component id="oc-7c">
         <name>.debug_aranges</name>
         <load_address>0x268</load_address>
         <run_address>0x268</run_address>
         <size>0x20</size>
         <input_file_ref idref="fl-39"/>
      </object_component>
      <object_component id="oc-83">
         <name>.debug_aranges</name>
         <load_address>0x288</load_address>
         <run_address>0x288</run_address>
         <size>0x18</size>
         <input_file_ref idref="fl-3a"/>
      </object_component>
      <object_component id="oc-88">
         <name>.debug_aranges</name>
         <load_address>0x2a0</load_address>
         <run_address>0x2a0</run_address>
         <size>0x20</size>
         <input_file_ref idref="fl-3b"/>
      </object_component>
      <object_component id="oc-8d">
         <name>.debug_aranges</name>
         <load_address>0x2c0</load_address>
         <run_address>0x2c0</run_address>
         <size>0x18</size>
         <input_file_ref idref="fl-3c"/>
      </object_component>
      <object_component id="oc-92">
         <name>.debug_aranges</name>
         <load_address>0x2d8</load_address>
         <run_address>0x2d8</run_address>
         <size>0x18</size>
         <input_file_ref idref="fl-3d"/>
      </object_component>
      <object_component id="oc-97">
         <name>.debug_aranges</name>
         <load_address>0x2f0</load_address>
         <run_address>0x2f0</run_address>
         <size>0x18</size>
         <input_file_ref idref="fl-3e"/>
      </object_component>
      <object_component id="oc-9c">
         <name>.debug_aranges</name>
         <load_address>0x308</load_address>
         <run_address>0x308</run_address>
         <size>0x20</size>
         <input_file_ref idref="fl-3f"/>
      </object_component>
      <object_component id="oc-a1">
         <name>.debug_aranges</name>
         <load_address>0x328</load_address>
         <run_address>0x328</run_address>
         <size>0x20</size>
         <input_file_ref idref="fl-40"/>
      </object_component>
      <object_component id="oc-a5">
         <name>.debug_aranges</name>
         <load_address>0x348</load_address>
         <run_address>0x348</run_address>
         <size>0x20</size>
         <input_file_ref idref="fl-41"/>
      </object_component>
      <object_component id="oc-aa">
         <name>.debug_aranges</name>
         <load_address>0x368</load_address>
         <run_address>0x368</run_address>
         <size>0x20</size>
         <input_file_ref idref="fl-42"/>
      </object_component>
      <object_component id="oc-af">
         <name>.debug_aranges</name>
         <load_address>0x388</load_address>
         <run_address>0x388</run_address>
         <size>0x20</size>
         <input_file_ref idref="fl-45"/>
      </object_component>
      <object_component id="oc-b4">
         <name>.debug_aranges</name>
         <load_address>0x3a8</load_address>
         <run_address>0x3a8</run_address>
         <size>0x18</size>
         <input_file_ref idref="fl-46"/>
      </object_component>
      <object_component id="oc-b9">
         <name>.debug_aranges</name>
         <load_address>0x3c0</load_address>
         <run_address>0x3c0</run_address>
         <size>0x20</size>
         <input_file_ref idref="fl-47"/>
      </object_component>
      <object_component id="oc-bd">
         <name>.debug_aranges</name>
         <load_address>0x3e0</load_address>
         <run_address>0x3e0</run_address>
         <size>0x20</size>
         <input_file_ref idref="fl-48"/>
      </object_component>
      <object_component id="oc-c2">
         <name>.debug_aranges</name>
         <load_address>0x400</load_address>
         <run_address>0x400</run_address>
         <size>0x20</size>
         <input_file_ref idref="fl-49"/>
      </object_component>
      <object_component id="oc-c7">
         <name>.debug_aranges</name>
         <load_address>0x420</load_address>
         <run_address>0x420</run_address>
         <size>0x20</size>
         <input_file_ref idref="fl-4a"/>
      </object_component>
      <object_component id="oc-cc">
         <name>.debug_aranges</name>
         <load_address>0x440</load_address>
         <run_address>0x440</run_address>
         <size>0x18</size>
         <input_file_ref idref="fl-4b"/>
      </object_component>
      <object_component id="oc-d0">
         <name>.debug_aranges</name>
         <load_address>0x458</load_address>
         <run_address>0x458</run_address>
         <size>0x18</size>
         <input_file_ref idref="fl-4c"/>
      </object_component>
      <object_component id="oc-d4">
         <name>.debug_aranges</name>
         <load_address>0x470</load_address>
         <run_address>0x470</run_address>
         <size>0x20</size>
         <input_file_ref idref="fl-4d"/>
      </object_component>
      <object_component id="oc-d8">
         <name>.debug_aranges</name>
         <load_address>0x490</load_address>
         <run_address>0x490</run_address>
         <size>0x18</size>
         <input_file_ref idref="fl-4e"/>
      </object_component>
      <object_component id="oc-dc">
         <name>.debug_aranges</name>
         <load_address>0x4a8</load_address>
         <run_address>0x4a8</run_address>
         <size>0x18</size>
         <input_file_ref idref="fl-4f"/>
      </object_component>
      <object_component id="oc-e0">
         <name>.debug_aranges</name>
         <load_address>0x4c0</load_address>
         <run_address>0x4c0</run_address>
         <size>0x20</size>
         <input_file_ref idref="fl-50"/>
      </object_component>
      <object_component id="oc-e4">
         <name>.debug_aranges</name>
         <load_address>0x4e0</load_address>
         <run_address>0x4e0</run_address>
         <size>0x18</size>
         <input_file_ref idref="fl-51"/>
      </object_component>
      <object_component id="oc-e8">
         <name>.debug_aranges</name>
         <load_address>0x4f8</load_address>
         <run_address>0x4f8</run_address>
         <size>0x18</size>
         <input_file_ref idref="fl-52"/>
      </object_component>
      <object_component id="oc-ed">
         <name>.debug_aranges</name>
         <load_address>0x510</load_address>
         <run_address>0x510</run_address>
         <size>0x20</size>
         <input_file_ref idref="fl-53"/>
      </object_component>
      <object_component id="oc-f2">
         <name>.debug_aranges</name>
         <load_address>0x530</load_address>
         <run_address>0x530</run_address>
         <size>0x18</size>
         <input_file_ref idref="fl-54"/>
      </object_component>
      <object_component id="oc-f7">
         <name>.debug_aranges</name>
         <load_address>0x548</load_address>
         <run_address>0x548</run_address>
         <size>0x20</size>
         <input_file_ref idref="fl-55"/>
      </object_component>
   </object_component_list>
   <logical_group_list>
      <logical_group id="lg-2" display="no" color="cyan">
         <name>.bss</name>
         <run_address>0x200</run_address>
         <size>0xb0</size>
         <contents>
            <object_component_ref idref="oc-4d"/>
            <object_component_ref idref="oc-55"/>
            <object_component_ref idref="oc-60"/>
            <object_component_ref idref="oc-6d"/>
         </contents>
      </logical_group>
      <logical_group id="lg-3" display="no" color="cyan">
         <name>.data</name>
         <run_address>0x200</run_address>
         <size>0x0</size>
         <contents>
         </contents>
      </logical_group>
      <logical_group id="lg-4" display="no" color="cyan">
         <name>.sysmem</name>
         <run_address>0x0</run_address>
         <size>0x0</size>
         <contents>
         </contents>
      </logical_group>
      <logical_group id="lg-5" display="no" color="cyan">
         <name>.stack</name>
         <run_address>0x9b0</run_address>
         <size>0x50</size>
         <contents>
            <object_component_ref idref="oc-7e"/>
            <object_component_ref idref="oc-174"/>
         </contents>
      </logical_group>
      <logical_group id="lg-6" display="no" color="cyan">
         <name>.text</name>
         <load_address>0xc000</load_address>
         <run_address>0xc000</run_address>
         <size>0x1a3c</size>
         <contents>
            <object_component_ref idref="oc-116"/>
            <object_component_ref idref="oc-144"/>
            <object_component_ref idref="oc-11e"/>
            <object_component_ref idref="oc-13c"/>
            <object_component_ref idref="oc-133"/>
            <object_component_ref idref="oc-135"/>
            <object_component_ref idref="oc-137"/>
            <object_component_ref idref="oc-136"/>
            <object_component_ref idref="oc-134"/>
            <object_component_ref idref="oc-119"/>
            <object_component_ref idref="oc-122"/>
            <object_component_ref idref="oc-101"/>
            <object_component_ref idref="oc-115"/>
            <object_component_ref idref="oc-12b"/>
            <object_component_ref idref="oc-fa"/>
            <object_component_ref idref="oc-120"/>
            <object_component_ref idref="oc-12a"/>
            <object_component_ref idref="oc-11b"/>
            <object_component_ref idref="oc-121"/>
            <object_component_ref idref="oc-12e"/>
            <object_component_ref idref="oc-124"/>
            <object_component_ref idref="oc-114"/>
            <object_component_ref idref="oc-11f"/>
            <object_component_ref idref="oc-be"/>
            <object_component_ref idref="oc-105"/>
            <object_component_ref idref="oc-123"/>
            <object_component_ref idref="oc-131"/>
            <object_component_ref idref="oc-140"/>
            <object_component_ref idref="oc-141"/>
            <object_component_ref idref="oc-126"/>
            <object_component_ref idref="oc-13b"/>
            <object_component_ref idref="oc-13a"/>
            <object_component_ref idref="oc-12f"/>
            <object_component_ref idref="oc-11d"/>
            <object_component_ref idref="oc-147"/>
            <object_component_ref idref="oc-132"/>
            <object_component_ref idref="oc-fb"/>
            <object_component_ref idref="oc-74"/>
            <object_component_ref idref="oc-98"/>
            <object_component_ref idref="oc-b5"/>
            <object_component_ref idref="oc-11c"/>
            <object_component_ref idref="oc-129"/>
            <object_component_ref idref="oc-125"/>
            <object_component_ref idref="oc-127"/>
            <object_component_ref idref="oc-11a"/>
            <object_component_ref idref="oc-130"/>
[...]
      </symbol>
      <symbol id="sm-256">
         <name>PORT2_ISR</name>
         <value>0xd7a4</value>
         <object_component_ref idref="oc-fb"/>
      </symbol>
      <symbol id="sm-257">
         <name>g_ucRXBitsLeft</name>
         <value>0x247</value>
         <object_component_ref idref="oc-60"/>
      </symbol>
      <symbol id="sm-258">
         <name>vCOMM_SendMessage</name>
         <value>0xd854</value>
         <object_component_ref idref="oc-11c"/>
      </symbol>
      <symbol id="sm-259">
         <name>g_ucaRXBuffer</name>
         <value>0x206</value>
         <object_component_ref idref="oc-60"/>
      </symbol>
      <symbol id="sm-25a">
         <name>ucCOMM_WaitForMessage</name>
         <value>0xd540</value>
         <object_component_ref idref="oc-123"/>
      </symbol>
      <symbol id="sm-25b">
         <name>g_unCOMM_BaudRateDelayControl</name>
         <value>0x204</value>
         <object_component_ref idref="oc-60"/>
      </symbol>
      <symbol id="sm-277">
         <name>ucCRC16_lookupLO</name>
         <value>0xdab8</value>
         <object_component_ref idref="oc-146"/>
      </symbol>
      <symbol id="sm-278">
         <name>ucCRC16_compute_msg_CRC</name>
         <value>0xd1fe</value>
         <object_component_ref idref="oc-12a"/>
      </symbol>
      <symbol id="sm-279">
         <name>ucCRC16_lookupHI</name>
         <value>0xdaa8</value>
         <object_component_ref idref="oc-145"/>
      </symbol>
      <symbol id="sm-27a">
         <name>vCRC16_updateByte</name>
         <value>0xd950</value>
         <object_component_ref idref="oc-139"/>
      </symbol>
      <symbol id="sm-27b">
         <name>vCRC16_updateNibble</name>
         <value>0xd600</value>
         <object_component_ref idref="oc-141"/>
      </symbol>
      <symbol id="sm-2ed">
         <name>nSTM_Temperature</name>
         <value>0x29a</value>
         <object_component_ref idref="oc-6d"/>
      </symbol>
      <symbol id="sm-2ee">
         <name>cSTM_Measure</name>
         <value>0xc784</value>
         <object_component_ref idref="oc-13c"/>
      </symbol>
      <symbol id="sm-2ef">
         <name>cSTM_RX_Pin</name>
         <value>0x298</value>
         <object_component_ref idref="oc-6d"/>
      </symbol>
      <symbol id="sm-2f0">
         <name>ISR</name>
         <value>0x2a5</value>
         <object_component_ref idref="oc-6d"/>
      </symbol>
      <symbol id="sm-2f1">
         <name>__TI_int02</name>
         <value>0xffe4</value>
         <object_component_ref idref="oc-31"/>
      </symbol>
      <symbol id="sm-2f2">
         <name>g_ucSTM_RXBusy</name>
         <value>0x299</value>
         <object_component_ref idref="oc-6d"/>
      </symbol>
      <symbol id="sm-2f3">
         <name>__TI_int12</name>
         <value>0xfff8</value>
         <object_component_ref idref="oc-3a"/>
      </symbol>
      <symbol id="sm-2f4">
         <name>g_ucaSTM_RXBuffer</name>
         <value>0x282</value>
         <object_component_ref idref="oc-6d"/>
      </symbol>
      <symbol id="sm-2f5">
         <name>TIMERB1_ISR</name>
         <value>0xcf00</value>
         <object_component_ref idref="oc-101"/>
      </symbol>
      <symbol id="sm-2f6">
         <name>timeoutcounter</name>
         <value>0x2a4</value>
         <object_component_ref idref="oc-6d"/>
      </symbol>
      <symbol id="sm-2f7">
         <name>iSTM_GetTemp</name>
         <value>0xda22</value>
         <object_component_ref idref="oc-13e"/>
      </symbol>
      <symbol id="sm-2f8">
         <name>lSTM_Soil</name>
         <value>0x29c</value>
         <object_component_ref idref="oc-6d"/>
      </symbol>
      <symbol id="sm-2f9">
         <name>g_ucSTM_RXBufferIndex</name>
         <value>0x296</value>
         <object_component_ref idref="oc-6d"/>
      </symbol>
      <symbol id="sm-2fa">
         <name>cSTM_ReturnSensorType</name>
         <value>0xd716</value>
         <object_component_ref idref="oc-11d"/>
      </symbol>
      <symbol id="sm-2fb">
         <name>uiSTM4_type</name>
         <value>0x2a3</value>
         <object_component_ref idref="oc-6d"/>
      </symbol>
      <symbol id="sm-2fc">
         <name>uiSTM1_type</name>
         <value>0x2a0</value>
         <object_component_ref idref="oc-6d"/>
      </symbol>
      <symbol id="sm-2fd">
         <name>uiSTM3_type</name>
         <value>0x2a2</value>
         <object_component_ref idref="oc-6d"/>
      </symbol>
      <symbol id="sm-2fe">
         <name>uiSTM2_type</name>
         <value>0x2a1</value>
         <object_component_ref idref="oc-6d"/>
      </symbol>
      <symbol id="sm-2ff">
         <name>PORT1_ISR</name>
         <value>0xd0f6</value>
         <object_component_ref idref="oc-fa"/>
      </symbol>
      <symbol id="sm-300">
         <name>g_ucSTM_RXBitsLeft</name>
         <value>0x297</value>
         <object_component_ref idref="oc-6d"/>
      </symbol>
      <symbol id="sm-301">
         <name>cSTM_Test_Checksum</name>
         <value>0xd354</value>
         <object_component_ref idref="oc-12e"/>
      </symbol>
      <symbol id="sm-302">
         <name>cSTM_ReadValue</name>
         <value>0xc390</value>
         <object_component_ref idref="oc-144"/>
      </symbol>
      <symbol id="sm-303">
         <name>ADCISRindicator</name>
         <value>0x2a6</value>
         <object_component_ref idref="oc-6d"/>
      </symbol>
      <symbol id="sm-304">
         <name>vSTM_Initialize</name>
         <value>0xd678</value>
         <object_component_ref idref="oc-13b"/>
      </symbol>
      <symbol id="sm-305">
         <name>cSTM_RequestSensorType</name>
         <value>0xc61c</value>
         <object_component_ref idref="oc-11e"/>
      </symbol>
      <symbol id="sm-306">
         <name>lSTM_GetSoil</name>
         <value>0xda12</value>
         <object_component_ref idref="oc-13d"/>
      </symbol>
      <symbol id="sm-312">
         <name>I_ASR</name>
         <value>0xd7d0</value>
         <object_component_ref idref="oc-74"/>
      </symbol>
      <symbol id="sm-313">
         <name>I_ASR_12</name>
         <value>0xd7e2</value>
         <object_component_ref idref="oc-74"/>
      </symbol>
      <symbol id="sm-314">
         <name>I_ASR_13</name>
         <value>0xd7e0</value>
         <object_component_ref idref="oc-74"/>
      </symbol>
      <symbol id="sm-315">
         <name>I_ASR_10</name>
         <value>0xd7e6</value>
         <object_component_ref idref="oc-74"/>
      </symbol>
      <symbol id="sm-316">
         <name>I_ASR_11</name>
         <value>0xd7e4</value>
         <object_component_ref idref="oc-74"/>
      </symbol>
      <symbol id="sm-317">
         <name>I_ASR_14</name>
         <value>0xd7de</value>
         <object_component_ref idref="oc-74"/>
      </symbol>
      <symbol id="sm-318">
         <name>I_ASR_15</name>
         <value>0xd7dc</value>
         <object_component_ref idref="oc-74"/>
      </symbol>
      <symbol id="sm-319">
         <name>I_ASR_3</name>
         <value>0xd7f4</value>
         <object_component_ref idref="oc-74"/>
      </symbol>
      <symbol id="sm-31a">
         <name>I_ASR_2</name>
         <value>0xd7f6</value>
         <object_component_ref idref="oc-74"/>
      </symbol>
      <symbol id="sm-31b">
         <name>I_ASR_1</name>
         <value>0xd7f8</value>
         <object_component_ref idref="oc-74"/>
      </symbol>
      <symbol id="sm-31c">
         <name>I_ASR_7</name>
         <value>0xd7ec</value>
         <object_component_ref idref="oc-74"/>
      </symbol>
      <symbol id="sm-31d">
         <name>I_ASR_6</name>
         <value>0xd7ee</value>
         <object_component_ref idref="oc-74"/>
      </symbol>
      <symbol id="sm-31e">
         <name>I_ASR_5</name>
         <value>0xd7f0</value>
         <object_component_ref idref="oc-74"/>
      </symbol>
      <symbol id="sm-31f">
         <name>I_ASR_4</name>
         <value>0xd7f2</value>
         <object_component_ref idref="oc-74"/>
      </symbol>
      <symbol id="sm-320">
         <name>I_ASR_9</name>
         <value>0xd7e8</value>
         <object_component_ref idref="oc-74"/>
      </symbol>
      <symbol id="sm-321">
         <name>I_ASR_8</name>
         <value>0xd7ea</value>
         <object_component_ref idref="oc-74"/>
      </symbol>
      <symbol id="sm-32d">
         <name>L_ASR_12</name>
         <value>0xd5ce</value>
         <object_component_ref idref="oc-140"/>
      </symbol>
      <symbol id="sm-32e">
         <name>L_ASR_13</name>
         <value>0xd5ca</value>
         <object_component_ref idref="oc-140"/>
      </symbol>
      <symbol id="sm-32f">
         <name>L_ASR_10</name>
         <value>0xd5d6</value>
         <object_component_ref idref="oc-140"/>
      </symbol>
      <symbol id="sm-330">
         <name>L_ASR_11</name>
         <value>0xd5d2</value>
         <object_component_ref idref="oc-140"/>
      </symbol>
      <symbol id="sm-331">
         <name>L_ASR_14</name>
         <value>0xd5c6</value>
         <object_component_ref idref="oc-140"/>
      </symbol>
      <symbol id="sm-332">
         <name>L_ASR_15</name>
         <value>0xd5c2</value>
         <object_component_ref idref="oc-140"/>
      </symbol>
      <symbol id="sm-333">
         <name>L_ASR_3</name>
         <value>0xd5f2</value>
         <object_component_ref idref="oc-140"/>
      </symbol>
      <symbol id="sm-334">
         <name>L_ASR_2</name>
         <value>0xd5f6</value>
         <object_component_ref idref="oc-140"/>
      </symbol>
      <symbol id="sm-335">
         <name>L_ASR_1</name>
         <value>0xd5fa</value>
         <object_component_ref idref="oc-140"/>
      </symbol>
      <symbol id="sm-336">
         <name>L_ASR_7</name>
         <value>0xd5e2</value>
         <object_component_ref idref="oc-140"/>
      </symbol>
      <symbol id="sm-337">
         <name>L_ASR_6</name>
         <value>0xd5e6</value>
         <object_component_ref idref="oc-140"/>
      </symbol>
      <symbol id="sm-338">
         <name>L_ASR_5</name>
         <value>0xd5ea</value>
         <object_component_ref idref="oc-140"/>
      </symbol>
      <symbol id="sm-339">
         <name>L_ASR_4</name>
         <value>0xd5ee</value>
         <object_component_ref idref="oc-140"/>
      </symbol>
      <symbol id="sm-33a">
         <name>L_ASR_9</name>
         <value>0xd5da</value>
         <object_component_ref idref="oc-140"/>
      </symbol>
      <symbol id="sm-33b">
         <name>L_ASR_8</name>
         <value>0xd5de</value>
         <object_component_ref idref="oc-140"/>
      </symbol>
      <symbol id="sm-34a">
         <name>_stack</name>
         <value>0x9b0</value>
         <object_component_ref idref="oc-7e"/>
      </symbol>
      <symbol id="sm-34b">
         <name>_reset_vector</name>
         <value>0xfffe</value>
         <object_component_ref idref="oc-7f"/>
      </symbol>
      <symbol id="sm-359">
         <name>_c_int00_noargs_noexit</name>
         <value>0xd936</value>
         <object_component_ref idref="oc-42"/>
      </symbol>
      <symbol id="sm-384">
         <name>__remi</name>
         <value>0xd7fc</value>
         <object_component_ref idref="oc-98"/>
      </symbol>
      <symbol id="sm-385">
         <name>__divi</name>
         <value>0xd7fc</value>
         <object_component_ref idref="oc-98"/>
      </symbol>
      <symbol id="sm-393">
         <name>__remu</name>
         <value>0xd99a</value>
         <object_component_ref idref="oc-9d"/>
      </symbol>
      <symbol id="sm-394">
         <name>__divu</name>
         <value>0xd99a</value>
         <object_component_ref idref="oc-9d"/>
      </symbol>
      <symbol id="sm-3a1">
         <name>func_epilog_1</name>
         <value>0xd9f2</value>
         <object_component_ref idref="oc-10b"/>
      </symbol>
      <symbol id="sm-3a2">
         <name>func_epilog_2</name>
         <value>0xd9f0</value>
         <object_component_ref idref="oc-10b"/>
      </symbol>
      <symbol id="sm-3a3">
         <name>func_epilog_3</name>
         <value>0xd9ee</value>
         <object_component_ref idref="oc-10b"/>
      </symbol>
      <symbol id="sm-3a4">
         <name>func_epilog_4</name>
         <value>0xd9ec</value>
         <object_component_ref idref="oc-10b"/>
      </symbol>
      <symbol id="sm-3a5">
         <name>func_epilog_5</name>
         <value>0xd9ea</value>
         <object_component_ref idref="oc-10b"/>
      </symbol>
      <symbol id="sm-3a6">
         <name>func_epilog_6</name>
         <value>0xd9e8</value>
         <object_component_ref idref="oc-10b"/>
      </symbol>
      <symbol id="sm-3a7">
         <name>func_epilog_7</name>
         <value>0xd9e6</value>
         <object_component_ref idref="oc-10b"/>
      </symbol>
      <symbol id="sm-3b5">
         <name>C$$EXIT</name>
         <value>0xda2c</value>
         <object_component_ref idref="oc-10a"/>
      </symbol>
      <symbol id="sm-3b6">
         <name>abort</name>
         <value>0xda2c</value>
         <object_component_ref idref="oc-10a"/>
      </symbol>
      <symbol id="sm-3ba">
         <name>__TI_int05</name>
         <value>0xffea</value>
         <object_component_ref idref="oc-33"/>
      </symbol>
      <symbol id="sm-3be">
         <name>__TI_int07</name>
         <value>0xffee</value>
         <object_component_ref idref="oc-35"/>
      </symbol>
      <symbol id="sm-3ca">
         <name>__TI_ISR_TRAP</name>
         <value>0xda1c</value>
         <object_component_ref idref="oc-ab"/>
      </symbol>
      <symbol id="sm-3df">
         <name>I_LSL</name>
         <value>0xd828</value>
         <object_component_ref idref="oc-b5"/>
      </symbol>
      <symbol id="sm-3e0">
         <name>I_LSL_3</name>
         <value>0xd84c</value>
         <object_component_ref idref="oc-b5"/>
      </symbol>
      <symbol id="sm-3e1">
         <name>I_LSL_2</name>
         <value>0xd84e</value>
         <object_component_ref idref="oc-b5"/>
      </symbol>
      <symbol id="sm-3e2">
         <name>I_LSL_1</name>
         <value>0xd850</value>
         <object_component_ref idref="oc-b5"/>
      </symbol>
      <symbol id="sm-3e3">
         <name>I_LSL_7</name>
         <value>0xd844</value>
         <object_component_ref idref="oc-b5"/>
      </symbol>
      <symbol id="sm-3e4">
         <name>I_LSL_6</name>
         <value>0xd846</value>
         <object_component_ref idref="oc-b5"/>
      </symbol>
      <symbol id="sm-3e5">
         <name>I_LSL_5</name>
         <value>0xd848</value>
         <object_component_ref idref="oc-b5"/>
      </symbol>
      <symbol id="sm-3e6">
         <name>I_LSL_4</name>
         <value>0xd84a</value>
         <object_component_ref idref="oc-b5"/>
      </symbol>
      <symbol id="sm-3e7">
         <name>I_LSL_9</name>
         <value>0xd840</value>
         <object_component_ref idref="oc-b5"/>
      </symbol>
      <symbol id="sm-3e8">
         <name>I_LSL_8</name>
         <value>0xd842</value>
         <object_component_ref idref="oc-b5"/>
      </symbol>
      <symbol id="sm-3e9">
         <name>I_LSL_12</name>
         <value>0xd83a</value>
         <object_component_ref idref="oc-b5"/>
      </symbol>
      <symbol id="sm-3ea">
         <name>I_LSL_13</name>
         <value>0xd838</value>
         <object_component_ref idref="oc-b5"/>
      </symbol>
      <symbol id="sm-3eb">
         <name>I_LSL_10</name>
         <value>0xd83e</value>
         <object_component_ref idref="oc-b5"/>
      </symbol>
      <symbol id="sm-3ec">
         <name>I_LSL_11</name>
         <value>0xd83c</value>
         <object_component_ref idref="oc-b5"/>
      </symbol>
      <symbol id="sm-3ed">
         <name>I_LSL_14</name>
         <value>0xd836</value>
         <object_component_ref idref="oc-b5"/>
      </symbol>
      <symbol id="sm-3ee">
         <name>I_LSL_15</name>
         <value>0xd834</value>
         <object_component_ref idref="oc-b5"/>
      </symbol>
      <symbol id="sm-3fc">
         <name>L_LSL</name>
         <value>0xd9d6</value>
         <object_component_ref idref="oc-13f"/>
      </symbol>
      <symbol id="sm-408">
         <name>I_LSR</name>
         <value>0xd4ac</value>
         <object_component_ref idref="oc-be"/>
      </symbol>
      <symbol id="sm-409">
         <name>I_LSR_12</name>
         <value>0xd4c6</value>
         <object_component_ref idref="oc-be"/>
      </symbol>
      <symbol id="sm-40a">
         <name>I_LSR_13</name>
         <value>0xd4c2</value>
         <object_component_ref idref="oc-be"/>
      </symbol>
      <symbol id="sm-40b">
         <name>I_LSR_10</name>
         <value>0xd4ce</value>
         <object_component_ref idref="oc-be"/>
      </symbol>
      <symbol id="sm-40c">
         <name>I_LSR_11</name>
         <value>0xd4ca</value>
         <object_component_ref idref="oc-be"/>
      </symbol>
      <symbol id="sm-40d">
         <name>I_LSR_14</name>
         <value>0xd4be</value>
         <object_component_ref idref="oc-be"/>
      </symbol>
      <symbol id="sm-40e">
         <name>I_LSR_15</name>
         <value>0xd4ba</value>
         <object_component_ref idref="oc-be"/>
      </symbol>
      <symbol id="sm-40f">
         <name>I_LSR_3</name>
         <value>0xd4ea</value>
         <object_component_ref idref="oc-be"/>
      </symbol>
      <symbol id="sm-410">
         <name>I_LSR_2</name>
         <value>0xd4ee</value>
         <object_component_ref idref="oc-be"/>
      </symbol>
      <symbol id="sm-411">
         <name>I_LSR_1</name>
         <value>0xd4f2</value>
         <object_component_ref idref="oc-be"/>
      </symbol>
      <symbol id="sm-412">
         <name>I_LSR_7</name>
         <value>0xd4da</value>
         <object_component_ref idref="oc-be"/>
      </symbol>
      <symbol id="sm-413">
         <name>I_LSR_6</name>
         <value>0xd4de</value>
         <object_component_ref idref="oc-be"/>
      </symbol>
      <symbol id="sm-414">
         <name>I_LSR_5</name>
         <value>0xd4e2</value>
         <object_component_ref idref="oc-be"/>
      </symbol>
      <symbol id="sm-415">
         <name>I_LSR_4</name>
         <value>0xd4e6</value>
         <object_component_ref idref="oc-be"/>
      </symbol>
      <symbol id="sm-416">
         <name>I_LSR_9</name>
         <value>0xd4d2</value>
         <object_component_ref idref="oc-be"/>
      </symbol>
      <symbol id="sm-417">
         <name>I_LSR_8</name>
         <value>0xd4d6</value>
         <object_component_ref idref="oc-be"/>
      </symbol>
      <symbol id="sm-425">
         <name>memcpy</name>
         <value>0xd9c4</value>
         <object_component_ref idref="oc-f8"/>
      </symbol>
      <symbol id="sm-44f">
         <name>__mpyi_hw</name>
         <value>0xd9b0</value>
         <object_component_ref idref="oc-118"/>
      </symbol>
      <symbol id="sm-47e">
         <name>__mpyl_hw</name>
         <value>0xd748</value>
         <object_component_ref idref="oc-147"/>
      </symbol>
      <symbol id="sm-4a2">
         <name>_system_pre_init</name>
         <value>0xda28</value>
         <object_component_ref idref="oc-104"/>
      </symbol>
      <symbol id="sm-4bf">
         <name>_auto_init</name>
         <value>0xd4f8</value>
         <object_component_ref idref="oc-105"/>
      </symbol>
   </symbol_table>
   <title>Link successful</title>
</link_info>
