<?xml version="1.0"?>
<link_info>
   <banner>MSP430 Linker PC v4.4.4</banner>
   <copyright>Copyright (c) 2003-2015 Texas Instruments Incorporated</copyright>
   <link_time>0x57643fc5</link_time>
   <link_errors>0x0</link_errors>
   <output_file>SP_STM.out</output_file>
   <entry_point>
      <name>_c_int00_noargs_noexit</name>
      <address>0xda62</address>
   </entry_point>
   <input_file_list>
      <input_file id="fl-2">
         <path>.\</path>
         <kind>object</kind>
         <file>irupt.obj</file>
         <name>irupt.obj</name>
      </input_file>
      <input_file id="fl-3">
         <path>.\</path>
         <kind>object</kind>
         <file>main.obj</file>
         <name>main.obj</name>
      </input_file>
      <input_file id="fl-4">
         <path>.\core\</path>
         <kind>object</kind>
         <file>core.obj</file>
         <name>core.obj</name>
      </input_file>
      <input_file id="fl-5">
         <path>.\core\</path>
         <kind>object</kind>
         <file>flash.obj</file>
         <name>flash.obj</name>
      </input_file>
      <input_file id="fl-6">
         <path>.\core\comm\</path>
         <kind>object</kind>
         <file>comm.obj</file>
         <name>comm.obj</name>
      </input_file>
      <input_file id="fl-7">
         <path>.\core\comm\</path>
         <kind>object</kind>
         <file>crc.obj</file>
         <name>crc.obj</name>
      </input_file>
      <input_file id="fl-8">
         <path>.\UART\</path>
         <kind>object</kind>
         <file>uartCom.obj</file>
         <name>uartCom.obj</name>
      </input_file>
      <input_file id="fl-9">
         <path>.\STM\</path>
         <kind>object</kind>
         <file>STM.obj</file>
         <name>STM.obj</name>
      </input_file>
      <input_file id="fl-38">
         <path>C:\ti\ccsv6\tools\compiler\ti-cgt-msp430_4.4.4\lib\</path>
         <kind>archive</kind>
         <file>rts430.lib</file>
         <name>asr16.obj</name>
      </input_file>
      <input_file id="fl-39">
         <path>C:\ti\ccsv6\tools\compiler\ti-cgt-msp430_4.4.4\lib\</path>
         <kind>archive</kind>
         <file>rts430.lib</file>
         <name>asr32.obj</name>
      </input_file>
      <input_file id="fl-3a">
         <path>C:\ti\ccsv6\tools\compiler\ti-cgt-msp430_4.4.4\lib\</path>
         <kind>archive</kind>
         <file>rts430.lib</file>
         <name>boot.obj</name>
      </input_file>
      <input_file id="fl-3b">
         <path>C:\ti\ccsv6\tools\compiler\ti-cgt-msp430_4.4.4\lib\</path>
         <kind>archive</kind>
         <file>rts430.lib</file>
         <name>boot_special.obj</name>
      </input_file>
      <input_file id="fl-3c">
         <path>C:\ti\ccsv6\tools\compiler\ti-cgt-msp430_4.4.4\lib\</path>
         <kind>archive</kind>
         <file>rts430.lib</file>
         <name>copy_decompress_none.obj</name>
      </input_file>
      <input_file id="fl-3d">
         <path>C:\ti\ccsv6\tools\compiler\ti-cgt-msp430_4.4.4\lib\</path>
         <kind>archive</kind>
         <file>rts430.lib</file>
         <name>copy_decompress_rle.obj</name>
      </input_file>
      <input_file id="fl-3e">
         <path>C:\ti\ccsv6\tools\compiler\ti-cgt-msp430_4.4.4\lib\</path>
         <kind>archive</kind>
         <file>rts430.lib</file>
         <name>copy_zero_init.obj</name>
      </input_file>
      <input_file id="fl-3f">
         <path>C:\ti\ccsv6\tools\compiler\ti-cgt-msp430_4.4.4\lib\</path>
         <kind>archive</kind>
         <file>rts430.lib</file>
         <name>div16s.obj</name>
      </input_file>
      <input_file id="fl-40">
         <path>C:\ti\ccsv6\tools\compiler\ti-cgt-msp430_4.4.4\lib\</path>
         <kind>archive</kind>
         <file>rts430.lib</file>
         <name>div16u.obj</name>
      </input_file>
      <input_file id="fl-41">
         <path>C:\ti\ccsv6\tools\compiler\ti-cgt-msp430_4.4.4\lib\</path>
         <kind>archive</kind>
         <file>rts430.lib</file>
         <name>epilog.obj</name>
      </input_file>
      <input_file id="fl-42">
         <path>C:\ti\ccsv6\tools\compiler\ti-cgt-msp430_4.4.4\lib\</path>
         <kind>archive</kind>
         <file>rts430.lib</file>
         <name>exit.obj</name>
      </input_file>
      <input_file id="fl-43">
         <path>C:\ti\ccsv6\tools\compiler\ti-cgt-msp430_4.4.4\lib\</path>
         <kind>archive</kind>
         <file>rts430.lib</file>
         <name>exit_gvars.obj</name>
      </input_file>
      <input_file id="fl-44">
         <path>C:\ti\ccsv6\tools\compiler\ti-cgt-msp430_4.4.4\lib\</path>
         <kind>archive</kind>
         <file>rts430.lib</file>
         <name>int05.obj</name>
      </input_file>
      <input_file id="fl-45">
         <path>C:\ti\ccsv6\tools\compiler\ti-cgt-msp430_4.4.4\lib\</path>
         <kind>archive</kind>
         <file>rts430.lib</file>
         <name>int06.obj</name>
      </input_file>
      <input_file id="fl-46">
         <path>C:\ti\ccsv6\tools\compiler\ti-cgt-msp430_4.4.4\lib\</path>
         <kind>archive</kind>
         <file>rts430.lib</file>
         <name>int07.obj</name>
      </input_file>
      <input_file id="fl-47">
         <path>C:\ti\ccsv6\tools\compiler\ti-cgt-msp430_4.4.4\lib\</path>
         <kind>archive</kind>
         <file>rts430.lib</file>
         <name>int09.obj</name>
      </input_file>
      <input_file id="fl-48">
         <path>C:\ti\ccsv6\tools\compiler\ti-cgt-msp430_4.4.4\lib\</path>
         <kind>archive</kind>
         <file>rts430.lib</file>
         <name>int10.obj</name>
      </input_file>
      <input_file id="fl-49">
         <path>C:\ti\ccsv6\tools\compiler\ti-cgt-msp430_4.4.4\lib\</path>
         <kind>archive</kind>
         <file>rts430.lib</file>
         <name>int13.obj</name>
      </input_file>
      <input_file id="fl-4a">
         <path>C:\ti\ccsv6\tools\compiler\ti-cgt-msp430_4.4.4\lib\</path>
         <kind>archive</kind>
         <file>rts430.lib</file>
         <name>isr_trap.obj</name>
      </input_file>
      <input_file id="fl-4b">
         <path>C:\ti\ccsv6\tools\compiler\ti-cgt-msp430_4.4.4\lib\</path>
         <kind>archive</kind>
         <file>rts430.lib</file>
         <name>lsl16.obj</name>
      </input_file>
      <input_file id="fl-4c">
         <path>C:\ti\ccsv6\tools\compiler\ti-cgt-msp430_4.4.4\lib\</path>
         <kind>archive</kind>
         <file>rts430.lib</file>
         <name>lsl32.obj</name>
      </input_file>
      <input_file id="fl-4d">
         <path>C:\ti\ccsv6\tools\compiler\ti-cgt-msp430_4.4.4\lib\</path>
         <kind>archive</kind>
         <file>rts430.lib</file>
         <name>lsr16.obj</name>
      </input_file>
      <input_file id="fl-4e">
         <path>C:\ti\ccsv6\tools\compiler\ti-cgt-msp430_4.4.4\lib\</path>
         <kind>archive</kind>
         <file>rts430.lib</file>
         <name>memcpy.obj</name>
      </input_file>
      <input_file id="fl-4f">
         <path>C:\ti\ccsv6\tools\compiler\ti-cgt-msp430_4.4.4\lib\</path>
         <kind>archive</kind>
         <file>rts430.lib</file>
         <name>mpu_init.obj</name>
      </input_file>
      <input_file id="fl-50">
         <path>C:\ti\ccsv6\tools\compiler\ti-cgt-msp430_4.4.4\lib\</path>
         <kind>archive</kind>
         <file>rts430.lib</file>
         <name>mult16.obj</name>
      </input_file>
      <input_file id="fl-51">
         <path>C:\ti\ccsv6\tools\compiler\ti-cgt-msp430_4.4.4\lib\</path>
         <kind>archive</kind>
         <file>rts430.lib</file>
         <name>mult1632_hw.obj</name>
      </input_file>
      <input_file id="fl-52">
         <path>C:\ti\ccsv6\tools\compiler\ti-cgt-msp430_4.4.4\lib\</path>
         <kind>archive</kind>
         <file>rts430.lib</file>
         <name>mult16_hw.obj</name>
      </input_file>
      <input_file id="fl-53">
         <path>C:\ti\ccsv6\tools\compiler\ti-cgt-msp430_4.4.4\lib\</path>
         <kind>archive</kind>
         <file>rts430.lib</file>
         <name>mult32.obj</name>
      </input_file>
      <input_file id="fl-54">
         <path>C:\ti\ccsv6\tools\compiler\ti-cgt-msp430_4.4.4\lib\</path>
         <kind>archive</kind>
         <file>rts430.lib</file>
         <name>mult3264_hw.obj</name>
      </input_file>
      <input_file id="fl-55">
         <path>C:\ti\ccsv6\tools\compiler\ti-cgt-msp430_4.4.4\lib\</path>
         <kind>archive</kind>
         <file>rts430.lib</file>
         <name>mult32_hw.obj</name>
      </input_file>
      <input_file id="fl-56">
         <path>C:\ti\ccsv6\tools\compiler\ti-cgt-msp430_4.4.4\lib\</path>
         <kind>archive</kind>
         <file>rts430.lib</file>
         <name>mult64_hw.obj</name>
      </input_file>
      <input_file id="fl-57">
         <path>C:\ti\ccsv6\tools\compiler\ti-cgt-msp430_4.4.4\lib\</path>
         <kind>archive</kind>
         <file>rts430.lib</file>
         <name>pre_init.obj</name>
      </input_file>
      <input_file id="fl-58">
         <path>C:\ti\ccsv6\tools\compiler\ti-cgt-msp430_4.4.4\lib\</path>
         <kind>archive</kind>
         <file>rts430.lib</file>
         <name>_lock.obj</name>
      </input_file>
      <input_file id="fl-59">
         <path>C:\ti\ccsv6\tools\compiler\ti-cgt-msp430_4.4.4\lib\</path>
         <kind>archive</kind>
         <file>rts430.lib</file>
         <name>args_main.obj</name>
      </input_file>
      <input_file id="fl-5a">
         <path>C:\ti\ccsv6\tools\compiler\ti-cgt-msp430_4.4.4\lib\</path>
         <kind>archive</kind>
         <file>rts430.lib</file>
         <name>autoinit.obj</name>
      </input_file>
   </input_file_list>
   <object_component_list>
      <object_component id="oc-4d">
         <name>.bss</name>
         <uninitialized>true</uninitialized>
         <run_address>0x24a</run_address>
         <size>0x3b</size>
         <input_file_ref idref="fl-3"/>
      </object_component>
      <object_component id="oc-55">
         <name>.bss</name>
         <uninitialized>true</uninitialized>
         <run_address>0x2ac</run_address>
         <size>0x8</size>
         <input_file_ref idref="fl-4"/>
      </object_component>
      <object_component id="oc-60">
         <name>.bss</name>
         <uninitialized>true</uninitialized>
         <run_address>0x200</run_address>
         <size>0x49</size>
         <input_file_ref idref="fl-6"/>
      </object_component>
      <object_component id="oc-6d">
         <name>.bss</name>
         <uninitialized>true</uninitialized>
         <run_address>0x286</run_address>
         <size>0x25</size>
         <input_file_ref idref="fl-9"/>
      </object_component>
      <object_component id="oc-7e">
         <name>.stack</name>
         <uninitialized>true</uninitialized>
         <run_address>0x9b0</run_address>
         <size>0x2</size>
         <input_file_ref idref="fl-3a"/>
      </object_component>
      <object_component id="oc-17a">
         <name>.stack</name>
         <uninitialized>true</uninitialized>
         <run_address>0x9b0</run_address>
         <size>0x0</size>
      </object_component>
      <object_component id="oc-114">
         <name>.text:vCORE_Run</name>
         <load_address>0xc000</load_address>
         <run_address>0xc000</run_address>
         <size>0x536</size>
         <input_file_ref idref="fl-4"/>
      </object_component>
      <object_component id="oc-14a">
         <name>.text:cSTM_ReadValue</name>
         <load_address>0xc536</load_address>
         <run_address>0xc536</run_address>
         <size>0x28c</size>
         <input_file_ref idref="fl-9"/>
      </object_component>
      <object_component id="oc-132">
         <name>.text:cSTM_RequestSensorType</name>
         <load_address>0xc7c2</load_address>
         <run_address>0xc7c2</run_address>
         <size>0x162</size>
         <input_file_ref idref="fl-9"/>
      </object_component>
      <object_component id="oc-142">
         <name>.text:cSTM_Measure</name>
         <load_address>0xc924</load_address>
         <run_address>0xc924</run_address>
         <size>0x106</size>
         <input_file_ref idref="fl-9"/>
      </object_component>
      <object_component id="oc-138">
         <name>.text:uiMain_STM3</name>
         <load_address>0xca2a</load_address>
         <run_address>0xca2a</run_address>
         <size>0xf4</size>
         <input_file_ref idref="fl-3"/>
      </object_component>
      <object_component id="oc-13a">
         <name>.text:uiMain_STM1</name>
         <load_address>0xcb1e</load_address>
         <run_address>0xcb1e</run_address>
         <size>0xf2</size>
         <input_file_ref idref="fl-3"/>
      </object_component>
      <object_component id="oc-139">
         <name>.text:uiMain_STM2</name>
         <load_address>0xcc10</load_address>
         <run_address>0xcc10</run_address>
         <size>0xf2</size>
         <input_file_ref idref="fl-3"/>
      </object_component>
      <object_component id="oc-137">
         <name>.text:uiMain_STM4</name>
         <load_address>0xcd02</load_address>
         <run_address>0xcd02</run_address>
         <size>0xf2</size>
         <input_file_ref idref="fl-3"/>
      </object_component>
      <object_component id="oc-126">
         <name>.text:vMain_FetchLabel</name>
         <load_address>0xcdf4</load_address>
         <run_address>0xcdf4</run_address>
         <size>0xca</size>
         <input_file_ref idref="fl-3"/>
      </object_component>
      <object_component id="oc-100">
         <name>.text:TIMERB1_ISR</name>
         <load_address>0xcebe</load_address>
         <run_address>0xcebe</run_address>
         <size>0xc0</size>
         <input_file_ref idref="fl-2"/>
      </object_component>
      <object_component id="oc-12f">
         <name>.text:ucCOMM_SendByte</name>
         <load_address>0xcf7e</load_address>
         <run_address>0xcf7e</run_address>
         <size>0xb4</size>
         <input_file_ref idref="fl-6"/>
      </object_component>
      <object_component id="oc-130">
         <name>.text:ucCOMM_ReceiveByte</name>
         <load_address>0xd032</load_address>
         <run_address>0xd032</run_address>
         <size>0xa4</size>
         <input_file_ref idref="fl-6"/>
      </object_component>
      <object_component id="oc-112">
         <name>.text:vCORE_Initilize</name>
         <load_address>0xd0d6</load_address>
         <run_address>0xd0d6</run_address>
         <size>0xa4</size>
         <input_file_ref idref="fl-4"/>
      </object_component>
      <object_component id="oc-fc">
         <name>.text:PORT1_ISR</name>
         <load_address>0xd17a</load_address>
         <run_address>0xd17a</run_address>
         <size>0x94</size>
         <input_file_ref idref="fl-2"/>
      </object_component>
      <object_component id="oc-127">
         <name>.text:ucMain_FetchData</name>
         <load_address>0xd20e</load_address>
         <run_address>0xd20e</run_address>
         <size>0x84</size>
         <input_file_ref idref="fl-3"/>
      </object_component>
      <object_component id="oc-12e">
         <name>.text:ucCRC16_compute_msg_CRC</name>
         <load_address>0xd292</load_address>
         <run_address>0xd292</run_address>
         <size>0x74</size>
         <input_file_ref idref="fl-7"/>
      </object_component>
      <object_component id="oc-119">
         <name>.text:unCORE_GetVoltage</name>
         <load_address>0xd306</load_address>
         <run_address>0xd306</run_address>
         <size>0x72</size>
         <input_file_ref idref="fl-4"/>
      </object_component>
      <object_component id="oc-125">
         <name>.text:vFlash_GetBSLPW</name>
         <load_address>0xd378</load_address>
         <run_address>0xd378</run_address>
         <size>0x70</size>
         <input_file_ref idref="fl-5"/>
      </object_component>
      <object_component id="oc-13f">
         <name>.text:cSTM_Test_Checksum</name>
         <load_address>0xd3e8</load_address>
         <run_address>0xd3e8</run_address>
         <size>0x5c</size>
         <input_file_ref idref="fl-9"/>
      </object_component>
      <object_component id="oc-11d">
         <name>.text:ucCOMM_GrabMessageFromBuffer</name>
         <load_address>0xd444</load_address>
         <run_address>0xd444</run_address>
         <size>0x54</size>
         <input_file_ref idref="fl-6"/>
      </object_component>
      <object_component id="oc-113">
         <name>.text:vMain_CleanDataStruct</name>
         <load_address>0xd498</load_address>
         <run_address>0xd498</run_address>
         <size>0x54</size>
         <input_file_ref idref="fl-3"/>
      </object_component>
      <object_component id="oc-121">
         <name>.text:ucFlash_SetHID</name>
         <load_address>0xd4ec</load_address>
         <run_address>0xd4ec</run_address>
         <size>0x52</size>
         <input_file_ref idref="fl-5"/>
      </object_component>
      <object_component id="oc-bb">
         <name>.text</name>
         <load_address>0xd53e</load_address>
         <run_address>0xd53e</run_address>
         <size>0x4c</size>
         <input_file_ref idref="fl-4d"/>
      </object_component>
      <object_component id="oc-116">
         <name>.text:vCOMM_Init</name>
         <load_address>0xd58a</load_address>
         <run_address>0xd58a</run_address>
         <size>0x4c</size>
         <input_file_ref idref="fl-6"/>
      </object_component>
      <object_component id="oc-103">
         <name>.text:_auto_init</name>
         <load_address>0xd5d6</load_address>
         <run_address>0xd5d6</run_address>
         <size>0x48</size>
         <input_file_ref idref="fl-5a"/>
      </object_component>
      <object_component id="oc-135">
         <name>.text:vFlash_Write_Segment</name>
         <load_address>0xd61e</load_address>
         <run_address>0xd61e</run_address>
         <size>0x40</size>
         <input_file_ref idref="fl-5"/>
      </object_component>
      <object_component id="oc-146">
         <name>.text:l_asr_const</name>
         <load_address>0xd65e</load_address>
         <run_address>0xd65e</run_address>
         <size>0x3e</size>
         <input_file_ref idref="fl-39"/>
      </object_component>
      <object_component id="oc-11a">
         <name>.text:ucCOMM_WaitForStartCondition</name>
         <load_address>0xd69c</load_address>
         <run_address>0xd69c</run_address>
         <size>0x3e</size>
         <input_file_ref idref="fl-6"/>
      </object_component>
      <object_component id="oc-147">
         <name>.text:vCRC16_updateNibble</name>
         <load_address>0xd6da</load_address>
         <run_address>0xd6da</run_address>
         <size>0x3e</size>
         <input_file_ref idref="fl-7"/>
      </object_component>
      <object_component id="oc-11c">
         <name>.text:ucCOMM_WaitForMessage</name>
         <load_address>0xd718</load_address>
         <run_address>0xd718</run_address>
         <size>0x3c</size>
         <input_file_ref idref="fl-6"/>
      </object_component>
      <object_component id="oc-11b">
         <name>.text:vCOMM_SendMessage</name>
         <load_address>0xd754</load_address>
         <run_address>0xd754</run_address>
         <size>0x3c</size>
         <input_file_ref idref="fl-6"/>
      </object_component>
      <object_component id="oc-129">
         <name>.text:uiMainDispatch</name>
         <load_address>0xd790</load_address>
         <run_address>0xd790</run_address>
         <size>0x3a</size>
         <input_file_ref idref="fl-3"/>
      </object_component>
      <object_component id="oc-141">
         <name>.text:vSTM_Initialize</name>
         <load_address>0xd7ca</load_address>
         <run_address>0xd7ca</run_address>
         <size>0x36</size>
         <input_file_ref idref="fl-9"/>
      </object_component>
      <object_component id="oc-140">
         <name>.text:ucFlash_Write_Byte</name>
         <load_address>0xd800</load_address>
         <run_address>0xd800</run_address>
         <size>0x34</size>
         <input_file_ref idref="fl-5"/>
      </object_component>
      <object_component id="oc-133">
         <name>.text:vFlash_Read_Segment</name>
         <load_address>0xd834</load_address>
         <run_address>0xd834</run_address>
         <size>0x34</size>
         <input_file_ref idref="fl-5"/>
      </object_component>
      <object_component id="oc-131">
         <name>.text:cSTM_ReturnSensorType</name>
         <load_address>0xd868</load_address>
         <run_address>0xd868</run_address>
         <size>0x32</size>
         <input_file_ref idref="fl-9"/>
      </object_component>
      <object_component id="oc-14d">
         <name>.text</name>
         <load_address>0xd89a</load_address>
         <run_address>0xd89a</run_address>
         <size>0x2e</size>
         <input_file_ref idref="fl-55"/>
      </object_component>
      <object_component id="oc-136">
         <name>.text:vFlash_DisIncorrect_BSLPW_Erase</name>
         <load_address>0xd8c8</load_address>
         <run_address>0xd8c8</run_address>
         <size>0x2e</size>
         <input_file_ref idref="fl-5"/>
      </object_component>
      <object_component id="oc-74">
         <name>.text</name>
         <load_address>0xd8f6</load_address>
         <run_address>0xd8f6</run_address>
         <size>0x2c</size>
         <input_file_ref idref="fl-38"/>
      </object_component>
      <object_component id="oc-98">
         <name>.text</name>
         <load_address>0xd922</load_address>
         <run_address>0xd922</run_address>
         <size>0x2c</size>
         <input_file_ref idref="fl-3f"/>
      </object_component>
      <object_component id="oc-b2">
         <name>.text</name>
         <load_address>0xd94e</load_address>
         <run_address>0xd94e</run_address>
         <size>0x2c</size>
         <input_file_ref idref="fl-4b"/>
      </object_component>
      <object_component id="oc-12a">
         <name>.text:vCORE_Send_ErrorMsg</name>
         <load_address>0xd97a</load_address>
         <run_address>0xd97a</run_address>
         <size>0x2c</size>
         <input_file_ref idref="fl-4"/>
      </object_component>
      <object_component id="oc-fd">
         <name>.text:PORT2_ISR</name>
         <load_address>0xd9a6</load_address>
         <run_address>0xd9a6</run_address>
         <size>0x28</size>
         <input_file_ref idref="fl-2"/>
      </object_component>
      <object_component id="oc-12d">
         <name>.text:uiFlash_Read_Int</name>
         <load_address>0xd9ce</load_address>
         <run_address>0xd9ce</run_address>
         <size>0x28</size>
         <input_file_ref idref="fl-5"/>
      </object_component>
      <object_component id="oc-128">
         <name>.text:vCORE_Send_ConfirmPKT</name>
         <load_address>0xd9f6</load_address>
         <run_address>0xd9f6</run_address>
         <size>0x28</size>
         <input_file_ref idref="fl-4"/>
      </object_component>
      <object_component id="oc-117">
         <name>.text:vFlash_GetHID</name>
         <load_address>0xda1e</load_address>
         <run_address>0xda1e</run_address>
         <size>0x26</size>
         <input_file_ref idref="fl-5"/>
      </object_component>
      <object_component id="oc-134">
         <name>.text:vFlash_Erase_Seg</name>
         <load_address>0xda44</load_address>
         <run_address>0xda44</run_address>
         <size>0x1e</size>
         <input_file_ref idref="fl-5"/>
      </object_component>
      <object_component id="oc-42">
         <name>.text:_c_int00_noargs_noexit</name>
         <load_address>0xda62</load_address>
         <run_address>0xda62</run_address>
         <size>0x1a</size>
         <input_file_ref idref="fl-3b"/>
      </object_component>
      <object_component id="oc-13c">
         <name>.text:vCRC16_updateByte</name>
         <load_address>0xda7c</load_address>
         <run_address>0xda7c</run_address>
         <size>0x1a</size>
         <input_file_ref idref="fl-7"/>
      </object_component>
      <object_component id="oc-13b">
         <name>.text:uiMain_Test</name>
         <load_address>0xda96</load_address>
         <run_address>0xda96</run_address>
         <size>0x18</size>
         <input_file_ref idref="fl-3"/>
      </object_component>
      <object_component id="oc-12c">
         <name>.text:vFlash_init</name>
         <load_address>0xdaae</load_address>
         <run_address>0xdaae</run_address>
         <size>0x18</size>
         <input_file_ref idref="fl-5"/>
      </object_component>
      <object_component id="oc-9d">
         <name>.text</name>
         <load_address>0xdac6</load_address>
         <run_address>0xdac6</run_address>
         <size>0x16</size>
         <input_file_ref idref="fl-40"/>
      </object_component>
      <object_component id="oc-118">
         <name>.text</name>
         <load_address>0xdadc</load_address>
         <run_address>0xdadc</run_address>
         <size>0x14</size>
         <input_file_ref idref="fl-52"/>
      </object_component>
      <object_component id="oc-107">
         <name>.text:main</name>
         <load_address>0xdaf0</load_address>
         <run_address>0xdaf0</run_address>
         <size>0x12</size>
         <input_file_ref idref="fl-3"/>
      </object_component>
      <object_component id="oc-fa">
         <name>.text:memcpy</name>
         <load_address>0xdb02</load_address>
         <run_address>0xdb02</run_address>
         <size>0x12</size>
         <input_file_ref idref="fl-4e"/>
      </object_component>
      <object_component id="oc-123">
         <name>.text:ucMain_getTransducerType</name>
         <load_address>0xdb14</load_address>
         <run_address>0xdb14</run_address>
         <size>0x12</size>
         <input_file_ref idref="fl-3"/>
      </object_component>
      <object_component id="oc-145">
         <name>.text:l_lsl</name>
         <load_address>0xdb26</load_address>
         <run_address>0xdb26</run_address>
         <size>0x10</size>
         <input_file_ref idref="fl-4c"/>
      </object_component>
      <object_component id="oc-109">
         <name>.text</name>
         <load_address>0xdb36</load_address>
         <run_address>0xdb36</run_address>
         <size>0x10</size>
         <input_file_ref idref="fl-41"/>
      </object_component>
      <object_component id="oc-143">
         <name>.text:lSTM_GetSoil</name>
         <load_address>0xdb46</load_address>
         <run_address>0xdb46</run_address>
         <size>0xa</size>
         <input_file_ref idref="fl-9"/>
      </object_component>
      <object_component id="oc-ad">
         <name>.text:_isr:__TI_ISR_TRAP</name>
         <load_address>0xdb50</load_address>
         <run_address>0xdb50</run_address>
         <size>0x6</size>
         <input_file_ref idref="fl-4a"/>
      </object_component>
      <object_component id="oc-144">
         <name>.text:iSTM_GetTemp</name>
         <load_address>0xdb56</load_address>
         <run_address>0xdb56</run_address>
         <size>0x6</size>
         <input_file_ref idref="fl-9"/>
      </object_component>
      <object_component id="oc-11f">
         <name>.text:ucMAIN_ReturnSensorType</name>
         <load_address>0xdb5c</load_address>
         <run_address>0xdb5c</run_address>
         <size>0x6</size>
         <input_file_ref idref="fl-3"/>
      </object_component>
      <object_component id="oc-120">
         <name>.text:vMAIN_RequestSensorType</name>
         <load_address>0xdb62</load_address>
         <run_address>0xdb62</run_address>
         <size>0x6</size>
         <input_file_ref idref="fl-3"/>
      </object_component>
      <object_component id="oc-102">
         <name>.text:_system_pre_init</name>
         <load_address>0xdb68</load_address>
         <run_address>0xdb68</run_address>
         <size>0x4</size>
         <input_file_ref idref="fl-57"/>
      </object_component>
      <object_component id="oc-108">
         <name>.text:abort</name>
         <load_address>0xdb6c</load_address>
         <run_address>0xdb6c</run_address>
         <size>0x4</size>
         <input_file_ref idref="fl-42"/>
      </object_component>
      <object_component id="oc-11e">
         <name>.text:ucMain_ShutdownAllowed</name>
         <load_address>0xdb70</load_address>
         <run_address>0xdb70</run_address>
         <size>0x4</size>
         <input_file_ref idref="fl-3"/>
      </object_component>
      <object_component id="oc-122">
         <name>.text:ucMain_getNumTransducers</name>
         <load_address>0xdb74</load_address>
         <run_address>0xdb74</run_address>
         <size>0x4</size>
         <input_file_ref idref="fl-3"/>
      </object_component>
      <object_component id="oc-124">
         <name>.text:ucMain_getSampleDuration</name>
         <load_address>0xdb78</load_address>
         <run_address>0xdb78</run_address>
         <size>0x4</size>
         <input_file_ref idref="fl-3"/>
      </object_component>
      <object_component id="oc-ff">
         <name>.text:COMPARATORA_ISR</name>
         <load_address>0xdb7c</load_address>
         <run_address>0xdb7c</run_address>
         <size>0x2</size>
         <input_file_ref idref="fl-2"/>
      </object_component>
      <object_component id="oc-101">
         <name>.text:NMI_ISR</name>
         <load_address>0xdb7e</load_address>
         <run_address>0xdb7e</run_address>
         <size>0x2</size>
         <input_file_ref idref="fl-2"/>
      </object_component>
      <object_component id="oc-fe">
         <name>.text:TIMERA1_ISR</name>
         <load_address>0xdb80</load_address>
         <run_address>0xdb80</run_address>
         <size>0x2</size>
         <input_file_ref idref="fl-2"/>
      </object_component>
      <object_component id="oc-12b">
         <name>.text:vMain_EventTrigger</name>
         <load_address>0xdb82</load_address>
         <run_address>0xdb82</run_address>
         <size>0x2</size>
         <input_file_ref idref="fl-3"/>
      </object_component>
      <object_component id="oc-6f">
         <name>.cinit</name>
         <load_address>0xdc20</load_address>
         <run_address>0xdc20</run_address>
         <size>0x29</size>
         <input_file_ref idref="fl-9"/>
      </object_component>
      <object_component id="oc-4f">
         <name>.cinit</name>
         <load_address>0xdc4a</load_address>
         <run_address>0xdc4a</run_address>
         <size>0x5</size>
         <input_file_ref idref="fl-3"/>
      </object_component>
      <object_component id="oc-50">
         <name>.const:.string</name>
         <load_address>0xdb84</load_address>
         <run_address>0xdb84</run_address>
         <size>0x6c</size>
         <input_file_ref idref="fl-3"/>
      </object_component>
      <object_component id="oc-14b">
         <name>.const:.string:ucCRC16_lookupHI</name>
         <load_address>0xdbf0</load_address>
         <run_address>0xdbf0</run_address>
         <size>0x10</size>
         <input_file_ref idref="fl-7"/>
      </object_component>
      <object_component id="oc-14c">
         <name>.const:.string:ucCRC16_lookupLO</name>
         <load_address>0xdc00</load_address>
         <run_address>0xdc00</run_address>
         <size>0x10</size>
         <input_file_ref idref="fl-7"/>
      </object_component>
      <object_component id="oc-148">
         <name>.const:.string:$P$T0$1</name>
         <load_address>0xdc10</load_address>
         <run_address>0xdc10</run_address>
         <size>0x4</size>
         <input_file_ref idref="fl-9"/>
      </object_component>
      <object_component id="oc-149">
         <name>.const:.string:$P$T1$2</name>
         <load_address>0xdc14</load_address>
         <run_address>0xdc14</run_address>
         <size>0x4</size>
         <input_file_ref idref="fl-9"/>
      </object_component>
      <object_component id="oc-13d">
         <name>.const:.string:$P$T2$3</name>
         <load_address>0xdc18</load_address>
         <run_address>0xdc18</run_address>
         <size>0x4</size>
         <input_file_ref idref="fl-9"/>
      </object_component>
      <object_component id="oc-13e">
         <name>.const:.string:$P$T3$4</name>
         <load_address>0xdc1c</load_address>
         <run_address>0xdc1c</run_address>
         <size>0x4</size>
         <input_file_ref idref="fl-9"/>
      </object_component>
      <object_component id="oc-31">
         <name>.int02</name>
         <load_address>0xffe4</load_address>
         <run_address>0xffe4</run_address>
         <size>0x2</size>
         <input_file_ref idref="fl-2"/>
      </object_component>
      <object_component id="oc-32">
         <name>.int03</name>
         <load_address>0xffe6</load_address>
         <run_address>0xffe6</run_address>
         <size>0x2</size>
         <input_file_ref idref="fl-2"/>
      </object_component>
      <object_component id="oc-33">
         <name>.int05</name>
         <load_address>0xffea</load_address>
         <run_address>0xffea</run_address>
         <size>0x2</size>
         <input_file_ref idref="fl-44"/>
      </object_component>
      <object_component id="oc-34">
         <name>.int06</name>
         <load_address>0xffec</load_address>
         <run_address>0xffec</run_address>
         <size>0x2</size>
         <input_file_ref idref="fl-45"/>
      </object_component>
      <object_component id="oc-35">
         <name>.int07</name>
         <load_address>0xffee</load_address>
         <run_address>0xffee</run_address>
         <size>0x2</size>
         <input_file_ref idref="fl-46"/>
      </object_component>
      <object_component id="oc-36">
         <name>.int08</name>
         <load_address>0xfff0</load_address>
         <run_address>0xfff0</run_address>
         <size>0x2</size>
         <input_file_ref idref="fl-2"/>
      </object_component>
      <object_component id="oc-37">
         <name>.int09</name>
         <load_address>0xfff2</load_address>
         <run_address>0xfff2</run_address>
         <size>0x2</size>
         <input_file_ref idref="fl-47"/>
      </object_component>
      <object_component id="oc-38">
         <name>.int10</name>
         <load_address>0xfff4</load_address>
         <run_address>0xfff4</run_address>
         <size>0x2</size>
         <input_file_ref idref="fl-48"/>
      </object_component>
      <object_component id="oc-39">
         <name>.int11</name>
         <load_address>0xfff6</load_address>
         <run_address>0xfff6</run_address>
         <size>0x2</size>
         <input_file_ref idref="fl-2"/>
      </object_component>
      <object_component id="oc-3a">
         <name>.int12</name>
         <load_address>0xfff8</load_address>
         <run_address>0xfff8</run_address>
         <size>0x2</size>
         <input_file_ref idref="fl-2"/>
      </object_component>
      <object_component id="oc-3b">
         <name>.int13</name>
         <load_address>0xfffa</load_address>
         <run_address>0xfffa</run_address>
         <size>0x2</size>
         <input_file_ref idref="fl-49"/>
      </object_component>
      <object_component id="oc-3c">
         <name>.int14</name>
         <load_address>0xfffc</load_address>
         <run_address>0xfffc</run_address>
         <size>0x2</size>
         <input_file_ref idref="fl-2"/>
      </object_component>
      <object_component id="oc-7f">
         <name>.reset</name>
         <load_address>0xfffe</load_address>
         <run_address>0xfffe</run_address>
         <size>0x2</size>
         <input_file_ref idref="fl-3a"/>
      </object_component>
      <object_component id="oc-48">
         <name>.debug_info</name>
         <load_address>0x0</load_address>
         <run_address>0x0</run_address>
         <size>0x632</size>
         <input_file_ref idref="fl-2"/>
      </object_component>
      <object_component id="oc-4e">
         <name>.debug_info</name>
         <load_address>0x632</load_address>
         <run_address>0x632</run_address>
         <size>0x11d6</size>
         <input_file_ref idref="fl-3"/>
      </object_component>
      <object_component id="oc-56">
         <name>.debug_info</name>
         <load_address>0x1808</load_address>
         <run_address>0x1808</run_address>
         <size>0x11da</size>
         <input_file_ref idref="fl-4"/>
      </object_component>
      <object_component id="oc-5b">
         <name>.debug_info</name>
         <load_address>0x29e2</load_address>
         <run_address>0x29e2</run_address>
         <size>0xb24</size>
         <input_file_ref idref="fl-5"/>
      </object_component>
      <object_component id="oc-61">
         <name>.debug_info</name>
         <load_address>0x3506</load_address>
         <run_address>0x3506</run_address>
         <size>0xac1</size>
         <input_file_ref idref="fl-6"/>
      </object_component>
      <object_component id="oc-66">
         <name>.debug_info</name>
         <load_address>0x3fc7</load_address>
         <run_address>0x3fc7</run_address>
         <size>0x5de</size>
         <input_file_ref idref="fl-7"/>
      </object_component>
      <object_component id="oc-6b">
         <name>.debug_info</name>
         <load_address>0x45a5</load_address>
         <run_address>0x45a5</run_address>
         <size>0x16d</size>
         <input_file_ref idref="fl-8"/>
      </object_component>
      <object_component id="oc-6e">
         <name>.debug_info</name>
         <load_address>0x4712</load_address>
         <run_address>0x4712</run_address>
         <size>0xb82</size>
         <input_file_ref idref="fl-9"/>
      </object_component>
      <object_component id="oc-75">
         <name>.debug_info</name>
         <load_address>0x5294</load_address>
         <run_address>0x5294</run_address>
         <size>0xe7</size>
         <input_file_ref idref="fl-38"/>
      </object_component>
      <object_component id="oc-79">
         <name>.debug_info</name>
         <load_address>0x537b</load_address>
         <run_address>0x537b</run_address>
         <size>0xed</size>
         <input_file_ref idref="fl-39"/>
      </object_component>
      <object_component id="oc-7d">
         <name>.debug_info</name>
         <load_address>0x5468</load_address>
         <run_address>0x5468</run_address>
         <size>0x286</size>
         <input_file_ref idref="fl-3a"/>
      </object_component>
      <object_component id="oc-84">
         <name>.debug_info</name>
         <load_address>0x56ee</load_address>
         <run_address>0x56ee</run_address>
         <size>0x362</size>
         <input_file_ref idref="fl-3b"/>
      </object_component>
      <object_component id="oc-89">
         <name>.debug_info</name>
         <load_address>0x5a50</load_address>
         <run_address>0x5a50</run_address>
         <size>0x2a4</size>
         <input_file_ref idref="fl-3c"/>
      </object_component>
      <object_component id="oc-8e">
         <name>.debug_info</name>
         <load_address>0x5cf4</load_address>
         <run_address>0x5cf4</run_address>
         <size>0x249</size>
         <input_file_ref idref="fl-3d"/>
      </object_component>
      <object_component id="oc-93">
         <name>.debug_info</name>
         <load_address>0x5f3d</load_address>
         <run_address>0x5f3d</run_address>
         <size>0x25f</size>
         <input_file_ref idref="fl-3e"/>
      </object_component>
      <object_component id="oc-99">
         <name>.debug_info</name>
         <load_address>0x619c</load_address>
         <run_address>0x619c</run_address>
         <size>0xf7</size>
         <input_file_ref idref="fl-3f"/>
      </object_component>
      <object_component id="oc-9e">
         <name>.debug_info</name>
         <load_address>0x6293</load_address>
         <run_address>0x6293</run_address>
         <size>0xea</size>
         <input_file_ref idref="fl-40"/>
      </object_component>
      <object_component id="oc-a2">
         <name>.debug_info</name>
         <load_address>0x637d</load_address>
         <run_address>0x637d</run_address>
         <size>0xf3</size>
         <input_file_ref idref="fl-41"/>
      </object_component>
      <object_component id="oc-a6">
         <name>.debug_info</name>
         <load_address>0x6470</load_address>
         <run_address>0x6470</run_address>
         <size>0x2c9</size>
         <input_file_ref idref="fl-42"/>
      </object_component>
      <object_component id="oc-ab">
         <name>.debug_info</name>
         <load_address>0x6739</load_address>
         <run_address>0x6739</run_address>
         <size>0x1a0</size>
         <input_file_ref idref="fl-43"/>
      </object_component>
      <object_component id="oc-ae">
         <name>.debug_info</name>
         <load_address>0x68d9</load_address>
         <run_address>0x68d9</run_address>
         <size>0xe6</size>
         <input_file_ref idref="fl-4a"/>
      </object_component>
      <object_component id="oc-b3">
         <name>.debug_info</name>
         <load_address>0x69bf</load_address>
         <run_address>0x69bf</run_address>
         <size>0xe7</size>
         <input_file_ref idref="fl-4b"/>
      </object_component>
      <object_component id="oc-b7">
         <name>.debug_info</name>
         <load_address>0x6aa6</load_address>
         <run_address>0x6aa6</run_address>
         <size>0xe7</size>
         <input_file_ref idref="fl-4c"/>
      </object_component>
      <object_component id="oc-bc">
         <name>.debug_info</name>
         <load_address>0x6b8d</load_address>
         <run_address>0x6b8d</run_address>
         <size>0xe7</size>
         <input_file_ref idref="fl-4d"/>
      </object_component>
      <object_component id="oc-c0">
         <name>.debug_info</name>
         <load_address>0x6c74</load_address>
         <run_address>0x6c74</run_address>
         <size>0x2d2</size>
         <input_file_ref idref="fl-4e"/>
      </object_component>
      <object_component id="oc-c5">
         <name>.debug_info</name>
         <load_address>0x6f46</load_address>
         <run_address>0x6f46</run_address>
         <size>0x29e</size>
         <input_file_ref idref="fl-4f"/>
      </object_component>
      <object_component id="oc-ca">
         <name>.debug_info</name>
         <load_address>0x71e4</load_address>
         <run_address>0x71e4</run_address>
         <size>0xba</size>
         <input_file_ref idref="fl-50"/>
      </object_component>
      <object_component id="oc-ce">
         <name>.debug_info</name>
         <load_address>0x729e</load_address>
         <run_address>0x729e</run_address>
         <size>0xbf</size>
         <input_file_ref idref="fl-51"/>
      </object_component>
      <object_component id="oc-d2">
         <name>.debug_info</name>
         <load_address>0x735d</load_address>
         <run_address>0x735d</run_address>
         <size>0xe8</size>
         <input_file_ref idref="fl-52"/>
      </object_component>
      <object_component id="oc-d6">
         <name>.debug_info</name>
         <load_address>0x7445</load_address>
         <run_address>0x7445</run_address>
         <size>0xba</size>
         <input_file_ref idref="fl-53"/>
      </object_component>
      <object_component id="oc-da">
         <name>.debug_info</name>
         <load_address>0x74ff</load_address>
         <run_address>0x74ff</run_address>
         <size>0xbf</size>
         <input_file_ref idref="fl-54"/>
      </object_component>
      <object_component id="oc-de">
         <name>.debug_info</name>
         <load_address>0x75be</load_address>
         <run_address>0x75be</run_address>
         <size>0xe8</size>
         <input_file_ref idref="fl-55"/>
      </object_component>
      <object_component id="oc-e2">
         <name>.debug_info</name>
         <load_address>0x76a6</load_address>
         <run_address>0x76a6</run_address>
         <size>0xbd</size>
         <input_file_ref idref="fl-56"/>
      </object_component>
      <object_component id="oc-e6">
         <name>.debug_info</name>
         <load_address>0x7763</load_address>
         <run_address>0x7763</run_address>
         <size>0x25b</size>
         <input_file_ref idref="fl-57"/>
      </object_component>
      <object_component id="oc-eb">
         <name>.debug_info</name>
         <load_address>0x79be</load_address>
         <run_address>0x79be</run_address>
         <size>0x204</size>
         <input_file_ref idref="fl-58"/>
      </object_component>
      <object_component id="oc-f0">
         <name>.debug_info</name>
         <load_address>0x7bc2</load_address>
         <run_address>0x7bc2</run_address>
         <size>0x2b6</size>
         <input_file_ref idref="fl-59"/>
      </object_component>
      <object_component id="oc-f5">
         <name>.debug_info</name>
         <load_address>0x7e78</load_address>
         <run_address>0x7e78</run_address>
         <size>0x370</size>
         <input_file_ref idref="fl-5a"/>
      </object_component>
      <object_component id="oc-17b">
         <name>.debug_info</name>
         <load_address>0x81e8</load_address>
         <run_address>0x81e8</run_address>
         <size>0x98</size>
      </object_component>
      <object_component id="oc-49">
         <name>.debug_frame</name>
         <load_address>0x0</load_address>
         <run_address>0x0</run_address>
         <size>0xc4</size>
         <input_file_ref idref="fl-2"/>
      </object_component>
      <object_component id="oc-51">
         <name>.debug_frame</name>
         <load_address>0xc4</load_address>
         <run_address>0xc4</run_address>
         <size>0x1d8</size>
         <input_file_ref idref="fl-3"/>
      </object_component>
      <object_component id="oc-57">
         <name>.debug_frame</name>
         <load_address>0x29c</load_address>
         <run_address>0x29c</run_address>
         <size>0xbc</size>
         <input_file_ref idref="fl-4"/>
      </object_component>
      <object_component id="oc-5c">
         <name>.debug_frame</name>
         <load_address>0x358</load_address>
         <run_address>0x358</run_address>
         <size>0x123</size>
         <input_file_ref idref="fl-5"/>
      </object_component>
      <object_component id="oc-62">
         <name>.debug_frame</name>
         <load_address>0x47b</load_address>
         <run_address>0x47b</run_address>
         <size>0xef</size>
         <input_file_ref idref="fl-6"/>
      </object_component>
      <object_component id="oc-67">
         <name>.debug_frame</name>
         <load_address>0x56a</load_address>
         <run_address>0x56a</run_address>
         <size>0x8b</size>
         <input_file_ref idref="fl-7"/>
      </object_component>
      <object_component id="oc-70">
         <name>.debug_frame</name>
         <load_address>0x5f5</load_address>
         <run_address>0x5f5</run_address>
         <size>0xf4</size>
         <input_file_ref idref="fl-9"/>
      </object_component>
      <object_component id="oc-80">
         <name>.debug_frame</name>
         <load_address>0x6e9</load_address>
         <run_address>0x6e9</run_address>
         <size>0x32</size>
         <input_file_ref idref="fl-3a"/>
      </object_component>
      <object_component id="oc-85">
         <name>.debug_frame</name>
         <load_address>0x71b</load_address>
         <run_address>0x71b</run_address>
         <size>0x42</size>
         <input_file_ref idref="fl-3b"/>
      </object_component>
      <object_component id="oc-8a">
         <name>.debug_frame</name>
         <load_address>0x75d</load_address>
         <run_address>0x75d</run_address>
         <size>0x32</size>
         <input_file_ref idref="fl-3c"/>
      </object_component>
      <object_component id="oc-8f">
         <name>.debug_frame</name>
         <load_address>0x78f</load_address>
         <run_address>0x78f</run_address>
         <size>0x32</size>
         <input_file_ref idref="fl-3d"/>
      </object_component>
      <object_component id="oc-94">
         <name>.debug_frame</name>
         <load_address>0x7c1</load_address>
         <run_address>0x7c1</run_address>
         <size>0x32</size>
         <input_file_ref idref="fl-3e"/>
      </object_component>
      <object_component id="oc-a7">
         <name>.debug_frame</name>
         <load_address>0x7f3</load_address>
         <run_address>0x7f3</run_address>
         <size>0x47</size>
         <input_file_ref idref="fl-42"/>
      </object_component>
      <object_component id="oc-c1">
         <name>.debug_frame</name>
         <load_address>0x83a</load_address>
         <run_address>0x83a</run_address>
         <size>0x47</size>
         <input_file_ref idref="fl-4e"/>
      </object_component>
      <object_component id="oc-c6">
         <name>.debug_frame</name>
         <load_address>0x881</load_address>
         <run_address>0x881</run_address>
         <size>0x32</size>
         <input_file_ref idref="fl-4f"/>
      </object_component>
      <object_component id="oc-e7">
         <name>.debug_frame</name>
         <load_address>0x8b3</load_address>
         <run_address>0x8b3</run_address>
         <size>0x47</size>
         <input_file_ref idref="fl-57"/>
      </object_component>
      <object_component id="oc-ec">
         <name>.debug_frame</name>
         <load_address>0x8fa</load_address>
         <run_address>0x8fa</run_address>
         <size>0x32</size>
         <input_file_ref idref="fl-58"/>
      </object_component>
      <object_component id="oc-f1">
         <name>.debug_frame</name>
         <load_address>0x92c</load_address>
         <run_address>0x92c</run_address>
         <size>0x32</size>
         <input_file_ref idref="fl-59"/>
      </object_component>
      <object_component id="oc-f6">
         <name>.debug_frame</name>
         <load_address>0x95e</load_address>
         <run_address>0x95e</run_address>
         <size>0x51</size>
         <input_file_ref idref="fl-5a"/>
      </object_component>
      <object_component id="oc-4a">
         <name>.debug_line</name>
         <load_address>0x0</load_address>
         <run_address>0x0</run_address>
         <size>0x136</size>
         <input_file_ref idref="fl-2"/>
      </object_component>
      <object_component id="oc-52">
         <name>.debug_line</name>
         <load_address>0x136</load_address>
         <run_address>0x136</run_address>
         <size>0x3ab</size>
         <input_file_ref idref="fl-3"/>
      </object_component>
      <object_component id="oc-58">
         <name>.debug_line</name>
         <load_address>0x4e1</load_address>
         <run_address>0x4e1</run_address>
         <size>0x2ad</size>
         <input_file_ref idref="fl-4"/>
      </object_component>
      <object_component id="oc-5d">
         <name>.debug_line</name>
         <load_address>0x78e</load_address>
         <run_address>0x78e</run_address>
         <size>0x1ad</size>
         <input_file_ref idref="fl-5"/>
      </object_component>
      <object_component id="oc-63">
         <name>.debug_line</name>
         <load_address>0x93b</load_address>
         <run_address>0x93b</run_address>
         <size>0x1ec</size>
         <input_file_ref idref="fl-6"/>
      </object_component>
      <object_component id="oc-68">
         <name>.debug_line</name>
         <load_address>0xb27</load_address>
         <run_address>0xb27</run_address>
         <size>0xa0</size>
         <input_file_ref idref="fl-7"/>
      </object_component>
      <object_component id="oc-71">
         <name>.debug_line</name>
         <load_address>0xbc7</load_address>
         <run_address>0xbc7</run_address>
         <size>0x2a4</size>
         <input_file_ref idref="fl-9"/>
      </object_component>
      <object_component id="oc-76">
         <name>.debug_line</name>
         <load_address>0xe6b</load_address>
         <run_address>0xe6b</run_address>
         <size>0x4e</size>
         <input_file_ref idref="fl-38"/>
      </object_component>
      <object_component id="oc-7a">
         <name>.debug_line</name>
         <load_address>0xeb9</load_address>
         <run_address>0xeb9</run_address>
         <size>0x59</size>
         <input_file_ref idref="fl-39"/>
      </object_component>
      <object_component id="oc-81">
         <name>.debug_line</name>
         <load_address>0xf12</load_address>
         <run_address>0xf12</run_address>
         <size>0x27</size>
         <input_file_ref idref="fl-3a"/>
      </object_component>
      <object_component id="oc-86">
         <name>.debug_line</name>
         <load_address>0xf39</load_address>
         <run_address>0xf39</run_address>
         <size>0x4c</size>
         <input_file_ref idref="fl-3b"/>
      </object_component>
      <object_component id="oc-8b">
         <name>.debug_line</name>
         <load_address>0xf85</load_address>
         <run_address>0xf85</run_address>
         <size>0x37</size>
         <input_file_ref idref="fl-3c"/>
      </object_component>
      <object_component id="oc-90">
         <name>.debug_line</name>
         <load_address>0xfbc</load_address>
         <run_address>0xfbc</run_address>
         <size>0x36</size>
         <input_file_ref idref="fl-3d"/>
      </object_component>
      <object_component id="oc-95">
         <name>.debug_line</name>
         <load_address>0xff2</load_address>
         <run_address>0xff2</run_address>
         <size>0x31</size>
         <input_file_ref idref="fl-3e"/>
      </object_component>
      <object_component id="oc-9a">
         <name>.debug_line</name>
         <load_address>0x1023</load_address>
         <run_address>0x1023</run_address>
         <size>0x4d</size>
         <input_file_ref idref="fl-3f"/>
      </object_component>
      <object_component id="oc-9f">
         <name>.debug_line</name>
         <load_address>0x1070</load_address>
         <run_address>0x1070</run_address>
         <size>0x43</size>
         <input_file_ref idref="fl-40"/>
      </object_component>
      <object_component id="oc-a3">
         <name>.debug_line</name>
         <load_address>0x10b3</load_address>
         <run_address>0x10b3</run_address>
         <size>0x40</size>
         <input_file_ref idref="fl-41"/>
      </object_component>
      <object_component id="oc-a8">
         <name>.debug_line</name>
         <load_address>0x10f3</load_address>
         <run_address>0x10f3</run_address>
         <size>0x3d</size>
         <input_file_ref idref="fl-42"/>
      </object_component>
      <object_component id="oc-af">
         <name>.debug_line</name>
         <load_address>0x1130</load_address>
         <run_address>0x1130</run_address>
         <size>0x3c</size>
         <input_file_ref idref="fl-4a"/>
      </object_component>
      <object_component id="oc-b4">
         <name>.debug_line</name>
         <load_address>0x116c</load_address>
         <run_address>0x116c</run_address>
         <size>0x4e</size>
         <input_file_ref idref="fl-4b"/>
      </object_component>
      <object_component id="oc-b8">
         <name>.debug_line</name>
         <load_address>0x11ba</load_address>
         <run_address>0x11ba</run_address>
         <size>0x3e</size>
         <input_file_ref idref="fl-4c"/>
      </object_component>
      <object_component id="oc-bd">
         <name>.debug_line</name>
         <load_address>0x11f8</load_address>
         <run_address>0x11f8</run_address>
         <size>0x5e</size>
         <input_file_ref idref="fl-4d"/>
      </object_component>
      <object_component id="oc-c2">
         <name>.debug_line</name>
         <load_address>0x1256</load_address>
         <run_address>0x1256</run_address>
         <size>0x45</size>
         <input_file_ref idref="fl-4e"/>
      </object_component>
      <object_component id="oc-c7">
         <name>.debug_line</name>
         <load_address>0x129b</load_address>
         <run_address>0x129b</run_address>
         <size>0x2b</size>
         <input_file_ref idref="fl-4f"/>
      </object_component>
      <object_component id="oc-cb">
         <name>.debug_line</name>
         <load_address>0x12c6</load_address>
         <run_address>0x12c6</run_address>
         <size>0x2b</size>
         <input_file_ref idref="fl-50"/>
      </object_component>
      <object_component id="oc-cf">
         <name>.debug_line</name>
         <load_address>0x12f1</load_address>
         <run_address>0x12f1</run_address>
         <size>0x30</size>
         <input_file_ref idref="fl-51"/>
      </object_component>
      <object_component id="oc-d3">
         <name>.debug_line</name>
         <load_address>0x1321</load_address>
         <run_address>0x1321</run_address>
         <size>0x42</size>
         <input_file_ref idref="fl-52"/>
      </object_component>
      <object_component id="oc-d7">
         <name>.debug_line</name>
         <load_address>0x1363</load_address>
         <run_address>0x1363</run_address>
         <size>0x2b</size>
         <input_file_ref idref="fl-53"/>
      </object_component>
      <object_component id="oc-db">
         <name>.debug_line</name>
         <load_address>0x138e</load_address>
         <run_address>0x138e</run_address>
         <size>0x30</size>
         <input_file_ref idref="fl-54"/>
      </object_component>
      <object_component id="oc-df">
         <name>.debug_line</name>
         <load_address>0x13be</load_address>
         <run_address>0x13be</run_address>
         <size>0x4b</size>
         <input_file_ref idref="fl-55"/>
      </object_component>
      <object_component id="oc-e3">
         <name>.debug_line</name>
         <load_address>0x1409</load_address>
         <run_address>0x1409</run_address>
         <size>0x2e</size>
         <input_file_ref idref="fl-56"/>
      </object_component>
      <object_component id="oc-e8">
         <name>.debug_line</name>
         <load_address>0x1437</load_address>
         <run_address>0x1437</run_address>
         <size>0x3e</size>
         <input_file_ref idref="fl-57"/>
      </object_component>
      <object_component id="oc-ed">
         <name>.debug_line</name>
         <load_address>0x1475</load_address>
         <run_address>0x1475</run_address>
         <size>0x28</size>
         <input_file_ref idref="fl-58"/>
      </object_component>
      <object_component id="oc-f2">
         <name>.debug_line</name>
         <load_address>0x149d</load_address>
         <run_address>0x149d</run_address>
         <size>0x2c</size>
         <input_file_ref idref="fl-59"/>
      </object_component>
      <object_component id="oc-f7">
         <name>.debug_line</name>
         <load_address>0x14c9</load_address>
         <run_address>0x14c9</run_address>
         <size>0x78</size>
         <input_file_ref idref="fl-5a"/>
      </object_component>
      <object_component id="oc-4b">
         <name>.debug_abbrev</name>
         <load_address>0x0</load_address>
         <run_address>0x0</run_address>
         <size>0xc3</size>
         <input_file_ref idref="fl-2"/>
      </object_component>
      <object_component id="oc-53">
         <name>.debug_abbrev</name>
         <load_address>0xc3</load_address>
         <run_address>0xc3</run_address>
         <size>0x1ce</size>
         <input_file_ref idref="fl-3"/>
      </object_component>
      <object_component id="oc-59">
         <name>.debug_abbrev</name>
         <load_address>0x291</load_address>
         <run_address>0x291</run_address>
         <size>0x173</size>
         <input_file_ref idref="fl-4"/>
      </object_component>
      <object_component id="oc-5e">
         <name>.debug_abbrev</name>
         <load_address>0x404</load_address>
         <run_address>0x404</run_address>
         <size>0x18f</size>
         <input_file_ref idref="fl-5"/>
      </object_component>
      <object_component id="oc-64">
         <name>.debug_abbrev</name>
         <load_address>0x593</load_address>
         <run_address>0x593</run_address>
         <size>0x197</size>
         <input_file_ref idref="fl-6"/>
      </object_component>
      <object_component id="oc-69">
         <name>.debug_abbrev</name>
         <load_address>0x72a</load_address>
         <run_address>0x72a</run_address>
         <size>0xf1</size>
         <input_file_ref idref="fl-7"/>
      </object_component>
      <object_component id="oc-6c">
         <name>.debug_abbrev</name>
         <load_address>0x81b</load_address>
         <run_address>0x81b</run_address>
         <size>0x21</size>
         <input_file_ref idref="fl-8"/>
      </object_component>
      <object_component id="oc-72">
         <name>.debug_abbrev</name>
         <load_address>0x83c</load_address>
         <run_address>0x83c</run_address>
         <size>0x195</size>
         <input_file_ref idref="fl-9"/>
      </object_component>
      <object_component id="oc-77">
         <name>.debug_abbrev</name>
         <load_address>0x9d1</load_address>
         <run_address>0x9d1</run_address>
         <size>0x38</size>
         <input_file_ref idref="fl-38"/>
      </object_component>
      <object_component id="oc-7b">
         <name>.debug_abbrev</name>
         <load_address>0xa09</load_address>
         <run_address>0xa09</run_address>
         <size>0x38</size>
         <input_file_ref idref="fl-39"/>
      </object_component>
      <object_component id="oc-82">
         <name>.debug_abbrev</name>
         <load_address>0xa41</load_address>
         <run_address>0xa41</run_address>
         <size>0xb0</size>
         <input_file_ref idref="fl-3a"/>
      </object_component>
      <object_component id="oc-87">
         <name>.debug_abbrev</name>
         <load_address>0xaf1</load_address>
         <run_address>0xaf1</run_address>
         <size>0xb2</size>
         <input_file_ref idref="fl-3b"/>
      </object_component>
      <object_component id="oc-8c">
         <name>.debug_abbrev</name>
         <load_address>0xba3</load_address>
         <run_address>0xba3</run_address>
         <size>0xbb</size>
         <input_file_ref idref="fl-3c"/>
      </object_component>
      <object_component id="oc-91">
         <name>.debug_abbrev</name>
         <load_address>0xc5e</load_address>
         <run_address>0xc5e</run_address>
         <size>0xd6</size>
         <input_file_ref idref="fl-3d"/>
      </object_component>
      <object_component id="oc-96">
         <name>.debug_abbrev</name>
         <load_address>0xd34</load_address>
         <run_address>0xd34</run_address>
         <size>0x9d</size>
         <input_file_ref idref="fl-3e"/>
      </object_component>
      <object_component id="oc-9b">
         <name>.debug_abbrev</name>
         <load_address>0xdd1</load_address>
         <run_address>0xdd1</run_address>
         <size>0x46</size>
         <input_file_ref idref="fl-3f"/>
      </object_component>
      <object_component id="oc-a0">
         <name>.debug_abbrev</name>
         <load_address>0xe17</load_address>
         <run_address>0xe17</run_address>
         <size>0x38</size>
         <input_file_ref idref="fl-40"/>
      </object_component>
      <object_component id="oc-a4">
         <name>.debug_abbrev</name>
         <load_address>0xe4f</load_address>
         <run_address>0xe4f</run_address>
         <size>0x36</size>
         <input_file_ref idref="fl-41"/>
      </object_component>
      <object_component id="oc-a9">
         <name>.debug_abbrev</name>
         <load_address>0xe85</load_address>
         <run_address>0xe85</run_address>
         <size>0xfe</size>
         <input_file_ref idref="fl-42"/>
      </object_component>
      <object_component id="oc-ac">
         <name>.debug_abbrev</name>
         <load_address>0xf83</load_address>
         <run_address>0xf83</run_address>
         <size>0x53</size>
         <input_file_ref idref="fl-43"/>
      </object_component>
      <object_component id="oc-b0">
         <name>.debug_abbrev</name>
         <load_address>0xfd6</load_address>
         <run_address>0xfd6</run_address>
         <size>0x24</size>
         <input_file_ref idref="fl-4a"/>
      </object_component>
      <object_component id="oc-b5">
         <name>.debug_abbrev</name>
         <load_address>0xffa</load_address>
         <run_address>0xffa</run_address>
         <size>0x38</size>
         <input_file_ref idref="fl-4b"/>
      </object_component>
      <object_component id="oc-b9">
         <name>.debug_abbrev</name>
         <load_address>0x1032</load_address>
         <run_address>0x1032</run_address>
         <size>0x38</size>
         <input_file_ref idref="fl-4c"/>
      </object_component>
      <object_component id="oc-be">
         <name>.debug_abbrev</name>
         <load_address>0x106a</load_address>
         <run_address>0x106a</run_address>
         <size>0x38</size>
         <input_file_ref idref="fl-4d"/>
      </object_component>
      <object_component id="oc-c3">
         <name>.debug_abbrev</name>
         <load_address>0x10a2</load_address>
         <run_address>0x10a2</run_address>
         <size>0x9f</size>
         <input_file_ref idref="fl-4e"/>
      </object_component>
      <object_component id="oc-c8">
         <name>.debug_abbrev</name>
         <load_address>0x1141</load_address>
         <run_address>0x1141</run_address>
         <size>0xa6</size>
         <input_file_ref idref="fl-4f"/>
      </object_component>
      <object_component id="oc-cc">
         <name>.debug_abbrev</name>
         <load_address>0x11e7</load_address>
         <run_address>0x11e7</run_address>
         <size>0x38</size>
         <input_file_ref idref="fl-50"/>
      </object_component>
      <object_component id="oc-d0">
         <name>.debug_abbrev</name>
         <load_address>0x121f</load_address>
         <run_address>0x121f</run_address>
         <size>0x2a</size>
         <input_file_ref idref="fl-51"/>
      </object_component>
      <object_component id="oc-d4">
         <name>.debug_abbrev</name>
         <load_address>0x1249</load_address>
         <run_address>0x1249</run_address>
         <size>0x2a</size>
         <input_file_ref idref="fl-52"/>
      </object_component>
      <object_component id="oc-d8">
         <name>.debug_abbrev</name>
         <load_address>0x1273</load_address>
         <run_address>0x1273</run_address>
         <size>0x38</size>
         <input_file_ref idref="fl-53"/>
      </object_component>
      <object_component id="oc-dc">
         <name>.debug_abbrev</name>
         <load_address>0x12ab</load_address>
         <run_address>0x12ab</run_address>
         <size>0x53</size>
         <input_file_ref idref="fl-54"/>
      </object_component>
      <object_component id="oc-e0">
         <name>.debug_abbrev</name>
         <load_address>0x12fe</load_address>
         <run_address>0x12fe</run_address>
         <size>0x2a</size>
         <input_file_ref idref="fl-55"/>
      </object_component>
      <object_component id="oc-e4">
         <name>.debug_abbrev</name>
         <load_address>0x1328</load_address>
         <run_address>0x1328</run_address>
         <size>0x2a</size>
         <input_file_ref idref="fl-56"/>
      </object_component>
      <object_component id="oc-e9">
         <name>.debug_abbrev</name>
         <load_address>0x1352</load_address>
         <run_address>0x1352</run_address>
         <size>0x68</size>
         <input_file_ref idref="fl-57"/>
      </object_component>
      <object_component id="oc-ee">
         <name>.debug_abbrev</name>
         <load_address>0x13ba</load_address>
         <run_address>0x13ba</run_address>
         <size>0xa9</size>
         <input_file_ref idref="fl-58"/>
      </object_component>
      <object_component id="oc-f3">
         <name>.debug_abbrev</name>
         <load_address>0x1463</load_address>
         <run_address>0x1463</run_address>
         <size>0xec</size>
         <input_file_ref idref="fl-59"/>
      </object_component>
      <object_component id="oc-f8">
         <name>.debug_abbrev</name>
         <load_address>0x154f</load_address>
         <run_address>0x154f</run_address>
         <size>0xec</size>
         <input_file_ref idref="fl-5a"/>
      </object_component>
      <object_component id="oc-17c">
         <name>.debug_abbrev</name>
         <load_address>0x163b</load_address>
         <run_address>0x163b</run_address>
         <size>0xf</size>
      </object_component>
      <object_component id="oc-4c">
         <name>.debug_aranges</name>
         <load_address>0x0</load_address>
         <run_address>0x0</run_address>
         <size>0x48</size>
         <input_file_ref idref="fl-2"/>
      </object_component>
      <object_component id="oc-54">
         <name>.debug_aranges</name>
         <load_address>0x48</load_address>
         <run_address>0x48</run_address>
         <size>0xa0</size>
         <input_file_ref idref="fl-3"/>
      </object_component>
      <object_component id="oc-5a">
         <name>.debug_aranges</name>
         <load_address>0xe8</load_address>
         <run_address>0xe8</run_address>
         <size>0x40</size>
         <input_file_ref idref="fl-4"/>
      </object_component>
      <object_component id="oc-5f">
         <name>.debug_aranges</name>
         <load_address>0x128</load_address>
         <run_address>0x128</run_address>
         <size>0x68</size>
         <input_file_ref idref="fl-5"/>
      </object_component>
      <object_component id="oc-65">
         <name>.debug_aranges</name>
         <load_address>0x190</load_address>
         <run_address>0x190</run_address>
         <size>0x50</size>
         <input_file_ref idref="fl-6"/>
      </object_component>
      <object_component id="oc-6a">
         <name>.debug_aranges</name>
         <load_address>0x1e0</load_address>
         <run_address>0x1e0</run_address>
         <size>0x30</size>
         <input_file_ref idref="fl-7"/>
      </object_component>
      <object_component id="oc-73">
         <name>.debug_aranges</name>
         <load_address>0x210</load_address>
         <run_address>0x210</run_address>
         <size>0x58</size>
         <input_file_ref idref="fl-9"/>
      </object_component>
      <object_component id="oc-78">
         <name>.debug_aranges</name>
         <load_address>0x268</load_address>
         <run_address>0x268</run_address>
         <size>0x20</size>
         <input_file_ref idref="fl-38"/>
      </object_component>
      <object_component id="oc-7c">
         <name>.debug_aranges</name>
         <load_address>0x288</load_address>
         <run_address>0x288</run_address>
         <size>0x20</size>
         <input_file_ref idref="fl-39"/>
      </object_component>
      <object_component id="oc-83">
         <name>.debug_aranges</name>
         <load_address>0x2a8</load_address>
         <run_address>0x2a8</run_address>
         <size>0x18</size>
         <input_file_ref idref="fl-3a"/>
      </object_component>
      <object_component id="oc-88">
         <name>.debug_aranges</name>
         <load_address>0x2c0</load_address>
         <run_address>0x2c0</run_address>
         <size>0x20</size>
         <input_file_ref idref="fl-3b"/>
      </object_component>
      <object_component id="oc-8d">
         <name>.debug_aranges</name>
         <load_address>0x2e0</load_address>
         <run_address>0x2e0</run_address>
         <size>0x18</size>
         <input_file_ref idref="fl-3c"/>
      </object_component>
      <object_component id="oc-92">
         <name>.debug_aranges</name>
         <load_address>0x2f8</load_address>
         <run_address>0x2f8</run_address>
         <size>0x18</size>
         <input_file_ref idref="fl-3d"/>
      </object_component>
      <object_component id="oc-97">
         <name>.debug_aranges</name>
         <load_address>0x310</load_address>
         <run_address>0x310</run_address>
         <size>0x18</size>
         <input_file_ref idref="fl-3e"/>
      </object_component>
      <object_component id="oc-9c">
         <name>.debug_aranges</name>
         <load_address>0x328</load_address>
         <run_address>0x328</run_address>
         <size>0x20</size>
         <input_file_ref idref="fl-3f"/>
      </object_component>
      <object_component id="oc-a1">
         <name>.debug_aranges</name>
         <load_address>0x348</load_address>
         <run_address>0x348</run_address>
         <size>0x20</size>
         <input_file_ref idref="fl-40"/>
      </object_component>
      <object_component id="oc-a5">
         <name>.debug_aranges</name>
         <load_address>0x368</load_address>
         <run_address>0x368</run_address>
         <size>0x20</size>
         <input_file_ref idref="fl-41"/>
      </object_component>
      <object_component id="oc-aa">
         <name>.debug_aranges</name>
         <load_address>0x388</load_address>
         <run_address>0x388</run_address>
         <size>0x20</size>
         <input_file_ref idref="fl-42"/>
      </object_component>
      <object_component id="oc-b1">
         <name>.debug_aranges</name>
         <load_address>0x3a8</load_address>
         <run_address>0x3a8</run_address>
         <size>0x20</size>
         <input_file_ref idref="fl-4a"/>
      </object_component>
      <object_component id="oc-b6">
         <name>.debug_aranges</name>
         <load_address>0x3c8</load_address>
         <run_address>0x3c8</run_address>
         <size>0x20</size>
         <input_file_ref idref="fl-4b"/>
      </object_component>
      <object_component id="oc-ba">
         <name>.debug_aranges</name>
         <load_address>0x3e8</load_address>
         <run_address>0x3e8</run_address>
         <size>0x20</size>
         <input_file_ref idref="fl-4c"/>
      </object_component>
      <object_component id="oc-bf">
         <name>.debug_aranges</name>
         <load_address>0x408</load_address>
         <run_address>0x408</run_address>
         <size>0x20</size>
         <input_file_ref idref="fl-4d"/>
      </object_component>
      <object_component id="oc-c4">
         <name>.debug_aranges</name>
         <load_address>0x428</load_address>
         <run_address>0x428</run_address>
         <size>0x20</size>
         <input_file_ref idref="fl-4e"/>
      </object_component>
      <object_component id="oc-c9">
         <name>.debug_aranges</name>
         <load_address>0x448</load_address>
         <run_address>0x448</run_address>
         <size>0x18</size>
         <input_file_ref idref="fl-4f"/>
      </object_component>
      <object_component id="oc-cd">
         <name>.debug_aranges</name>
         <load_address>0x460</load_address>
         <run_address>0x460</run_address>
         <size>0x18</size>
         <input_file_ref idref="fl-50"/>
      </object_component>
      <object_component id="oc-d1">
         <name>.debug_aranges</name>
         <load_address>0x478</load_address>
         <run_address>0x478</run_address>
         <size>0x18</size>
         <input_file_ref idref="fl-51"/>
      </object_component>
      <object_component id="oc-d5">
         <name>.debug_aranges</name>
         <load_address>0x490</load_address>
         <run_address>0x490</run_address>
         <size>0x20</size>
         <input_file_ref idref="fl-52"/>
      </object_component>
      <object_component id="oc-d9">
         <name>.debug_aranges</name>
         <load_address>0x4b0</load_address>
         <run_address>0x4b0</run_address>
         <size>0x18</size>
         <input_file_ref idref="fl-53"/>
      </object_component>
      <object_component id="oc-dd">
         <name>.debug_aranges</name>
         <load_address>0x4c8</load_address>
         <run_address>0x4c8</run_address>
         <size>0x18</size>
         <input_file_ref idref="fl-54"/>
      </object_component>
      <object_component id="oc-e1">
         <name>.debug_aranges</name>
         <load_address>0x4e0</load_address>
         <run_address>0x4e0</run_address>
         <size>0x20</size>
         <input_file_ref idref="fl-55"/>
      </object_component>
      <object_component id="oc-e5">
         <name>.debug_aranges</name>
         <load_address>0x500</load_address>
         <run_address>0x500</run_address>
         <size>0x18</size>
         <input_file_ref idref="fl-56"/>
      </object_component>
      <object_component id="oc-ea">
         <name>.debug_aranges</name>
         <load_address>0x518</load_address>
         <run_address>0x518</run_address>
         <size>0x20</size>
         <input_file_ref idref="fl-57"/>
      </object_component>
      <object_component id="oc-ef">
         <name>.debug_aranges</name>
         <load_address>0x538</load_address>
         <run_address>0x538</run_address>
         <size>0x18</size>
         <input_file_ref idref="fl-58"/>
      </object_component>
      <object_component id="oc-f4">
         <name>.debug_aranges</name>
         <load_address>0x550</load_address>
         <run_address>0x550</run_address>
         <size>0x18</size>
         <input_file_ref idref="fl-59"/>
      </object_component>
      <object_component id="oc-f9">
         <name>.debug_aranges</name>
         <load_address>0x568</load_address>
         <run_address>0x568</run_address>
         <size>0x20</size>
         <input_file_ref idref="fl-5a"/>
      </object_component>
   </object_component_list>
   <logical_group_list>
      <logical_group id="lg-2" display="no" color="cyan">
         <name>.bss</name>
         <run_address>0x200</run_address>
         <size>0xb4</size>
         <contents>
            <object_component_ref idref="oc-4d"/>
            <object_component_ref idref="oc-55"/>
            <object_component_ref idref="oc-60"/>
            <object_component_ref idref="oc-6d"/>
         </contents>
      </logical_group>
      <logical_group id="lg-3" display="no" color="cyan">
         <name>.data</name>
         <run_address>0x200</run_address>
         <size>0x0</size>
         <contents>
         </contents>
      </logical_group>
      <logical_group id="lg-4" display="no" color="cyan">
         <name>.sysmem</name>
         <run_address>0x0</run_address>
         <size>0x0</size>
         <contents>
         </contents>
      </logical_group>
      <logical_group id="lg-5" display="no" color="cyan">
         <name>.stack</name>
         <run_address>0x9b0</run_address>
[...]
      <symbol id="sm-27b">
         <name>g_ucRXBitsLeft</name>
         <value>0x247</value>
         <object_component_ref idref="oc-60"/>
      </symbol>
      <symbol id="sm-27c">
         <name>vCOMM_SendMessage</name>
         <value>0xd754</value>
         <object_component_ref idref="oc-11b"/>
      </symbol>
      <symbol id="sm-27d">
         <name>g_ucaRXBuffer</name>
         <value>0x206</value>
         <object_component_ref idref="oc-60"/>
      </symbol>
      <symbol id="sm-27e">
         <name>ucCOMM_SendByte</name>
         <value>0xcf7e</value>
         <object_component_ref idref="oc-12f"/>
      </symbol>
      <symbol id="sm-27f">
         <name>ucCOMM_WaitForMessage</name>
         <value>0xd718</value>
         <object_component_ref idref="oc-11c"/>
      </symbol>
      <symbol id="sm-280">
         <name>g_unCOMM_BaudRateDelayControl</name>
         <value>0x204</value>
         <object_component_ref idref="oc-60"/>
      </symbol>
      <symbol id="sm-29c">
         <name>ucCRC16_lookupLO</name>
         <value>0xdc00</value>
         <object_component_ref idref="oc-14c"/>
      </symbol>
      <symbol id="sm-29d">
         <name>ucCRC16_compute_msg_CRC</name>
         <value>0xd292</value>
         <object_component_ref idref="oc-12e"/>
      </symbol>
      <symbol id="sm-29e">
         <name>ucCRC16_lookupHI</name>
         <value>0xdbf0</value>
         <object_component_ref idref="oc-14b"/>
      </symbol>
      <symbol id="sm-29f">
         <name>vCRC16_updateByte</name>
         <value>0xda7c</value>
         <object_component_ref idref="oc-13c"/>
      </symbol>
      <symbol id="sm-2a0">
         <name>vCRC16_updateNibble</name>
         <value>0xd6da</value>
         <object_component_ref idref="oc-147"/>
      </symbol>
      <symbol id="sm-2fe">
         <name>nSTM_Temperature</name>
         <value>0x29e</value>
         <object_component_ref idref="oc-6d"/>
      </symbol>
      <symbol id="sm-2ff">
         <name>cSTM_Measure</name>
         <value>0xc924</value>
         <object_component_ref idref="oc-142"/>
      </symbol>
      <symbol id="sm-300">
         <name>cSTM_RX_Pin</name>
         <value>0x29c</value>
         <object_component_ref idref="oc-6d"/>
      </symbol>
      <symbol id="sm-301">
         <name>ISR</name>
         <value>0x2a9</value>
         <object_component_ref idref="oc-6d"/>
      </symbol>
      <symbol id="sm-302">
         <name>g_ucSTM_RXBusy</name>
         <value>0x29d</value>
         <object_component_ref idref="oc-6d"/>
      </symbol>
      <symbol id="sm-303">
         <name>g_ucaSTM_RXBuffer</name>
         <value>0x286</value>
         <object_component_ref idref="oc-6d"/>
      </symbol>
      <symbol id="sm-304">
         <name>timeoutcounter</name>
         <value>0x2a8</value>
         <object_component_ref idref="oc-6d"/>
      </symbol>
      <symbol id="sm-305">
         <name>iSTM_GetTemp</name>
         <value>0xdb56</value>
         <object_component_ref idref="oc-144"/>
      </symbol>
      <symbol id="sm-306">
         <name>lSTM_Soil</name>
         <value>0x2a0</value>
         <object_component_ref idref="oc-6d"/>
      </symbol>
      <symbol id="sm-307">
         <name>g_ucSTM_RXBufferIndex</name>
         <value>0x29a</value>
         <object_component_ref idref="oc-6d"/>
      </symbol>
      <symbol id="sm-308">
         <name>cSTM_ReturnSensorType</name>
         <value>0xd868</value>
         <object_component_ref idref="oc-131"/>
      </symbol>
      <symbol id="sm-309">
         <name>uiSTM4_type</name>
         <value>0x2a7</value>
         <object_component_ref idref="oc-6d"/>
      </symbol>
      <symbol id="sm-30a">
         <name>uiSTM1_type</name>
         <value>0x2a4</value>
         <object_component_ref idref="oc-6d"/>
      </symbol>
      <symbol id="sm-30b">
         <name>uiSTM3_type</name>
         <value>0x2a6</value>
         <object_component_ref idref="oc-6d"/>
      </symbol>
      <symbol id="sm-30c">
         <name>uiSTM2_type</name>
         <value>0x2a5</value>
         <object_component_ref idref="oc-6d"/>
      </symbol>
      <symbol id="sm-30d">
         <name>g_ucSTM_RXBitsLeft</name>
         <value>0x29b</value>
         <object_component_ref idref="oc-6d"/>
      </symbol>
      <symbol id="sm-30e">
         <name>cSTM_Test_Checksum</name>
         <value>0xd3e8</value>
         <object_component_ref idref="oc-13f"/>
      </symbol>
      <symbol id="sm-30f">
         <name>cSTM_ReadValue</name>
         <value>0xc536</value>
         <object_component_ref idref="oc-14a"/>
      </symbol>
      <symbol id="sm-310">
         <name>ADCISRindicator</name>
         <value>0x2aa</value>
         <object_component_ref idref="oc-6d"/>
      </symbol>
      <symbol id="sm-311">
         <name>vSTM_Initialize</name>
         <value>0xd7ca</value>
         <object_component_ref idref="oc-141"/>
      </symbol>
      <symbol id="sm-312">
         <name>cSTM_RequestSensorType</name>
         <value>0xc7c2</value>
         <object_component_ref idref="oc-132"/>
      </symbol>
      <symbol id="sm-313">
         <name>lSTM_GetSoil</name>
         <value>0xdb46</value>
         <object_component_ref idref="oc-143"/>
      </symbol>
      <symbol id="sm-31f">
         <name>I_ASR</name>
         <value>0xd8f6</value>
         <object_component_ref idref="oc-74"/>
      </symbol>
      <symbol id="sm-320">
         <name>I_ASR_12</name>
         <value>0xd908</value>
         <object_component_ref idref="oc-74"/>
      </symbol>
      <symbol id="sm-321">
         <name>I_ASR_13</name>
         <value>0xd906</value>
         <object_component_ref idref="oc-74"/>
      </symbol>
      <symbol id="sm-322">
         <name>I_ASR_10</name>
         <value>0xd90c</value>
         <object_component_ref idref="oc-74"/>
      </symbol>
      <symbol id="sm-323">
         <name>I_ASR_11</name>
         <value>0xd90a</value>
         <object_component_ref idref="oc-74"/>
      </symbol>
      <symbol id="sm-324">
         <name>I_ASR_14</name>
         <value>0xd904</value>
         <object_component_ref idref="oc-74"/>
      </symbol>
      <symbol id="sm-325">
         <name>I_ASR_15</name>
         <value>0xd902</value>
         <object_component_ref idref="oc-74"/>
      </symbol>
      <symbol id="sm-326">
         <name>I_ASR_3</name>
         <value>0xd91a</value>
         <object_component_ref idref="oc-74"/>
      </symbol>
      <symbol id="sm-327">
         <name>I_ASR_2</name>
         <value>0xd91c</value>
         <object_component_ref idref="oc-74"/>
      </symbol>
      <symbol id="sm-328">
         <name>I_ASR_1</name>
         <value>0xd91e</value>
         <object_component_ref idref="oc-74"/>
      </symbol>
      <symbol id="sm-329">
         <name>I_ASR_7</name>
         <value>0xd912</value>
         <object_component_ref idref="oc-74"/>
      </symbol>
      <symbol id="sm-32a">
         <name>I_ASR_6</name>
         <value>0xd914</value>
         <object_component_ref idref="oc-74"/>
      </symbol>
      <symbol id="sm-32b">
         <name>I_ASR_5</name>
         <value>0xd916</value>
         <object_component_ref idref="oc-74"/>
      </symbol>
      <symbol id="sm-32c">
         <name>I_ASR_4</name>
         <value>0xd918</value>
         <object_component_ref idref="oc-74"/>
      </symbol>
      <symbol id="sm-32d">
         <name>I_ASR_9</name>
         <value>0xd90e</value>
         <object_component_ref idref="oc-74"/>
      </symbol>
      <symbol id="sm-32e">
         <name>I_ASR_8</name>
         <value>0xd910</value>
         <object_component_ref idref="oc-74"/>
      </symbol>
      <symbol id="sm-33a">
         <name>L_ASR_12</name>
         <value>0xd66a</value>
         <object_component_ref idref="oc-146"/>
      </symbol>
      <symbol id="sm-33b">
         <name>L_ASR_13</name>
         <value>0xd666</value>
         <object_component_ref idref="oc-146"/>
      </symbol>
      <symbol id="sm-33c">
         <name>L_ASR_10</name>
         <value>0xd672</value>
         <object_component_ref idref="oc-146"/>
      </symbol>
      <symbol id="sm-33d">
         <name>L_ASR_11</name>
         <value>0xd66e</value>
         <object_component_ref idref="oc-146"/>
      </symbol>
      <symbol id="sm-33e">
         <name>L_ASR_14</name>
         <value>0xd662</value>
         <object_component_ref idref="oc-146"/>
      </symbol>
      <symbol id="sm-33f">
         <name>L_ASR_15</name>
         <value>0xd65e</value>
         <object_component_ref idref="oc-146"/>
      </symbol>
      <symbol id="sm-340">
         <name>L_ASR_3</name>
         <value>0xd68e</value>
         <object_component_ref idref="oc-146"/>
      </symbol>
      <symbol id="sm-341">
         <name>L_ASR_2</name>
         <value>0xd692</value>
         <object_component_ref idref="oc-146"/>
      </symbol>
      <symbol id="sm-342">
         <name>L_ASR_1</name>
         <value>0xd696</value>
         <object_component_ref idref="oc-146"/>
      </symbol>
      <symbol id="sm-343">
         <name>L_ASR_7</name>
         <value>0xd67e</value>
         <object_component_ref idref="oc-146"/>
      </symbol>
      <symbol id="sm-344">
         <name>L_ASR_6</name>
         <value>0xd682</value>
         <object_component_ref idref="oc-146"/>
      </symbol>
      <symbol id="sm-345">
         <name>L_ASR_5</name>
         <value>0xd686</value>
         <object_component_ref idref="oc-146"/>
      </symbol>
      <symbol id="sm-346">
         <name>L_ASR_4</name>
         <value>0xd68a</value>
         <object_component_ref idref="oc-146"/>
      </symbol>
      <symbol id="sm-347">
         <name>L_ASR_9</name>
         <value>0xd676</value>
         <object_component_ref idref="oc-146"/>
      </symbol>
      <symbol id="sm-348">
         <name>L_ASR_8</name>
         <value>0xd67a</value>
         <object_component_ref idref="oc-146"/>
      </symbol>
      <symbol id="sm-357">
         <name>_stack</name>
         <value>0x9b0</value>
         <object_component_ref idref="oc-7e"/>
      </symbol>
      <symbol id="sm-358">
         <name>_reset_vector</name>
         <value>0xfffe</value>
         <object_component_ref idref="oc-7f"/>
      </symbol>
      <symbol id="sm-366">
         <name>_c_int00_noargs_noexit</name>
         <value>0xda62</value>
         <object_component_ref idref="oc-42"/>
      </symbol>
      <symbol id="sm-391">
         <name>__remi</name>
         <value>0xd922</value>
         <object_component_ref idref="oc-98"/>
      </symbol>
      <symbol id="sm-392">
         <name>__divi</name>
         <value>0xd922</value>
         <object_component_ref idref="oc-98"/>
      </symbol>
      <symbol id="sm-3a0">
         <name>__remu</name>
         <value>0xdac6</value>
         <object_component_ref idref="oc-9d"/>
      </symbol>
      <symbol id="sm-3a1">
         <name>__divu</name>
         <value>0xdac6</value>
         <object_component_ref idref="oc-9d"/>
      </symbol>
      <symbol id="sm-3ae">
         <name>func_epilog_1</name>
         <value>0xdb42</value>
         <object_component_ref idref="oc-109"/>
      </symbol>
      <symbol id="sm-3af">
         <name>func_epilog_2</name>
         <value>0xdb40</value>
         <object_component_ref idref="oc-109"/>
      </symbol>
      <symbol id="sm-3b0">
         <name>func_epilog_3</name>
         <value>0xdb3e</value>
         <object_component_ref idref="oc-109"/>
      </symbol>
      <symbol id="sm-3b1">
         <name>func_epilog_4</name>
         <value>0xdb3c</value>
         <object_component_ref idref="oc-109"/>
      </symbol>
      <symbol id="sm-3b2">
         <name>func_epilog_5</name>
         <value>0xdb3a</value>
         <object_component_ref idref="oc-109"/>
      </symbol>
      <symbol id="sm-3b3">
         <name>func_epilog_6</name>
         <value>0xdb38</value>
         <object_component_ref idref="oc-109"/>
      </symbol>
      <symbol id="sm-3b4">
         <name>func_epilog_7</name>
         <value>0xdb36</value>
         <object_component_ref idref="oc-109"/>
      </symbol>
      <symbol id="sm-3c2">
         <name>C$$EXIT</name>
         <value>0xdb6c</value>
         <object_component_ref idref="oc-108"/>
      </symbol>
      <symbol id="sm-3c3">
         <name>abort</name>
         <value>0xdb6c</value>
         <object_component_ref idref="oc-108"/>
      </symbol>
      <symbol id="sm-3cc">
         <name>__TI_int05</name>
         <value>0xffea</value>
         <object_component_ref idref="oc-33"/>
      </symbol>
      <symbol id="sm-3d0">
         <name>__TI_int06</name>
         <value>0xffec</value>
         <object_component_ref idref="oc-34"/>
      </symbol>
      <symbol id="sm-3d4">
         <name>__TI_int07</name>
         <value>0xffee</value>
         <object_component_ref idref="oc-35"/>
      </symbol>
      <symbol id="sm-3d8">
         <name>__TI_int09</name>
         <value>0xfff2</value>
         <object_component_ref idref="oc-37"/>
      </symbol>
      <symbol id="sm-3dc">
         <name>__TI_int10</name>
         <value>0xfff4</value>
         <object_component_ref idref="oc-38"/>
      </symbol>
      <symbol id="sm-3e0">
         <name>__TI_int13</name>
         <value>0xfffa</value>
         <object_component_ref idref="oc-3b"/>
      </symbol>
      <symbol id="sm-3ec">
         <name>__TI_ISR_TRAP</name>
         <value>0xdb50</value>
         <object_component_ref idref="oc-ad"/>
      </symbol>
      <symbol id="sm-3f8">
         <name>I_LSL</name>
         <value>0xd94e</value>
         <object_component_ref idref="oc-b2"/>
      </symbol>
      <symbol id="sm-3f9">
         <name>I_LSL_3</name>
         <value>0xd972</value>
         <object_component_ref idref="oc-b2"/>
      </symbol>
      <symbol id="sm-3fa">
         <name>I_LSL_2</name>
         <value>0xd974</value>
         <object_component_ref idref="oc-b2"/>
      </symbol>
      <symbol id="sm-3fb">
         <name>I_LSL_1</name>
         <value>0xd976</value>
         <object_component_ref idref="oc-b2"/>
      </symbol>
      <symbol id="sm-3fc">
         <name>I_LSL_7</name>
         <value>0xd96a</value>
         <object_component_ref idref="oc-b2"/>
      </symbol>
      <symbol id="sm-3fd">
         <name>I_LSL_6</name>
         <value>0xd96c</value>
         <object_component_ref idref="oc-b2"/>
      </symbol>
      <symbol id="sm-3fe">
         <name>I_LSL_5</name>
         <value>0xd96e</value>
         <object_component_ref idref="oc-b2"/>
      </symbol>
      <symbol id="sm-3ff">
         <name>I_LSL_4</name>
         <value>0xd970</value>
         <object_component_ref idref="oc-b2"/>
      </symbol>
      <symbol id="sm-400">
         <name>I_LSL_9</name>
         <value>0xd966</value>
         <object_component_ref idref="oc-b2"/>
      </symbol>
      <symbol id="sm-401">
         <name>I_LSL_8</name>
         <value>0xd968</value>
         <object_component_ref idref="oc-b2"/>
      </symbol>
      <symbol id="sm-402">
         <name>I_LSL_12</name>
         <value>0xd960</value>
         <object_component_ref idref="oc-b2"/>
      </symbol>
      <symbol id="sm-403">
         <name>I_LSL_13</name>
         <value>0xd95e</value>
         <object_component_ref idref="oc-b2"/>
      </symbol>
      <symbol id="sm-404">
         <name>I_LSL_10</name>
         <value>0xd964</value>
         <object_component_ref idref="oc-b2"/>
      </symbol>
      <symbol id="sm-405">
         <name>I_LSL_11</name>
         <value>0xd962</value>
         <object_component_ref idref="oc-b2"/>
      </symbol>
      <symbol id="sm-406">
         <name>I_LSL_14</name>
         <value>0xd95c</value>
         <object_component_ref idref="oc-b2"/>
      </symbol>
      <symbol id="sm-407">
         <name>I_LSL_15</name>
         <value>0xd95a</value>
         <object_component_ref idref="oc-b2"/>
      </symbol>
      <symbol id="sm-415">
         <name>L_LSL</name>
         <value>0xdb26</value>
         <object_component_ref idref="oc-145"/>
      </symbol>
      <symbol id="sm-421">
         <name>I_LSR</name>
         <value>0xd53e</value>
         <object_component_ref idref="oc-bb"/>
      </symbol>
      <symbol id="sm-422">
         <name>I_LSR_12</name>
         <value>0xd558</value>
         <object_component_ref idref="oc-bb"/>
      </symbol>
      <symbol id="sm-423">
         <name>I_LSR_13</name>
         <value>0xd554</value>
         <object_component_ref idref="oc-bb"/>
      </symbol>
      <symbol id="sm-424">
         <name>I_LSR_10</name>
         <value>0xd560</value>
         <object_component_ref idref="oc-bb"/>
      </symbol>
      <symbol id="sm-425">
         <name>I_LSR_11</name>
         <value>0xd55c</value>
         <object_component_ref idref="oc-bb"/>
      </symbol>
      <symbol id="sm-426">
         <name>I_LSR_14</name>
         <value>0xd550</value>
         <object_component_ref idref="oc-bb"/>
      </symbol>
      <symbol id="sm-427">
         <name>I_LSR_15</name>
         <value>0xd54c</value>
         <object_component_ref idref="oc-bb"/>
      </symbol>
      <symbol id="sm-428">
         <name>I_LSR_3</name>
         <value>0xd57c</value>
         <object_component_ref idref="oc-bb"/>
      </symbol>
      <symbol id="sm-429">
         <name>I_LSR_2</name>
         <value>0xd580</value>
         <object_component_ref idref="oc-bb"/>
      </symbol>
      <symbol id="sm-42a">
         <name>I_LSR_1</name>
         <value>0xd584</value>
         <object_component_ref idref="oc-bb"/>
      </symbol>
      <symbol id="sm-42b">
         <name>I_LSR_7</name>
         <value>0xd56c</value>
         <object_component_ref idref="oc-bb"/>
      </symbol>
      <symbol id="sm-42c">
         <name>I_LSR_6</name>
         <value>0xd570</value>
         <object_component_ref idref="oc-bb"/>
      </symbol>
      <symbol id="sm-42d">
         <name>I_LSR_5</name>
         <value>0xd574</value>
         <object_component_ref idref="oc-bb"/>
      </symbol>
      <symbol id="sm-42e">
         <name>I_LSR_4</name>
         <value>0xd578</value>
         <object_component_ref idref="oc-bb"/>
      </symbol>
      <symbol id="sm-42f">
         <name>I_LSR_9</name>
         <value>0xd564</value>
         <object_component_ref idref="oc-bb"/>
      </symbol>
      <symbol id="sm-430">
         <name>I_LSR_8</name>
         <value>0xd568</value>
         <object_component_ref idref="oc-bb"/>
      </symbol>
      <symbol id="sm-43e">
         <name>memcpy</name>
         <value>0xdb02</value>
         <object_component_ref idref="oc-fa"/>
      </symbol>
      <symbol id="sm-471">
         <name>__mpyi_hw</name>
         <value>0xdadc</value>
         <object_component_ref idref="oc-118"/>
      </symbol>
      <symbol id="sm-4a0">
         <name>__mpyl_hw</name>
         <value>0xd89a</value>
         <object_component_ref idref="oc-14d"/>
      </symbol>
      <symbol id="sm-4bb">
         <name>_system_pre_init</name>
         <value>0xdb68</value>
         <object_component_ref idref="oc-102"/>
      </symbol>
      <symbol id="sm-4e1">
         <name>_auto_init</name>
         <value>0xd5d6</value>
         <object_component_ref idref="oc-103"/>
      </symbol>
   </symbol_table>
   <title>Link successful</title>
</link_info>
